docs	Set up job	ï»¿2026-02-16T11:04:51.0106124Z Current runner version: '2.331.0'
docs	Set up job	2026-02-16T11:04:51.0133479Z ##[group]Runner Image Provisioner
docs	Set up job	2026-02-16T11:04:51.0134329Z Hosted Compute Agent
docs	Set up job	2026-02-16T11:04:51.0134917Z Version: 20260123.484
docs	Set up job	2026-02-16T11:04:51.0135543Z Commit: 6bd6555ca37d84114959e1c76d2c01448ff61c5d
docs	Set up job	2026-02-16T11:04:51.0136252Z Build Date: 2026-01-23T19:41:17Z
docs	Set up job	2026-02-16T11:04:51.0136924Z Worker ID: {533a2be4-0c1f-4f60-9322-ea3ed721a5e2}
docs	Set up job	2026-02-16T11:04:51.0137707Z Azure Region: northcentralus
docs	Set up job	2026-02-16T11:04:51.0138348Z ##[endgroup]
docs	Set up job	2026-02-16T11:04:51.0140560Z ##[group]Operating System
docs	Set up job	2026-02-16T11:04:51.0141176Z Ubuntu
docs	Set up job	2026-02-16T11:04:51.0141659Z 24.04.3
docs	Set up job	2026-02-16T11:04:51.0142061Z LTS
docs	Set up job	2026-02-16T11:04:51.0142631Z ##[endgroup]
docs	Set up job	2026-02-16T11:04:51.0143226Z ##[group]Runner Image
docs	Set up job	2026-02-16T11:04:51.0143832Z Image: ubuntu-24.04
docs	Set up job	2026-02-16T11:04:51.0144370Z Version: 20260209.23.1
docs	Set up job	2026-02-16T11:04:51.0145376Z Included Software: https://github.com/actions/runner-images/blob/ubuntu24/20260209.23/images/ubuntu/Ubuntu2404-Readme.md
docs	Set up job	2026-02-16T11:04:51.0147260Z Image Release: https://github.com/actions/runner-images/releases/tag/ubuntu24%2F20260209.23
docs	Set up job	2026-02-16T11:04:51.0148169Z ##[endgroup]
docs	Set up job	2026-02-16T11:04:51.0149609Z ##[group]GITHUB_TOKEN Permissions
docs	Set up job	2026-02-16T11:04:51.0151851Z Contents: read
docs	Set up job	2026-02-16T11:04:51.0152551Z Metadata: read
docs	Set up job	2026-02-16T11:04:51.0153122Z Packages: read
docs	Set up job	2026-02-16T11:04:51.0153587Z ##[endgroup]
docs	Set up job	2026-02-16T11:04:51.0155729Z Secret source: Actions
docs	Set up job	2026-02-16T11:04:51.0156439Z Prepare workflow directory
docs	Set up job	2026-02-16T11:04:51.0541403Z Prepare all required actions
docs	Set up job	2026-02-16T11:04:51.0597975Z Getting action download info
docs	Set up job	2026-02-16T11:04:51.4532432Z Download action repository 'actions/checkout@v3' (SHA:f43a0e5ff2bd294095638e18286ca9a3d1956744)
docs	Set up job	2026-02-16T11:04:51.5960839Z Download action repository 'oven-sh/setup-bun@v2' (SHA:3d267786b128fe76c2f16a390aa2448b815359f3)
docs	Set up job	2026-02-16T11:04:51.9503417Z Download action repository 'actions/cache@v4' (SHA:0057852bfaa89a56745cba8c7296529d2fc39830)
docs	Set up job	2026-02-16T11:04:52.1605290Z Complete job name: docs
docs	Run actions/checkout@v3	ï»¿2026-02-16T11:04:52.2338007Z ##[group]Run actions/checkout@v3
docs	Run actions/checkout@v3	2026-02-16T11:04:52.2338941Z with:
docs	Run actions/checkout@v3	2026-02-16T11:04:52.2339574Z   repository: Illusion47586/isol8
docs	Run actions/checkout@v3	2026-02-16T11:04:52.2340297Z   token: ***
docs	Run actions/checkout@v3	2026-02-16T11:04:52.2340697Z   ssh-strict: true
docs	Run actions/checkout@v3	2026-02-16T11:04:52.2341128Z   persist-credentials: true
docs	Run actions/checkout@v3	2026-02-16T11:04:52.2341594Z   clean: true
docs	Run actions/checkout@v3	2026-02-16T11:04:52.2342006Z   sparse-checkout-cone-mode: true
docs	Run actions/checkout@v3	2026-02-16T11:04:52.2342555Z   fetch-depth: 1
docs	Run actions/checkout@v3	2026-02-16T11:04:52.2342962Z   fetch-tags: false
docs	Run actions/checkout@v3	2026-02-16T11:04:52.2343370Z   lfs: false
docs	Run actions/checkout@v3	2026-02-16T11:04:52.2343770Z   submodules: false
docs	Run actions/checkout@v3	2026-02-16T11:04:52.2344197Z   set-safe-directory: true
docs	Run actions/checkout@v3	2026-02-16T11:04:52.2344925Z ##[endgroup]
docs	Run actions/checkout@v3	2026-02-16T11:04:52.3265687Z Syncing repository: Illusion47586/isol8
docs	Run actions/checkout@v3	2026-02-16T11:04:52.3268731Z ##[group]Getting Git version info
docs	Run actions/checkout@v3	2026-02-16T11:04:52.3270333Z Working directory is '/home/runner/work/isol8/isol8'
docs	Run actions/checkout@v3	2026-02-16T11:04:52.3272208Z [command]/usr/bin/git version
docs	Run actions/checkout@v3	2026-02-16T11:04:52.3273175Z git version 2.52.0
docs	Run actions/checkout@v3	2026-02-16T11:04:52.3292280Z ##[endgroup]
docs	Run actions/checkout@v3	2026-02-16T11:04:52.3308667Z Temporarily overriding HOME='/home/runner/work/_temp/4f081c57-d0e0-44b8-859a-1632fb65c1a9' before making global git config changes
docs	Run actions/checkout@v3	2026-02-16T11:04:52.3311641Z Adding repository directory to the temporary git global config as a safe directory
docs	Run actions/checkout@v3	2026-02-16T11:04:52.3313832Z [command]/usr/bin/git config --global --add safe.directory /home/runner/work/isol8/isol8
docs	Run actions/checkout@v3	2026-02-16T11:04:52.3353532Z Deleting the contents of '/home/runner/work/isol8/isol8'
docs	Run actions/checkout@v3	2026-02-16T11:04:52.3358081Z ##[group]Initializing the repository
docs	Run actions/checkout@v3	2026-02-16T11:04:52.3362337Z [command]/usr/bin/git init /home/runner/work/isol8/isol8
docs	Run actions/checkout@v3	2026-02-16T11:04:52.3477232Z hint: Using 'master' as the name for the initial branch. This default branch name
docs	Run actions/checkout@v3	2026-02-16T11:04:52.3479531Z hint: will change to "main" in Git 3.0. To configure the initial branch name
docs	Run actions/checkout@v3	2026-02-16T11:04:52.3481370Z hint: to use in all of your new repositories, which will suppress this warning,
docs	Run actions/checkout@v3	2026-02-16T11:04:52.3483230Z hint: call:
docs	Run actions/checkout@v3	2026-02-16T11:04:52.3483921Z hint:
docs	Run actions/checkout@v3	2026-02-16T11:04:52.3484872Z hint: 	git config --global init.defaultBranch <name>
docs	Run actions/checkout@v3	2026-02-16T11:04:52.3485812Z hint:
docs	Run actions/checkout@v3	2026-02-16T11:04:52.3486400Z hint: Names commonly chosen instead of 'master' are 'main', 'trunk' and
docs	Run actions/checkout@v3	2026-02-16T11:04:52.3487351Z hint: 'development'. The just-created branch can be renamed via this command:
docs	Run actions/checkout@v3	2026-02-16T11:04:52.3488107Z hint:
docs	Run actions/checkout@v3	2026-02-16T11:04:52.3488506Z hint: 	git branch -m <name>
docs	Run actions/checkout@v3	2026-02-16T11:04:52.3488977Z hint:
docs	Run actions/checkout@v3	2026-02-16T11:04:52.3490081Z hint: Disable this message with "git config set advice.defaultBranchName false"
docs	Run actions/checkout@v3	2026-02-16T11:04:52.3491225Z Initialized empty Git repository in /home/runner/work/isol8/isol8/.git/
docs	Run actions/checkout@v3	2026-02-16T11:04:52.3494086Z [command]/usr/bin/git remote add origin https://github.com/Illusion47586/isol8
docs	Run actions/checkout@v3	2026-02-16T11:04:52.3529804Z ##[endgroup]
docs	Run actions/checkout@v3	2026-02-16T11:04:52.3530631Z ##[group]Disabling automatic garbage collection
docs	Run actions/checkout@v3	2026-02-16T11:04:52.3532571Z [command]/usr/bin/git config --local gc.auto 0
docs	Run actions/checkout@v3	2026-02-16T11:04:52.3560162Z ##[endgroup]
docs	Run actions/checkout@v3	2026-02-16T11:04:52.3560924Z ##[group]Setting up auth
docs	Run actions/checkout@v3	2026-02-16T11:04:52.3565514Z [command]/usr/bin/git config --local --name-only --get-regexp core\.sshCommand
docs	Run actions/checkout@v3	2026-02-16T11:04:52.3593477Z [command]/usr/bin/git submodule foreach --recursive sh -c "git config --local --name-only --get-regexp 'core\.sshCommand' && git config --local --unset-all 'core.sshCommand' || :"
docs	Run actions/checkout@v3	2026-02-16T11:04:52.3959564Z [command]/usr/bin/git config --local --name-only --get-regexp http\.https\:\/\/github\.com\/\.extraheader
docs	Run actions/checkout@v3	2026-02-16T11:04:52.3988542Z [command]/usr/bin/git submodule foreach --recursive sh -c "git config --local --name-only --get-regexp 'http\.https\:\/\/github\.com\/\.extraheader' && git config --local --unset-all 'http.https://github.com/.extraheader' || :"
docs	Run actions/checkout@v3	2026-02-16T11:04:52.4221909Z [command]/usr/bin/git config --local http.https://github.com/.extraheader AUTHORIZATION: basic ***
docs	Run actions/checkout@v3	2026-02-16T11:04:52.4257405Z ##[endgroup]
docs	Run actions/checkout@v3	2026-02-16T11:04:52.4258238Z ##[group]Fetching the repository
docs	Run actions/checkout@v3	2026-02-16T11:04:52.4268145Z [command]/usr/bin/git -c protocol.version=2 fetch --no-tags --prune --progress --no-recurse-submodules --depth=1 origin +45e07104cf5b83835a0e3be0feb443beb37831e6:refs/remotes/pull/20/merge
docs	Run actions/checkout@v3	2026-02-16T11:04:52.6338635Z remote: Enumerating objects: 129, done.        
docs	Run actions/checkout@v3	2026-02-16T11:04:52.6340951Z remote: Counting objects:   0% (1/129)        
docs	Run actions/checkout@v3	2026-02-16T11:04:52.6342317Z remote: Counting objects:   1% (2/129)        
docs	Run actions/checkout@v3	2026-02-16T11:04:52.6343648Z remote: Counting objects:   2% (3/129)        
docs	Run actions/checkout@v3	2026-02-16T11:04:52.6344640Z remote: Counting objects:   3% (4/129)        
docs	Run actions/checkout@v3	2026-02-16T11:04:52.6345290Z remote: Counting objects:   4% (6/129)        
docs	Run actions/checkout@v3	2026-02-16T11:04:52.6345917Z remote: Counting objects:   5% (7/129)        
docs	Run actions/checkout@v3	2026-02-16T11:04:52.6346539Z remote: Counting objects:   6% (8/129)        
docs	Run actions/checkout@v3	2026-02-16T11:04:52.6347171Z remote: Counting objects:   7% (10/129)        
docs	Run actions/checkout@v3	2026-02-16T11:04:52.6347800Z remote: Counting objects:   8% (11/129)        
docs	Run actions/checkout@v3	2026-02-16T11:04:52.6348481Z remote: Counting objects:   9% (12/129)        
docs	Run actions/checkout@v3	2026-02-16T11:04:52.6349118Z remote: Counting objects:  10% (13/129)        
docs	Run actions/checkout@v3	2026-02-16T11:04:52.6350099Z remote: Counting objects:  11% (15/129)        
docs	Run actions/checkout@v3	2026-02-16T11:04:52.6350742Z remote: Counting objects:  12% (16/129)        
docs	Run actions/checkout@v3	2026-02-16T11:04:52.6351357Z remote: Counting objects:  13% (17/129)        
docs	Run actions/checkout@v3	2026-02-16T11:04:52.6351987Z remote: Counting objects:  14% (19/129)        
docs	Run actions/checkout@v3	2026-02-16T11:04:52.6352608Z remote: Counting objects:  15% (20/129)        
docs	Run actions/checkout@v3	2026-02-16T11:04:52.6353227Z remote: Counting objects:  16% (21/129)        
docs	Run actions/checkout@v3	2026-02-16T11:04:52.6353852Z remote: Counting objects:  17% (22/129)        
docs	Run actions/checkout@v3	2026-02-16T11:04:52.6354464Z remote: Counting objects:  18% (24/129)        
docs	Run actions/checkout@v3	2026-02-16T11:04:52.6355073Z remote: Counting objects:  19% (25/129)        
docs	Run actions/checkout@v3	2026-02-16T11:04:52.6355683Z remote: Counting objects:  20% (26/129)        
docs	Run actions/checkout@v3	2026-02-16T11:04:52.6356297Z remote: Counting objects:  21% (28/129)        
docs	Run actions/checkout@v3	2026-02-16T11:04:52.6356885Z remote: Counting objects:  22% (29/129)        
docs	Run actions/checkout@v3	2026-02-16T11:04:52.6357891Z remote: Counting objects:  23% (30/129)        
docs	Run actions/checkout@v3	2026-02-16T11:04:52.6358478Z remote: Counting objects:  24% (31/129)        
docs	Run actions/checkout@v3	2026-02-16T11:04:52.6359064Z remote: Counting objects:  25% (33/129)        
docs	Run actions/checkout@v3	2026-02-16T11:04:52.6360057Z remote: Counting objects:  26% (34/129)        
docs	Run actions/checkout@v3	2026-02-16T11:04:52.6360660Z remote: Counting objects:  27% (35/129)        
docs	Run actions/checkout@v3	2026-02-16T11:04:52.6361250Z remote: Counting objects:  28% (37/129)        
docs	Run actions/checkout@v3	2026-02-16T11:04:52.6361834Z remote: Counting objects:  29% (38/129)        
docs	Run actions/checkout@v3	2026-02-16T11:04:52.6362421Z remote: Counting objects:  30% (39/129)        
docs	Run actions/checkout@v3	2026-02-16T11:04:52.6363014Z remote: Counting objects:  31% (40/129)        
docs	Run actions/checkout@v3	2026-02-16T11:04:52.6363701Z remote: Counting objects:  32% (42/129)        
docs	Run actions/checkout@v3	2026-02-16T11:04:52.6364466Z remote: Counting objects:  33% (43/129)        
docs	Run actions/checkout@v3	2026-02-16T11:04:52.6365467Z remote: Counting objects:  34% (44/129)        
docs	Run actions/checkout@v3	2026-02-16T11:04:52.6366566Z remote: Counting objects:  35% (46/129)        
docs	Run actions/checkout@v3	2026-02-16T11:04:52.6367657Z remote: Counting objects:  36% (47/129)        
docs	Run actions/checkout@v3	2026-02-16T11:04:52.6368759Z remote: Counting objects:  37% (48/129)        
docs	Run actions/checkout@v3	2026-02-16T11:04:52.6369993Z remote: Counting objects:  38% (50/129)        
docs	Run actions/checkout@v3	2026-02-16T11:04:52.6371054Z remote: Counting objects:  39% (51/129)        
docs	Run actions/checkout@v3	2026-02-16T11:04:52.6372103Z remote: Counting objects:  40% (52/129)        
docs	Run actions/checkout@v3	2026-02-16T11:04:52.6372716Z remote: Counting objects:  41% (53/129)        
docs	Run actions/checkout@v3	2026-02-16T11:04:52.6373359Z remote: Counting objects:  42% (55/129)        
docs	Run actions/checkout@v3	2026-02-16T11:04:52.6373951Z remote: Counting objects:  43% (56/129)        
docs	Run actions/checkout@v3	2026-02-16T11:04:52.6374587Z remote: Counting objects:  44% (57/129)        
docs	Run actions/checkout@v3	2026-02-16T11:04:52.6375193Z remote: Counting objects:  45% (59/129)        
docs	Run actions/checkout@v3	2026-02-16T11:04:52.6375966Z remote: Counting objects:  46% (60/129)        
docs	Run actions/checkout@v3	2026-02-16T11:04:52.6376579Z remote: Counting objects:  47% (61/129)        
docs	Run actions/checkout@v3	2026-02-16T11:04:52.6377172Z remote: Counting objects:  48% (62/129)        
docs	Run actions/checkout@v3	2026-02-16T11:04:52.6378327Z remote: Counting objects:  49% (64/129)        
docs	Run actions/checkout@v3	2026-02-16T11:04:52.6379604Z remote: Counting objects:  50% (65/129)        
docs	Run actions/checkout@v3	2026-02-16T11:04:52.6380248Z remote: Counting objects:  51% (66/129)        
docs	Run actions/checkout@v3	2026-02-16T11:04:52.6381021Z remote: Counting objects:  52% (68/129)        
docs	Run actions/checkout@v3	2026-02-16T11:04:52.6381631Z remote: Counting objects:  53% (69/129)        
docs	Run actions/checkout@v3	2026-02-16T11:04:52.6382399Z remote: Counting objects:  54% (70/129)        
docs	Run actions/checkout@v3	2026-02-16T11:04:52.6383484Z remote: Counting objects:  55% (71/129)        
docs	Run actions/checkout@v3	2026-02-16T11:04:52.6384180Z remote: Counting objects:  56% (73/129)        
docs	Run actions/checkout@v3	2026-02-16T11:04:52.6384790Z remote: Counting objects:  57% (74/129)        
docs	Run actions/checkout@v3	2026-02-16T11:04:52.6385410Z remote: Counting objects:  58% (75/129)        
docs	Run actions/checkout@v3	2026-02-16T11:04:52.6385997Z remote: Counting objects:  59% (77/129)        
docs	Run actions/checkout@v3	2026-02-16T11:04:52.6386591Z remote: Counting objects:  60% (78/129)        
docs	Run actions/checkout@v3	2026-02-16T11:04:52.6387169Z remote: Counting objects:  61% (79/129)        
docs	Run actions/checkout@v3	2026-02-16T11:04:52.6387761Z remote: Counting objects:  62% (80/129)        
docs	Run actions/checkout@v3	2026-02-16T11:04:52.6388377Z remote: Counting objects:  63% (82/129)        
docs	Run actions/checkout@v3	2026-02-16T11:04:52.6388979Z remote: Counting objects:  64% (83/129)        
docs	Run actions/checkout@v3	2026-02-16T11:04:52.6389793Z remote: Counting objects:  65% (84/129)        
docs	Run actions/checkout@v3	2026-02-16T11:04:52.6390402Z remote: Counting objects:  66% (86/129)        
docs	Run actions/checkout@v3	2026-02-16T11:04:52.6391012Z remote: Counting objects:  67% (87/129)        
docs	Run actions/checkout@v3	2026-02-16T11:04:52.6391627Z remote: Counting objects:  68% (88/129)        
docs	Run actions/checkout@v3	2026-02-16T11:04:52.6392218Z remote: Counting objects:  69% (90/129)        
docs	Run actions/checkout@v3	2026-02-16T11:04:52.6392814Z remote: Counting objects:  70% (91/129)        
docs	Run actions/checkout@v3	2026-02-16T11:04:52.6393398Z remote: Counting objects:  71% (92/129)        
docs	Run actions/checkout@v3	2026-02-16T11:04:52.6393989Z remote: Counting objects:  72% (93/129)        
docs	Run actions/checkout@v3	2026-02-16T11:04:52.6394580Z remote: Counting objects:  73% (95/129)        
docs	Run actions/checkout@v3	2026-02-16T11:04:52.6395165Z remote: Counting objects:  74% (96/129)        
docs	Run actions/checkout@v3	2026-02-16T11:04:52.6395756Z remote: Counting objects:  75% (97/129)        
docs	Run actions/checkout@v3	2026-02-16T11:04:52.6396548Z remote: Counting objects:  76% (99/129)        
docs	Run actions/checkout@v3	2026-02-16T11:04:52.6397147Z remote: Counting objects:  77% (100/129)        
docs	Run actions/checkout@v3	2026-02-16T11:04:52.6397750Z remote: Counting objects:  78% (101/129)        
docs	Run actions/checkout@v3	2026-02-16T11:04:52.6398352Z remote: Counting objects:  79% (102/129)        
docs	Run actions/checkout@v3	2026-02-16T11:04:52.6398936Z remote: Counting objects:  80% (104/129)        
docs	Run actions/checkout@v3	2026-02-16T11:04:52.6399826Z remote: Counting objects:  81% (105/129)        
docs	Run actions/checkout@v3	2026-02-16T11:04:52.6400526Z remote: Counting objects:  82% (106/129)        
docs	Run actions/checkout@v3	2026-02-16T11:04:52.6401133Z remote: Counting objects:  83% (108/129)        
docs	Run actions/checkout@v3	2026-02-16T11:04:52.6401738Z remote: Counting objects:  84% (109/129)        
docs	Run actions/checkout@v3	2026-02-16T11:04:52.6402334Z remote: Counting objects:  85% (110/129)        
docs	Run actions/checkout@v3	2026-02-16T11:04:52.6402941Z remote: Counting objects:  86% (111/129)        
docs	Run actions/checkout@v3	2026-02-16T11:04:52.6403535Z remote: Counting objects:  87% (113/129)        
docs	Run actions/checkout@v3	2026-02-16T11:04:52.6404139Z remote: Counting objects:  88% (114/129)        
docs	Run actions/checkout@v3	2026-02-16T11:04:52.6404742Z remote: Counting objects:  89% (115/129)        
docs	Run actions/checkout@v3	2026-02-16T11:04:52.6405340Z remote: Counting objects:  90% (117/129)        
docs	Run actions/checkout@v3	2026-02-16T11:04:52.6405952Z remote: Counting objects:  91% (118/129)        
docs	Run actions/checkout@v3	2026-02-16T11:04:52.6406554Z remote: Counting objects:  92% (119/129)        
docs	Run actions/checkout@v3	2026-02-16T11:04:52.6407164Z remote: Counting objects:  93% (120/129)        
docs	Run actions/checkout@v3	2026-02-16T11:04:52.6407754Z remote: Counting objects:  94% (122/129)        
docs	Run actions/checkout@v3	2026-02-16T11:04:52.6408355Z remote: Counting objects:  95% (123/129)        
docs	Run actions/checkout@v3	2026-02-16T11:04:52.6408945Z remote: Counting objects:  96% (124/129)        
docs	Run actions/checkout@v3	2026-02-16T11:04:52.6409784Z remote: Counting objects:  97% (126/129)        
docs	Run actions/checkout@v3	2026-02-16T11:04:52.6410399Z remote: Counting objects:  98% (127/129)        
docs	Run actions/checkout@v3	2026-02-16T11:04:52.6410999Z remote: Counting objects:  99% (128/129)        
docs	Run actions/checkout@v3	2026-02-16T11:04:52.6411658Z remote: Counting objects: 100% (129/129)        
docs	Run actions/checkout@v3	2026-02-16T11:04:52.6412304Z remote: Counting objects: 100% (129/129), done.        
docs	Run actions/checkout@v3	2026-02-16T11:04:52.6412964Z remote: Compressing objects:   0% (1/122)        
docs	Run actions/checkout@v3	2026-02-16T11:04:52.6413767Z remote: Compressing objects:   1% (2/122)        
docs	Run actions/checkout@v3	2026-02-16T11:04:52.6414423Z remote: Compressing objects:   2% (3/122)        
docs	Run actions/checkout@v3	2026-02-16T11:04:52.6415058Z remote: Compressing objects:   3% (4/122)        
docs	Run actions/checkout@v3	2026-02-16T11:04:52.6415663Z remote: Compressing objects:   4% (5/122)        
docs	Run actions/checkout@v3	2026-02-16T11:04:52.6416285Z remote: Compressing objects:   5% (7/122)        
docs	Run actions/checkout@v3	2026-02-16T11:04:52.6416905Z remote: Compressing objects:   6% (8/122)        
docs	Run actions/checkout@v3	2026-02-16T11:04:52.6417548Z remote: Compressing objects:   7% (9/122)        
docs	Run actions/checkout@v3	2026-02-16T11:04:52.6418192Z remote: Compressing objects:   8% (10/122)        
docs	Run actions/checkout@v3	2026-02-16T11:04:52.6418837Z remote: Compressing objects:   9% (11/122)        
docs	Run actions/checkout@v3	2026-02-16T11:04:52.6419603Z remote: Compressing objects:  10% (13/122)        
docs	Run actions/checkout@v3	2026-02-16T11:04:52.6420233Z remote: Compressing objects:  11% (14/122)        
docs	Run actions/checkout@v3	2026-02-16T11:04:52.6420872Z remote: Compressing objects:  12% (15/122)        
docs	Run actions/checkout@v3	2026-02-16T11:04:52.6421503Z remote: Compressing objects:  13% (16/122)        
docs	Run actions/checkout@v3	2026-02-16T11:04:52.6422138Z remote: Compressing objects:  14% (18/122)        
docs	Run actions/checkout@v3	2026-02-16T11:04:52.6490561Z remote: Compressing objects:  15% (19/122)        
docs	Run actions/checkout@v3	2026-02-16T11:04:52.6492721Z remote: Compressing objects:  16% (20/122)        
docs	Run actions/checkout@v3	2026-02-16T11:04:52.6494397Z remote: Compressing objects:  17% (21/122)        
docs	Run actions/checkout@v3	2026-02-16T11:04:52.6495562Z remote: Compressing objects:  18% (22/122)        
docs	Run actions/checkout@v3	2026-02-16T11:04:52.6496466Z remote: Compressing objects:  19% (24/122)        
docs	Run actions/checkout@v3	2026-02-16T11:04:52.6497107Z remote: Compressing objects:  20% (25/122)        
docs	Run actions/checkout@v3	2026-02-16T11:04:52.6497905Z remote: Compressing objects:  21% (26/122)        
docs	Run actions/checkout@v3	2026-02-16T11:04:52.6499129Z remote: Compressing objects:  22% (27/122)        
docs	Run actions/checkout@v3	2026-02-16T11:04:52.6500517Z remote: Compressing objects:  23% (29/122)        
docs	Run actions/checkout@v3	2026-02-16T11:04:52.6501609Z remote: Compressing objects:  24% (30/122)        
docs	Run actions/checkout@v3	2026-02-16T11:04:52.6502672Z remote: Compressing objects:  25% (31/122)        
docs	Run actions/checkout@v3	2026-02-16T11:04:52.6504422Z remote: Compressing objects:  26% (32/122)        
docs	Run actions/checkout@v3	2026-02-16T11:04:52.6505737Z remote: Compressing objects:  27% (33/122)        
docs	Run actions/checkout@v3	2026-02-16T11:04:52.6507155Z remote: Compressing objects:  28% (35/122)        
docs	Run actions/checkout@v3	2026-02-16T11:04:52.6508321Z remote: Compressing objects:  29% (36/122)        
docs	Run actions/checkout@v3	2026-02-16T11:04:52.6509557Z remote: Compressing objects:  30% (37/122)        
docs	Run actions/checkout@v3	2026-02-16T11:04:52.6510335Z remote: Compressing objects:  31% (38/122)        
docs	Run actions/checkout@v3	2026-02-16T11:04:52.6510959Z remote: Compressing objects:  32% (40/122)        
docs	Run actions/checkout@v3	2026-02-16T11:04:52.6511600Z remote: Compressing objects:  33% (41/122)        
docs	Run actions/checkout@v3	2026-02-16T11:04:52.6512208Z remote: Compressing objects:  34% (42/122)        
docs	Run actions/checkout@v3	2026-02-16T11:04:52.6512821Z remote: Compressing objects:  35% (43/122)        
docs	Run actions/checkout@v3	2026-02-16T11:04:52.6513443Z remote: Compressing objects:  36% (44/122)        
docs	Run actions/checkout@v3	2026-02-16T11:04:52.6514064Z remote: Compressing objects:  37% (46/122)        
docs	Run actions/checkout@v3	2026-02-16T11:04:52.6514701Z remote: Compressing objects:  38% (47/122)        
docs	Run actions/checkout@v3	2026-02-16T11:04:52.6515336Z remote: Compressing objects:  39% (48/122)        
docs	Run actions/checkout@v3	2026-02-16T11:04:52.6515952Z remote: Compressing objects:  40% (49/122)        
docs	Run actions/checkout@v3	2026-02-16T11:04:52.6516563Z remote: Compressing objects:  41% (51/122)        
docs	Run actions/checkout@v3	2026-02-16T11:04:52.6517177Z remote: Compressing objects:  42% (52/122)        
docs	Run actions/checkout@v3	2026-02-16T11:04:52.6517785Z remote: Compressing objects:  43% (53/122)        
docs	Run actions/checkout@v3	2026-02-16T11:04:52.6518398Z remote: Compressing objects:  44% (54/122)        
docs	Run actions/checkout@v3	2026-02-16T11:04:52.6519019Z remote: Compressing objects:  45% (55/122)        
docs	Run actions/checkout@v3	2026-02-16T11:04:52.6519896Z remote: Compressing objects:  46% (57/122)        
docs	Run actions/checkout@v3	2026-02-16T11:04:52.6520544Z remote: Compressing objects:  47% (58/122)        
docs	Run actions/checkout@v3	2026-02-16T11:04:52.6521170Z remote: Compressing objects:  48% (59/122)        
docs	Run actions/checkout@v3	2026-02-16T11:04:52.6522581Z remote: Compressing objects:  49% (60/122)        
docs	Run actions/checkout@v3	2026-02-16T11:04:52.6523557Z remote: Compressing objects:  50% (61/122)        
docs	Run actions/checkout@v3	2026-02-16T11:04:52.6524593Z remote: Compressing objects:  51% (63/122)        
docs	Run actions/checkout@v3	2026-02-16T11:04:52.6525456Z remote: Compressing objects:  52% (64/122)        
docs	Run actions/checkout@v3	2026-02-16T11:04:52.6526084Z remote: Compressing objects:  53% (65/122)        
docs	Run actions/checkout@v3	2026-02-16T11:04:52.6526706Z remote: Compressing objects:  54% (66/122)        
docs	Run actions/checkout@v3	2026-02-16T11:04:52.6527365Z remote: Compressing objects:  55% (68/122)        
docs	Run actions/checkout@v3	2026-02-16T11:04:52.6527984Z remote: Compressing objects:  56% (69/122)        
docs	Run actions/checkout@v3	2026-02-16T11:04:52.6528611Z remote: Compressing objects:  57% (70/122)        
docs	Run actions/checkout@v3	2026-02-16T11:04:52.6529402Z remote: Compressing objects:  58% (71/122)        
docs	Run actions/checkout@v3	2026-02-16T11:04:52.6530035Z remote: Compressing objects:  59% (72/122)        
docs	Run actions/checkout@v3	2026-02-16T11:04:52.6530661Z remote: Compressing objects:  60% (74/122)        
docs	Run actions/checkout@v3	2026-02-16T11:04:52.6531282Z remote: Compressing objects:  61% (75/122)        
docs	Run actions/checkout@v3	2026-02-16T11:04:52.6531903Z remote: Compressing objects:  62% (76/122)        
docs	Run actions/checkout@v3	2026-02-16T11:04:52.6532525Z remote: Compressing objects:  63% (77/122)        
docs	Run actions/checkout@v3	2026-02-16T11:04:52.6533149Z remote: Compressing objects:  64% (79/122)        
docs	Run actions/checkout@v3	2026-02-16T11:04:52.6533775Z remote: Compressing objects:  65% (80/122)        
docs	Run actions/checkout@v3	2026-02-16T11:04:52.6534396Z remote: Compressing objects:  66% (81/122)        
docs	Run actions/checkout@v3	2026-02-16T11:04:52.6535015Z remote: Compressing objects:  67% (82/122)        
docs	Run actions/checkout@v3	2026-02-16T11:04:52.6535630Z remote: Compressing objects:  68% (83/122)        
docs	Run actions/checkout@v3	2026-02-16T11:04:52.6536241Z remote: Compressing objects:  69% (85/122)        
docs	Run actions/checkout@v3	2026-02-16T11:04:52.6536854Z remote: Compressing objects:  70% (86/122)        
docs	Run actions/checkout@v3	2026-02-16T11:04:52.6537460Z remote: Compressing objects:  71% (87/122)        
docs	Run actions/checkout@v3	2026-02-16T11:04:52.6538118Z remote: Compressing objects:  72% (88/122)        
docs	Run actions/checkout@v3	2026-02-16T11:04:52.6538723Z remote: Compressing objects:  73% (90/122)        
docs	Run actions/checkout@v3	2026-02-16T11:04:52.6539435Z remote: Compressing objects:  74% (91/122)        
docs	Run actions/checkout@v3	2026-02-16T11:04:52.6551820Z remote: Compressing objects:  75% (92/122)        
docs	Run actions/checkout@v3	2026-02-16T11:04:52.6553163Z remote: Compressing objects:  76% (93/122)        
docs	Run actions/checkout@v3	2026-02-16T11:04:52.6554521Z remote: Compressing objects:  77% (94/122)        
docs	Run actions/checkout@v3	2026-02-16T11:04:52.6558809Z remote: Compressing objects:  78% (96/122)        
docs	Run actions/checkout@v3	2026-02-16T11:04:52.6560120Z remote: Compressing objects:  79% (97/122)        
docs	Run actions/checkout@v3	2026-02-16T11:04:52.6560765Z remote: Compressing objects:  80% (98/122)        
docs	Run actions/checkout@v3	2026-02-16T11:04:52.6643796Z remote: Compressing objects:  81% (99/122)        
docs	Run actions/checkout@v3	2026-02-16T11:04:52.6645107Z remote: Compressing objects:  82% (101/122)        
docs	Run actions/checkout@v3	2026-02-16T11:04:52.6646830Z remote: Compressing objects:  83% (102/122)        
docs	Run actions/checkout@v3	2026-02-16T11:04:52.6647971Z remote: Compressing objects:  84% (103/122)        
docs	Run actions/checkout@v3	2026-02-16T11:04:52.6648928Z remote: Compressing objects:  85% (104/122)        
docs	Run actions/checkout@v3	2026-02-16T11:04:52.6649885Z remote: Compressing objects:  86% (105/122)        
docs	Run actions/checkout@v3	2026-02-16T11:04:52.6650600Z remote: Compressing objects:  87% (107/122)        
docs	Run actions/checkout@v3	2026-02-16T11:04:52.6651238Z remote: Compressing objects:  88% (108/122)        
docs	Run actions/checkout@v3	2026-02-16T11:04:52.6652198Z remote: Compressing objects:  89% (109/122)        
docs	Run actions/checkout@v3	2026-02-16T11:04:52.6653154Z remote: Compressing objects:  90% (110/122)        
docs	Run actions/checkout@v3	2026-02-16T11:04:52.6654079Z remote: Compressing objects:  91% (112/122)        
docs	Run actions/checkout@v3	2026-02-16T11:04:52.6654745Z remote: Compressing objects:  92% (113/122)        
docs	Run actions/checkout@v3	2026-02-16T11:04:52.6655768Z remote: Compressing objects:  93% (114/122)        
docs	Run actions/checkout@v3	2026-02-16T11:04:52.6656447Z remote: Compressing objects:  94% (115/122)        
docs	Run actions/checkout@v3	2026-02-16T11:04:52.6657080Z remote: Compressing objects:  95% (116/122)        
docs	Run actions/checkout@v3	2026-02-16T11:04:52.6657701Z remote: Compressing objects:  96% (118/122)        
docs	Run actions/checkout@v3	2026-02-16T11:04:52.6658329Z remote: Compressing objects:  97% (119/122)        
docs	Run actions/checkout@v3	2026-02-16T11:04:52.6658973Z remote: Compressing objects:  98% (120/122)        
docs	Run actions/checkout@v3	2026-02-16T11:04:52.6659853Z remote: Compressing objects:  99% (121/122)        
docs	Run actions/checkout@v3	2026-02-16T11:04:52.6660507Z remote: Compressing objects: 100% (122/122)        
docs	Run actions/checkout@v3	2026-02-16T11:04:52.6661181Z remote: Compressing objects: 100% (122/122), done.        
docs	Run actions/checkout@v3	2026-02-16T11:04:52.6679752Z Receiving objects:   0% (1/129)
docs	Run actions/checkout@v3	2026-02-16T11:04:52.6681097Z Receiving objects:   1% (2/129)
docs	Run actions/checkout@v3	2026-02-16T11:04:52.6682156Z Receiving objects:   2% (3/129)
docs	Run actions/checkout@v3	2026-02-16T11:04:52.6683659Z Receiving objects:   3% (4/129)
docs	Run actions/checkout@v3	2026-02-16T11:04:52.6685330Z Receiving objects:   4% (6/129)
docs	Run actions/checkout@v3	2026-02-16T11:04:52.6686441Z Receiving objects:   5% (7/129)
docs	Run actions/checkout@v3	2026-02-16T11:04:52.6687347Z Receiving objects:   6% (8/129)
docs	Run actions/checkout@v3	2026-02-16T11:04:52.6687910Z Receiving objects:   7% (10/129)
docs	Run actions/checkout@v3	2026-02-16T11:04:52.6688426Z Receiving objects:   8% (11/129)
docs	Run actions/checkout@v3	2026-02-16T11:04:52.6688929Z Receiving objects:   9% (12/129)
docs	Run actions/checkout@v3	2026-02-16T11:04:52.6689832Z Receiving objects:  10% (13/129)
docs	Run actions/checkout@v3	2026-02-16T11:04:52.6690352Z Receiving objects:  11% (15/129)
docs	Run actions/checkout@v3	2026-02-16T11:04:52.6691023Z Receiving objects:  12% (16/129)
docs	Run actions/checkout@v3	2026-02-16T11:04:52.6691914Z Receiving objects:  13% (17/129)
docs	Run actions/checkout@v3	2026-02-16T11:04:52.6692518Z Receiving objects:  14% (19/129)
docs	Run actions/checkout@v3	2026-02-16T11:04:52.6693063Z Receiving objects:  15% (20/129)
docs	Run actions/checkout@v3	2026-02-16T11:04:52.6693559Z Receiving objects:  16% (21/129)
docs	Run actions/checkout@v3	2026-02-16T11:04:52.6694071Z Receiving objects:  17% (22/129)
docs	Run actions/checkout@v3	2026-02-16T11:04:52.6694585Z Receiving objects:  18% (24/129)
docs	Run actions/checkout@v3	2026-02-16T11:04:52.6695080Z Receiving objects:  19% (25/129)
docs	Run actions/checkout@v3	2026-02-16T11:04:52.6695576Z Receiving objects:  20% (26/129)
docs	Run actions/checkout@v3	2026-02-16T11:04:52.6696064Z Receiving objects:  21% (28/129)
docs	Run actions/checkout@v3	2026-02-16T11:04:52.6696572Z Receiving objects:  22% (29/129)
docs	Run actions/checkout@v3	2026-02-16T11:04:52.6961555Z Receiving objects:  23% (30/129)
docs	Run actions/checkout@v3	2026-02-16T11:04:52.6963401Z Receiving objects:  24% (31/129)
docs	Run actions/checkout@v3	2026-02-16T11:04:52.6964418Z Receiving objects:  25% (33/129)
docs	Run actions/checkout@v3	2026-02-16T11:04:52.6965342Z Receiving objects:  26% (34/129)
docs	Run actions/checkout@v3	2026-02-16T11:04:52.6966257Z Receiving objects:  27% (35/129)
docs	Run actions/checkout@v3	2026-02-16T11:04:52.6967138Z Receiving objects:  28% (37/129)
docs	Run actions/checkout@v3	2026-02-16T11:04:52.6968040Z Receiving objects:  29% (38/129)
docs	Run actions/checkout@v3	2026-02-16T11:04:52.6969004Z Receiving objects:  30% (39/129)
docs	Run actions/checkout@v3	2026-02-16T11:04:52.6971722Z Receiving objects:  31% (40/129)
docs	Run actions/checkout@v3	2026-02-16T11:04:52.6972811Z Receiving objects:  32% (42/129)
docs	Run actions/checkout@v3	2026-02-16T11:04:52.6973987Z Receiving objects:  33% (43/129)
docs	Run actions/checkout@v3	2026-02-16T11:04:52.6974895Z Receiving objects:  34% (44/129)
docs	Run actions/checkout@v3	2026-02-16T11:04:52.6975816Z Receiving objects:  35% (46/129)
docs	Run actions/checkout@v3	2026-02-16T11:04:52.6976706Z Receiving objects:  36% (47/129)
docs	Run actions/checkout@v3	2026-02-16T11:04:52.6978395Z Receiving objects:  37% (48/129)
docs	Run actions/checkout@v3	2026-02-16T11:04:52.6980082Z Receiving objects:  38% (50/129)
docs	Run actions/checkout@v3	2026-02-16T11:04:52.6980980Z Receiving objects:  39% (51/129)
docs	Run actions/checkout@v3	2026-02-16T11:04:52.6982660Z Receiving objects:  40% (52/129)
docs	Run actions/checkout@v3	2026-02-16T11:04:52.6983632Z Receiving objects:  41% (53/129)
docs	Run actions/checkout@v3	2026-02-16T11:04:52.6985291Z Receiving objects:  42% (55/129)
docs	Run actions/checkout@v3	2026-02-16T11:04:52.6986244Z Receiving objects:  43% (56/129)
docs	Run actions/checkout@v3	2026-02-16T11:04:52.6987135Z Receiving objects:  44% (57/129)
docs	Run actions/checkout@v3	2026-02-16T11:04:52.6988008Z Receiving objects:  45% (59/129)
docs	Run actions/checkout@v3	2026-02-16T11:04:52.6989415Z Receiving objects:  46% (60/129)
docs	Run actions/checkout@v3	2026-02-16T11:04:52.6990388Z Receiving objects:  47% (61/129)
docs	Run actions/checkout@v3	2026-02-16T11:04:52.6992726Z Receiving objects:  48% (62/129)
docs	Run actions/checkout@v3	2026-02-16T11:04:52.6994069Z Receiving objects:  49% (64/129)
docs	Run actions/checkout@v3	2026-02-16T11:04:52.7080866Z Receiving objects:  50% (65/129)
docs	Run actions/checkout@v3	2026-02-16T11:04:52.7082226Z Receiving objects:  51% (66/129)
docs	Run actions/checkout@v3	2026-02-16T11:04:52.7083322Z Receiving objects:  52% (68/129)
docs	Run actions/checkout@v3	2026-02-16T11:04:52.7084206Z Receiving objects:  53% (69/129)
docs	Run actions/checkout@v3	2026-02-16T11:04:52.7085145Z Receiving objects:  54% (70/129)
docs	Run actions/checkout@v3	2026-02-16T11:04:52.7085810Z Receiving objects:  55% (71/129)
docs	Run actions/checkout@v3	2026-02-16T11:04:52.7086334Z Receiving objects:  56% (73/129)
docs	Run actions/checkout@v3	2026-02-16T11:04:52.7086839Z Receiving objects:  57% (74/129)
docs	Run actions/checkout@v3	2026-02-16T11:04:52.7087332Z Receiving objects:  58% (75/129)
docs	Run actions/checkout@v3	2026-02-16T11:04:52.7087819Z Receiving objects:  59% (77/129)
docs	Run actions/checkout@v3	2026-02-16T11:04:52.7088350Z Receiving objects:  60% (78/129)
docs	Run actions/checkout@v3	2026-02-16T11:04:52.7088845Z Receiving objects:  61% (79/129)
docs	Run actions/checkout@v3	2026-02-16T11:04:52.7089666Z Receiving objects:  62% (80/129)
docs	Run actions/checkout@v3	2026-02-16T11:04:52.7090201Z Receiving objects:  63% (82/129)
docs	Run actions/checkout@v3	2026-02-16T11:04:52.7090700Z Receiving objects:  64% (83/129)
docs	Run actions/checkout@v3	2026-02-16T11:04:52.7091198Z Receiving objects:  65% (84/129)
docs	Run actions/checkout@v3	2026-02-16T11:04:52.7091703Z Receiving objects:  66% (86/129)
docs	Run actions/checkout@v3	2026-02-16T11:04:52.7092429Z Receiving objects:  67% (87/129)
docs	Run actions/checkout@v3	2026-02-16T11:04:52.7092915Z Receiving objects:  68% (88/129)
docs	Run actions/checkout@v3	2026-02-16T11:04:52.7093399Z Receiving objects:  69% (90/129)
docs	Run actions/checkout@v3	2026-02-16T11:04:52.7093879Z Receiving objects:  70% (91/129)
docs	Run actions/checkout@v3	2026-02-16T11:04:52.7094380Z Receiving objects:  71% (92/129)
docs	Run actions/checkout@v3	2026-02-16T11:04:52.7094859Z Receiving objects:  72% (93/129)
docs	Run actions/checkout@v3	2026-02-16T11:04:52.7095348Z Receiving objects:  73% (95/129)
docs	Run actions/checkout@v3	2026-02-16T11:04:52.7095827Z Receiving objects:  74% (96/129)
docs	Run actions/checkout@v3	2026-02-16T11:04:52.7096319Z Receiving objects:  75% (97/129)
docs	Run actions/checkout@v3	2026-02-16T11:04:52.7096806Z Receiving objects:  76% (99/129)
docs	Run actions/checkout@v3	2026-02-16T11:04:52.7097290Z Receiving objects:  77% (100/129)
docs	Run actions/checkout@v3	2026-02-16T11:04:52.7097798Z Receiving objects:  78% (101/129)
docs	Run actions/checkout@v3	2026-02-16T11:04:52.7098479Z remote: Total 129 (delta 5), reused 50 (delta 2), pack-reused 0 (from 0)        
docs	Run actions/checkout@v3	2026-02-16T11:04:52.7099954Z Receiving objects:  79% (102/129)
docs	Run actions/checkout@v3	2026-02-16T11:04:52.7100725Z Receiving objects:  80% (104/129)
docs	Run actions/checkout@v3	2026-02-16T11:04:52.7101278Z Receiving objects:  81% (105/129)
docs	Run actions/checkout@v3	2026-02-16T11:04:52.7101783Z Receiving objects:  82% (106/129)
docs	Run actions/checkout@v3	2026-02-16T11:04:52.7102286Z Receiving objects:  83% (108/129)
docs	Run actions/checkout@v3	2026-02-16T11:04:52.7102779Z Receiving objects:  84% (109/129)
docs	Run actions/checkout@v3	2026-02-16T11:04:52.7103270Z Receiving objects:  85% (110/129)
docs	Run actions/checkout@v3	2026-02-16T11:04:52.7103837Z Receiving objects:  86% (111/129)
docs	Run actions/checkout@v3	2026-02-16T11:04:52.7104559Z Receiving objects:  87% (113/129)
docs	Run actions/checkout@v3	2026-02-16T11:04:52.7105062Z Receiving objects:  88% (114/129)
docs	Run actions/checkout@v3	2026-02-16T11:04:52.7105576Z Receiving objects:  89% (115/129)
docs	Run actions/checkout@v3	2026-02-16T11:04:52.7106080Z Receiving objects:  90% (117/129)
docs	Run actions/checkout@v3	2026-02-16T11:04:52.7106574Z Receiving objects:  91% (118/129)
docs	Run actions/checkout@v3	2026-02-16T11:04:52.7107091Z Receiving objects:  92% (119/129)
docs	Run actions/checkout@v3	2026-02-16T11:04:52.7107594Z Receiving objects:  93% (120/129)
docs	Run actions/checkout@v3	2026-02-16T11:04:52.7108088Z Receiving objects:  94% (122/129)
docs	Run actions/checkout@v3	2026-02-16T11:04:52.7108577Z Receiving objects:  95% (123/129)
docs	Run actions/checkout@v3	2026-02-16T11:04:52.7109069Z Receiving objects:  96% (124/129)
docs	Run actions/checkout@v3	2026-02-16T11:04:52.7110144Z Receiving objects:  97% (126/129)
docs	Run actions/checkout@v3	2026-02-16T11:04:52.7110660Z Receiving objects:  98% (127/129)
docs	Run actions/checkout@v3	2026-02-16T11:04:52.7111164Z Receiving objects:  99% (128/129)
docs	Run actions/checkout@v3	2026-02-16T11:04:52.7111657Z Receiving objects: 100% (129/129)
docs	Run actions/checkout@v3	2026-02-16T11:04:52.7112290Z Receiving objects: 100% (129/129), 303.79 KiB | 8.21 MiB/s, done.
docs	Run actions/checkout@v3	2026-02-16T11:04:52.7112965Z Resolving deltas:   0% (0/5)
docs	Run actions/checkout@v3	2026-02-16T11:04:52.7113665Z Resolving deltas:  20% (1/5)
docs	Run actions/checkout@v3	2026-02-16T11:04:52.7114154Z Resolving deltas:  40% (2/5)
docs	Run actions/checkout@v3	2026-02-16T11:04:52.7114672Z Resolving deltas:  60% (3/5)
docs	Run actions/checkout@v3	2026-02-16T11:04:52.7115589Z Resolving deltas:  80% (4/5)
docs	Run actions/checkout@v3	2026-02-16T11:04:52.7116174Z Resolving deltas: 100% (5/5)
docs	Run actions/checkout@v3	2026-02-16T11:04:52.7117076Z Resolving deltas: 100% (5/5), done.
docs	Run actions/checkout@v3	2026-02-16T11:04:52.7118206Z From https://github.com/Illusion47586/isol8
docs	Run actions/checkout@v3	2026-02-16T11:04:52.7119620Z  * [new ref]         45e07104cf5b83835a0e3be0feb443beb37831e6 -> pull/20/merge
docs	Run actions/checkout@v3	2026-02-16T11:04:52.7157223Z ##[endgroup]
docs	Run actions/checkout@v3	2026-02-16T11:04:52.7158616Z ##[group]Determining the checkout info
docs	Run actions/checkout@v3	2026-02-16T11:04:52.7160614Z ##[endgroup]
docs	Run actions/checkout@v3	2026-02-16T11:04:52.7161851Z ##[group]Checking out the ref
docs	Run actions/checkout@v3	2026-02-16T11:04:52.7166024Z [command]/usr/bin/git checkout --progress --force refs/remotes/pull/20/merge
docs	Run actions/checkout@v3	2026-02-16T11:04:52.7283778Z Note: switching to 'refs/remotes/pull/20/merge'.
docs	Run actions/checkout@v3	2026-02-16T11:04:52.7284608Z 
docs	Run actions/checkout@v3	2026-02-16T11:04:52.7285080Z You are in 'detached HEAD' state. You can look around, make experimental
docs	Run actions/checkout@v3	2026-02-16T11:04:52.7286020Z changes and commit them, and you can discard any commits you make in this
docs	Run actions/checkout@v3	2026-02-16T11:04:52.7286950Z state without impacting any branches by switching back to a branch.
docs	Run actions/checkout@v3	2026-02-16T11:04:52.7287489Z 
docs	Run actions/checkout@v3	2026-02-16T11:04:52.7287854Z If you want to create a new branch to retain commits you create, you may
docs	Run actions/checkout@v3	2026-02-16T11:04:52.7288722Z do so (now or later) by using -c with the switch command. Example:
docs	Run actions/checkout@v3	2026-02-16T11:04:52.7289375Z 
docs	Run actions/checkout@v3	2026-02-16T11:04:52.7289609Z   git switch -c <new-branch-name>
docs	Run actions/checkout@v3	2026-02-16T11:04:52.7289956Z 
docs	Run actions/checkout@v3	2026-02-16T11:04:52.7290159Z Or undo this operation with:
docs	Run actions/checkout@v3	2026-02-16T11:04:52.7290510Z 
docs	Run actions/checkout@v3	2026-02-16T11:04:52.7290925Z   git switch -
docs	Run actions/checkout@v3	2026-02-16T11:04:52.7291170Z 
docs	Run actions/checkout@v3	2026-02-16T11:04:52.7291821Z Turn off this advice by setting config variable advice.detachedHead to false
docs	Run actions/checkout@v3	2026-02-16T11:04:52.7292855Z 
docs	Run actions/checkout@v3	2026-02-16T11:04:52.7293709Z HEAD is now at 45e0710 Merge da078628312b08a4677745d2936eb559581ce263 into 817d598806e2f27e68fe312cc40201a8c9c37c18
docs	Run actions/checkout@v3	2026-02-16T11:04:52.7295678Z ##[endgroup]
docs	Run actions/checkout@v3	2026-02-16T11:04:52.7328620Z [command]/usr/bin/git log -1 --format='%H'
docs	Run actions/checkout@v3	2026-02-16T11:04:52.7352231Z '45e07104cf5b83835a0e3be0feb443beb37831e6'
docs	Setup Bun	ï»¿2026-02-16T11:04:52.7601908Z ##[group]Run oven-sh/setup-bun@v2
docs	Setup Bun	2026-02-16T11:04:52.7602475Z with:
docs	Setup Bun	2026-02-16T11:04:52.7602859Z   bun-version: latest
docs	Setup Bun	2026-02-16T11:04:52.7603283Z   no-cache: false
docs	Setup Bun	2026-02-16T11:04:52.7603851Z   token: ***
docs	Setup Bun	2026-02-16T11:04:52.7604235Z ##[endgroup]
docs	Setup Bun	2026-02-16T11:04:53.1886881Z Downloading a new version of Bun: https://github.com/oven-sh/bun/releases/download/bun-v1.3.9/bun-linux-x64.zip
docs	Setup Bun	2026-02-16T11:04:53.5373695Z [command]/usr/bin/unzip -o -q /home/runner/work/_temp/a330dc43-274b-4cfa-b714-e4eb185fec61.zip
docs	Setup Bun	2026-02-16T11:04:54.2926781Z [command]/home/runner/.bun/bin/bun --revision
docs	Setup Bun	2026-02-16T11:04:54.2974434Z 1.3.9+cf6cdbbba
docs	Cache dependencies	ï»¿2026-02-16T11:04:54.3960846Z ##[group]Run actions/cache@v4
docs	Cache dependencies	2026-02-16T11:04:54.3961418Z with:
docs	Cache dependencies	2026-02-16T11:04:54.3961832Z   path: ~/.bun/install/cache
docs	Cache dependencies	2026-02-16T11:04:54.3962535Z   key: Linux-bun-1646e64e5bdde24330a24e208cf2a7cef5e2e4d49ba7266d72a37889326dfbf8
docs	Cache dependencies	2026-02-16T11:04:54.3963280Z   restore-keys: Linux-bun-
docs	Cache dependencies	
docs	Cache dependencies	2026-02-16T11:04:54.3963787Z   enableCrossOsArchive: false
docs	Cache dependencies	2026-02-16T11:04:54.3964279Z   fail-on-cache-miss: false
docs	Cache dependencies	2026-02-16T11:04:54.3964740Z   lookup-only: false
docs	Cache dependencies	2026-02-16T11:04:54.3965176Z   save-always: false
docs	Cache dependencies	2026-02-16T11:04:54.3965602Z ##[endgroup]
docs	Cache dependencies	2026-02-16T11:04:54.6421870Z Cache hit for: Linux-bun-1646e64e5bdde24330a24e208cf2a7cef5e2e4d49ba7266d72a37889326dfbf8
docs	Cache dependencies	2026-02-16T11:04:55.6472760Z Received 89656331 of 89656331 (100.0%), 97.4 MBs/sec
docs	Cache dependencies	2026-02-16T11:04:55.6477287Z Cache Size: ~86 MB (89656331 B)
docs	Cache dependencies	2026-02-16T11:04:55.6505448Z [command]/usr/bin/tar -xf /home/runner/work/_temp/d72a0d3f-08c3-4c0f-9134-9ff7ba437c7b/cache.tzst -P -C /home/runner/work/isol8/isol8 --use-compress-program unzstd
docs	Cache dependencies	2026-02-16T11:04:57.8540684Z Cache restored successfully
docs	Cache dependencies	2026-02-16T11:04:57.8796922Z Cache restored from key: Linux-bun-1646e64e5bdde24330a24e208cf2a7cef5e2e4d49ba7266d72a37889326dfbf8
docs	Install dependencies	ï»¿2026-02-16T11:04:57.8919102Z ##[group]Run bun install --frozen-lockfile
docs	Install dependencies	2026-02-16T11:04:57.8919827Z [36;1mbun install --frozen-lockfile[0m
docs	Install dependencies	2026-02-16T11:04:57.8975092Z shell: /usr/bin/bash -e {0}
docs	Install dependencies	2026-02-16T11:04:57.8975397Z ##[endgroup]
docs	Install dependencies	2026-02-16T11:04:57.9098430Z bun install v1.3.9 (cf6cdbbb)
docs	Install dependencies	2026-02-16T11:05:16.3811752Z 
docs	Install dependencies	2026-02-16T11:05:16.3812251Z $ simple-git-hooks
docs	Install dependencies	2026-02-16T11:05:16.4257781Z [INFO] Successfully set the pre-commit with command: bun run lint-staged
docs	Install dependencies	2026-02-16T11:05:16.4958269Z [INFO] Successfully set all git hooks
docs	Install dependencies	2026-02-16T11:05:16.4999691Z 
docs	Install dependencies	2026-02-16T11:05:16.5000318Z + @biomejs/biome@2.3.15
docs	Install dependencies	2026-02-16T11:05:16.5002269Z + @semantic-release/changelog@6.0.3
docs	Install dependencies	2026-02-16T11:05:16.5002824Z + @semantic-release/exec@7.1.0
docs	Install dependencies	2026-02-16T11:05:16.5003257Z + @semantic-release/git@10.0.1
docs	Install dependencies	2026-02-16T11:05:16.5003733Z + @semantic-release/github@12.0.6
docs	Install dependencies	2026-02-16T11:05:16.5004248Z + @semantic-release/npm@13.1.4
docs	Install dependencies	2026-02-16T11:05:16.5004666Z + @types/bun@1.3.9
docs	Install dependencies	2026-02-16T11:05:16.5004984Z + @types/dockerode@4.0.1
docs	Install dependencies	2026-02-16T11:05:16.5005442Z + @types/node@25.2.3
docs	Install dependencies	2026-02-16T11:05:16.5005795Z + lint-staged@16.2.7
docs	Install dependencies	2026-02-16T11:05:16.5006130Z + mint@4.2.348
docs	Install dependencies	2026-02-16T11:05:16.5006450Z + semantic-release@25.0.3
docs	Install dependencies	2026-02-16T11:05:16.5006842Z + simple-git-hooks@2.13.1
docs	Install dependencies	2026-02-16T11:05:16.5007273Z + ts-json-schema-generator@2.5.0
docs	Install dependencies	2026-02-16T11:05:16.5007686Z + typescript@5.9.3
docs	Install dependencies	2026-02-16T11:05:16.5008012Z + ultracite@7.2.0
docs	Install dependencies	2026-02-16T11:05:16.5008340Z + commander@14.0.3
docs	Install dependencies	2026-02-16T11:05:16.5008658Z + dockerode@4.0.9
docs	Install dependencies	2026-02-16T11:05:16.5008978Z + hono@4.11.9
docs	Install dependencies	2026-02-16T11:05:16.5009474Z + ora@9.3.0
docs	Install dependencies	2026-02-16T11:05:16.5009664Z 
docs	Install dependencies	2026-02-16T11:05:16.5009838Z 1155 packages installed [18.59s]
docs	Validate docs	ï»¿2026-02-16T11:05:16.5083779Z ##[group]Run bun run docs:validate
docs	Validate docs	2026-02-16T11:05:16.5084131Z [36;1mbun run docs:validate[0m
docs	Validate docs	2026-02-16T11:05:16.5133970Z shell: /usr/bin/bash -e {0}
docs	Validate docs	2026-02-16T11:05:16.5134240Z ##[endgroup]
docs	Validate docs	2026-02-16T11:05:16.5223475Z $ cd docs && mint validate
docs	Validate docs	2026-02-16T11:05:22.4206479Z Error generating favicons:  ENOENT: no such file or directory, open '/home/runner/work/isol8/isol8/docs/favicon.png'
docs	Validate docs	2026-02-16T11:05:22.4782433Z success build validation passed
docs	Check broken links	ï»¿2026-02-16T11:05:22.5111364Z ##[group]Run bun run docs:broken-links
docs	Check broken links	2026-02-16T11:05:22.5111725Z [36;1mbun run docs:broken-links[0m
docs	Check broken links	2026-02-16T11:05:22.5160441Z shell: /usr/bin/bash -e {0}
docs	Check broken links	2026-02-16T11:05:22.5160697Z ##[endgroup]
docs	Check broken links	2026-02-16T11:05:22.5250984Z $ cd docs && mint broken-links
docs	Check broken links	2026-02-16T11:05:25.6710258Z success no broken links found
docs	Post Cache dependencies	ï»¿2026-02-16T11:05:29.2323974Z Post job cleanup.
docs	Post Cache dependencies	2026-02-16T11:05:29.3661922Z Cache hit occurred on the primary key Linux-bun-1646e64e5bdde24330a24e208cf2a7cef5e2e4d49ba7266d72a37889326dfbf8, not saving cache.
docs	Post Setup Bun	ï»¿2026-02-16T11:05:29.3753094Z Post job cleanup.
docs	Post Run actions/checkout@v3	ï»¿2026-02-16T11:05:29.5185050Z Post job cleanup.
docs	Post Run actions/checkout@v3	2026-02-16T11:05:29.5940820Z [command]/usr/bin/git version
docs	Post Run actions/checkout@v3	2026-02-16T11:05:29.5981470Z git version 2.52.0
docs	Post Run actions/checkout@v3	2026-02-16T11:05:29.6025903Z Temporarily overriding HOME='/home/runner/work/_temp/be431c7a-0426-43bf-beaf-36cd2042020c' before making global git config changes
docs	Post Run actions/checkout@v3	2026-02-16T11:05:29.6027285Z Adding repository directory to the temporary git global config as a safe directory
docs	Post Run actions/checkout@v3	2026-02-16T11:05:29.6029511Z [command]/usr/bin/git config --global --add safe.directory /home/runner/work/isol8/isol8
docs	Post Run actions/checkout@v3	2026-02-16T11:05:29.6064477Z [command]/usr/bin/git config --local --name-only --get-regexp core\.sshCommand
docs	Post Run actions/checkout@v3	2026-02-16T11:05:29.6097265Z [command]/usr/bin/git submodule foreach --recursive sh -c "git config --local --name-only --get-regexp 'core\.sshCommand' && git config --local --unset-all 'core.sshCommand' || :"
docs	Post Run actions/checkout@v3	2026-02-16T11:05:29.6372721Z [command]/usr/bin/git config --local --name-only --get-regexp http\.https\:\/\/github\.com\/\.extraheader
docs	Post Run actions/checkout@v3	2026-02-16T11:05:29.6401130Z http.https://github.com/.extraheader
docs	Post Run actions/checkout@v3	2026-02-16T11:05:29.6419584Z [command]/usr/bin/git config --local --unset-all http.https://github.com/.extraheader
docs	Post Run actions/checkout@v3	2026-02-16T11:05:29.6458836Z [command]/usr/bin/git submodule foreach --recursive sh -c "git config --local --name-only --get-regexp 'http\.https\:\/\/github\.com\/\.extraheader' && git config --local --unset-all 'http.https://github.com/.extraheader' || :"
docs	Complete job	ï»¿2026-02-16T11:05:29.6909087Z Cleaning up orphan processes
build (20.x)	Set up job	ï»¿2026-02-16T11:04:50.9781123Z Current runner version: '2.331.0'
build (20.x)	Set up job	2026-02-16T11:04:50.9806061Z ##[group]Runner Image Provisioner
build (20.x)	Set up job	2026-02-16T11:04:50.9806894Z Hosted Compute Agent
build (20.x)	Set up job	2026-02-16T11:04:50.9807425Z Version: 20260123.484
build (20.x)	Set up job	2026-02-16T11:04:50.9808461Z Commit: 6bd6555ca37d84114959e1c76d2c01448ff61c5d
build (20.x)	Set up job	2026-02-16T11:04:50.9809180Z Build Date: 2026-01-23T19:41:17Z
build (20.x)	Set up job	2026-02-16T11:04:50.9809830Z Worker ID: {c21fd5d4-50d1-40b6-aeb4-833ce588410e}
build (20.x)	Set up job	2026-02-16T11:04:50.9810730Z Azure Region: eastus2
build (20.x)	Set up job	2026-02-16T11:04:50.9811240Z ##[endgroup]
build (20.x)	Set up job	2026-02-16T11:04:50.9812688Z ##[group]Operating System
build (20.x)	Set up job	2026-02-16T11:04:50.9813325Z Ubuntu
build (20.x)	Set up job	2026-02-16T11:04:50.9813825Z 24.04.3
build (20.x)	Set up job	2026-02-16T11:04:50.9814237Z LTS
build (20.x)	Set up job	2026-02-16T11:04:50.9814768Z ##[endgroup]
build (20.x)	Set up job	2026-02-16T11:04:50.9815326Z ##[group]Runner Image
build (20.x)	Set up job	2026-02-16T11:04:50.9815844Z Image: ubuntu-24.04
build (20.x)	Set up job	2026-02-16T11:04:50.9816401Z Version: 20260209.23.1
build (20.x)	Set up job	2026-02-16T11:04:50.9817420Z Included Software: https://github.com/actions/runner-images/blob/ubuntu24/20260209.23/images/ubuntu/Ubuntu2404-Readme.md
build (20.x)	Set up job	2026-02-16T11:04:50.9819291Z Image Release: https://github.com/actions/runner-images/releases/tag/ubuntu24%2F20260209.23
build (20.x)	Set up job	2026-02-16T11:04:50.9820282Z ##[endgroup]
build (20.x)	Set up job	2026-02-16T11:04:50.9821322Z ##[group]GITHUB_TOKEN Permissions
build (20.x)	Set up job	2026-02-16T11:04:50.9823527Z Contents: read
build (20.x)	Set up job	2026-02-16T11:04:50.9824090Z Metadata: read
build (20.x)	Set up job	2026-02-16T11:04:50.9824613Z Packages: read
build (20.x)	Set up job	2026-02-16T11:04:50.9825171Z ##[endgroup]
build (20.x)	Set up job	2026-02-16T11:04:50.9827469Z Secret source: Actions
build (20.x)	Set up job	2026-02-16T11:04:50.9828552Z Prepare workflow directory
build (20.x)	Set up job	2026-02-16T11:04:51.0153345Z Prepare all required actions
build (20.x)	Set up job	2026-02-16T11:04:51.0190940Z Getting action download info
build (20.x)	Set up job	2026-02-16T11:04:51.3624160Z Download action repository 'actions/checkout@v3' (SHA:f43a0e5ff2bd294095638e18286ca9a3d1956744)
build (20.x)	Set up job	2026-02-16T11:04:51.5458143Z Download action repository 'oven-sh/setup-bun@v2' (SHA:3d267786b128fe76c2f16a390aa2448b815359f3)
build (20.x)	Set up job	2026-02-16T11:04:51.7798775Z Download action repository 'actions/cache@v4' (SHA:0057852bfaa89a56745cba8c7296529d2fc39830)
build (20.x)	Set up job	2026-02-16T11:04:51.9910977Z Complete job name: build (20.x)
build (20.x)	Run actions/checkout@v3	ï»¿2026-02-16T11:04:52.0681360Z ##[group]Run actions/checkout@v3
build (20.x)	Run actions/checkout@v3	2026-02-16T11:04:52.0682338Z with:
build (20.x)	Run actions/checkout@v3	2026-02-16T11:04:52.0682784Z   repository: Illusion47586/isol8
build (20.x)	Run actions/checkout@v3	2026-02-16T11:04:52.0683508Z   token: ***
build (20.x)	Run actions/checkout@v3	2026-02-16T11:04:52.0683929Z   ssh-strict: true
build (20.x)	Run actions/checkout@v3	2026-02-16T11:04:52.0684365Z   persist-credentials: true
build (20.x)	Run actions/checkout@v3	2026-02-16T11:04:52.0684861Z   clean: true
build (20.x)	Run actions/checkout@v3	2026-02-16T11:04:52.0685307Z   sparse-checkout-cone-mode: true
build (20.x)	Run actions/checkout@v3	2026-02-16T11:04:52.0685819Z   fetch-depth: 1
build (20.x)	Run actions/checkout@v3	2026-02-16T11:04:52.0686233Z   fetch-tags: false
build (20.x)	Run actions/checkout@v3	2026-02-16T11:04:52.0686654Z   lfs: false
build (20.x)	Run actions/checkout@v3	2026-02-16T11:04:52.0687068Z   submodules: false
build (20.x)	Run actions/checkout@v3	2026-02-16T11:04:52.0687504Z   set-safe-directory: true
build (20.x)	Run actions/checkout@v3	2026-02-16T11:04:52.0688437Z ##[endgroup]
build (20.x)	Run actions/checkout@v3	2026-02-16T11:04:52.1581060Z Syncing repository: Illusion47586/isol8
build (20.x)	Run actions/checkout@v3	2026-02-16T11:04:52.1583469Z ##[group]Getting Git version info
build (20.x)	Run actions/checkout@v3	2026-02-16T11:04:52.1584680Z Working directory is '/home/runner/work/isol8/isol8'
build (20.x)	Run actions/checkout@v3	2026-02-16T11:04:52.1585704Z [command]/usr/bin/git version
build (20.x)	Run actions/checkout@v3	2026-02-16T11:04:52.1586255Z git version 2.52.0
build (20.x)	Run actions/checkout@v3	2026-02-16T11:04:52.1610611Z ##[endgroup]
build (20.x)	Run actions/checkout@v3	2026-02-16T11:04:52.1625702Z Temporarily overriding HOME='/home/runner/work/_temp/bd948f69-29dc-4393-9f88-49b2befea57c' before making global git config changes
build (20.x)	Run actions/checkout@v3	2026-02-16T11:04:52.1628405Z Adding repository directory to the temporary git global config as a safe directory
build (20.x)	Run actions/checkout@v3	2026-02-16T11:04:52.1630205Z [command]/usr/bin/git config --global --add safe.directory /home/runner/work/isol8/isol8
build (20.x)	Run actions/checkout@v3	2026-02-16T11:04:52.1678208Z Deleting the contents of '/home/runner/work/isol8/isol8'
build (20.x)	Run actions/checkout@v3	2026-02-16T11:04:52.1682295Z ##[group]Initializing the repository
build (20.x)	Run actions/checkout@v3	2026-02-16T11:04:52.1685146Z [command]/usr/bin/git init /home/runner/work/isol8/isol8
build (20.x)	Run actions/checkout@v3	2026-02-16T11:04:52.1809484Z hint: Using 'master' as the name for the initial branch. This default branch name
build (20.x)	Run actions/checkout@v3	2026-02-16T11:04:52.1810833Z hint: will change to "main" in Git 3.0. To configure the initial branch name
build (20.x)	Run actions/checkout@v3	2026-02-16T11:04:52.1811811Z hint: to use in all of your new repositories, which will suppress this warning,
build (20.x)	Run actions/checkout@v3	2026-02-16T11:04:52.1813398Z hint: call:
build (20.x)	Run actions/checkout@v3	2026-02-16T11:04:52.1814132Z hint:
build (20.x)	Run actions/checkout@v3	2026-02-16T11:04:52.1814731Z hint: 	git config --global init.defaultBranch <name>
build (20.x)	Run actions/checkout@v3	2026-02-16T11:04:52.1815610Z hint:
build (20.x)	Run actions/checkout@v3	2026-02-16T11:04:52.1816202Z hint: Names commonly chosen instead of 'master' are 'main', 'trunk' and
build (20.x)	Run actions/checkout@v3	2026-02-16T11:04:52.1817179Z hint: 'development'. The just-created branch can be renamed via this command:
build (20.x)	Run actions/checkout@v3	2026-02-16T11:04:52.1818190Z hint:
build (20.x)	Run actions/checkout@v3	2026-02-16T11:04:52.1818853Z hint: 	git branch -m <name>
build (20.x)	Run actions/checkout@v3	2026-02-16T11:04:52.1819375Z hint:
build (20.x)	Run actions/checkout@v3	2026-02-16T11:04:52.1820017Z hint: Disable this message with "git config set advice.defaultBranchName false"
build (20.x)	Run actions/checkout@v3	2026-02-16T11:04:52.1821055Z Initialized empty Git repository in /home/runner/work/isol8/isol8/.git/
build (20.x)	Run actions/checkout@v3	2026-02-16T11:04:52.1823172Z [command]/usr/bin/git remote add origin https://github.com/Illusion47586/isol8
build (20.x)	Run actions/checkout@v3	2026-02-16T11:04:52.1858166Z ##[endgroup]
build (20.x)	Run actions/checkout@v3	2026-02-16T11:04:52.1859036Z ##[group]Disabling automatic garbage collection
build (20.x)	Run actions/checkout@v3	2026-02-16T11:04:52.1860869Z [command]/usr/bin/git config --local gc.auto 0
build (20.x)	Run actions/checkout@v3	2026-02-16T11:04:52.1888945Z ##[endgroup]
build (20.x)	Run actions/checkout@v3	2026-02-16T11:04:52.1889751Z ##[group]Setting up auth
build (20.x)	Run actions/checkout@v3	2026-02-16T11:04:52.1894667Z [command]/usr/bin/git config --local --name-only --get-regexp core\.sshCommand
build (20.x)	Run actions/checkout@v3	2026-02-16T11:04:52.1922645Z [command]/usr/bin/git submodule foreach --recursive sh -c "git config --local --name-only --get-regexp 'core\.sshCommand' && git config --local --unset-all 'core.sshCommand' || :"
build (20.x)	Run actions/checkout@v3	2026-02-16T11:04:52.2316826Z [command]/usr/bin/git config --local --name-only --get-regexp http\.https\:\/\/github\.com\/\.extraheader
build (20.x)	Run actions/checkout@v3	2026-02-16T11:04:52.2348203Z [command]/usr/bin/git submodule foreach --recursive sh -c "git config --local --name-only --get-regexp 'http\.https\:\/\/github\.com\/\.extraheader' && git config --local --unset-all 'http.https://github.com/.extraheader' || :"
build (20.x)	Run actions/checkout@v3	2026-02-16T11:04:52.2585193Z [command]/usr/bin/git config --local http.https://github.com/.extraheader AUTHORIZATION: basic ***
build (20.x)	Run actions/checkout@v3	2026-02-16T11:04:52.2620620Z ##[endgroup]
build (20.x)	Run actions/checkout@v3	2026-02-16T11:04:52.2621631Z ##[group]Fetching the repository
build (20.x)	Run actions/checkout@v3	2026-02-16T11:04:52.2629270Z [command]/usr/bin/git -c protocol.version=2 fetch --no-tags --prune --progress --no-recurse-submodules --depth=1 origin +45e07104cf5b83835a0e3be0feb443beb37831e6:refs/remotes/pull/20/merge
build (20.x)	Run actions/checkout@v3	2026-02-16T11:04:52.4377024Z remote: Enumerating objects: 129, done.        
build (20.x)	Run actions/checkout@v3	2026-02-16T11:04:52.4379150Z remote: Counting objects:   0% (1/129)        
build (20.x)	Run actions/checkout@v3	2026-02-16T11:04:52.4380649Z remote: Counting objects:   1% (2/129)        
build (20.x)	Run actions/checkout@v3	2026-02-16T11:04:52.4382331Z remote: Counting objects:   2% (3/129)        
build (20.x)	Run actions/checkout@v3	2026-02-16T11:04:52.4383836Z remote: Counting objects:   3% (4/129)        
build (20.x)	Run actions/checkout@v3	2026-02-16T11:04:52.4385359Z remote: Counting objects:   4% (6/129)        
build (20.x)	Run actions/checkout@v3	2026-02-16T11:04:52.4386922Z remote: Counting objects:   5% (7/129)        
build (20.x)	Run actions/checkout@v3	2026-02-16T11:04:52.4388309Z remote: Counting objects:   6% (8/129)        
build (20.x)	Run actions/checkout@v3	2026-02-16T11:04:52.4389307Z remote: Counting objects:   7% (10/129)        
build (20.x)	Run actions/checkout@v3	2026-02-16T11:04:52.4390192Z remote: Counting objects:   8% (11/129)        
build (20.x)	Run actions/checkout@v3	2026-02-16T11:04:52.4391103Z remote: Counting objects:   9% (12/129)        
build (20.x)	Run actions/checkout@v3	2026-02-16T11:04:52.4392047Z remote: Counting objects:  10% (13/129)        
build (20.x)	Run actions/checkout@v3	2026-02-16T11:04:52.4393026Z remote: Counting objects:  11% (15/129)        
build (20.x)	Run actions/checkout@v3	2026-02-16T11:04:52.4394005Z remote: Counting objects:  12% (16/129)        
build (20.x)	Run actions/checkout@v3	2026-02-16T11:04:52.4394974Z remote: Counting objects:  13% (17/129)        
build (20.x)	Run actions/checkout@v3	2026-02-16T11:04:52.4396173Z remote: Counting objects:  14% (19/129)        
build (20.x)	Run actions/checkout@v3	2026-02-16T11:04:52.4397264Z remote: Counting objects:  15% (20/129)        
build (20.x)	Run actions/checkout@v3	2026-02-16T11:04:52.4398595Z remote: Counting objects:  16% (21/129)        
build (20.x)	Run actions/checkout@v3	2026-02-16T11:04:52.4399675Z remote: Counting objects:  17% (22/129)        
build (20.x)	Run actions/checkout@v3	2026-02-16T11:04:52.4400760Z remote: Counting objects:  18% (24/129)        
build (20.x)	Run actions/checkout@v3	2026-02-16T11:04:52.4401852Z remote: Counting objects:  19% (25/129)        
build (20.x)	Run actions/checkout@v3	2026-02-16T11:04:52.4402937Z remote: Counting objects:  20% (26/129)        
build (20.x)	Run actions/checkout@v3	2026-02-16T11:04:52.4403998Z remote: Counting objects:  21% (28/129)        
build (20.x)	Run actions/checkout@v3	2026-02-16T11:04:52.4405041Z remote: Counting objects:  22% (29/129)        
build (20.x)	Run actions/checkout@v3	2026-02-16T11:04:52.4406456Z remote: Counting objects:  23% (30/129)        
build (20.x)	Run actions/checkout@v3	2026-02-16T11:04:52.4407518Z remote: Counting objects:  24% (31/129)        
build (20.x)	Run actions/checkout@v3	2026-02-16T11:04:52.4408932Z remote: Counting objects:  25% (33/129)        
build (20.x)	Run actions/checkout@v3	2026-02-16T11:04:52.4410294Z remote: Counting objects:  26% (34/129)        
build (20.x)	Run actions/checkout@v3	2026-02-16T11:04:52.4411730Z remote: Counting objects:  27% (35/129)        
build (20.x)	Run actions/checkout@v3	2026-02-16T11:04:52.4413233Z remote: Counting objects:  28% (37/129)        
build (20.x)	Run actions/checkout@v3	2026-02-16T11:04:52.4414677Z remote: Counting objects:  29% (38/129)        
build (20.x)	Run actions/checkout@v3	2026-02-16T11:04:52.4416131Z remote: Counting objects:  30% (39/129)        
build (20.x)	Run actions/checkout@v3	2026-02-16T11:04:52.4417574Z remote: Counting objects:  31% (40/129)        
build (20.x)	Run actions/checkout@v3	2026-02-16T11:04:52.4419215Z remote: Counting objects:  32% (42/129)        
build (20.x)	Run actions/checkout@v3	2026-02-16T11:04:52.4420678Z remote: Counting objects:  33% (43/129)        
build (20.x)	Run actions/checkout@v3	2026-02-16T11:04:52.4422804Z remote: Counting objects:  34% (44/129)        
build (20.x)	Run actions/checkout@v3	2026-02-16T11:04:52.4424944Z remote: Counting objects:  35% (46/129)        
build (20.x)	Run actions/checkout@v3	2026-02-16T11:04:52.4426689Z remote: Counting objects:  36% (47/129)        
build (20.x)	Run actions/checkout@v3	2026-02-16T11:04:52.4428523Z remote: Counting objects:  37% (48/129)        
build (20.x)	Run actions/checkout@v3	2026-02-16T11:04:52.4430230Z remote: Counting objects:  38% (50/129)        
build (20.x)	Run actions/checkout@v3	2026-02-16T11:04:52.4432622Z remote: Counting objects:  39% (51/129)        
build (20.x)	Run actions/checkout@v3	2026-02-16T11:04:52.4434800Z remote: Counting objects:  40% (52/129)        
build (20.x)	Run actions/checkout@v3	2026-02-16T11:04:52.4436597Z remote: Counting objects:  41% (53/129)        
build (20.x)	Run actions/checkout@v3	2026-02-16T11:04:52.4438404Z remote: Counting objects:  42% (55/129)        
build (20.x)	Run actions/checkout@v3	2026-02-16T11:04:52.4440493Z remote: Counting objects:  43% (56/129)        
build (20.x)	Run actions/checkout@v3	2026-02-16T11:04:52.4442344Z remote: Counting objects:  44% (57/129)        
build (20.x)	Run actions/checkout@v3	2026-02-16T11:04:52.4443893Z remote: Counting objects:  45% (59/129)        
build (20.x)	Run actions/checkout@v3	2026-02-16T11:04:52.4445449Z remote: Counting objects:  46% (60/129)        
build (20.x)	Run actions/checkout@v3	2026-02-16T11:04:52.4446997Z remote: Counting objects:  47% (61/129)        
build (20.x)	Run actions/checkout@v3	2026-02-16T11:04:52.4448720Z remote: Counting objects:  48% (62/129)        
build (20.x)	Run actions/checkout@v3	2026-02-16T11:04:52.4450317Z remote: Counting objects:  49% (64/129)        
build (20.x)	Run actions/checkout@v3	2026-02-16T11:04:52.4452131Z remote: Counting objects:  50% (65/129)        
build (20.x)	Run actions/checkout@v3	2026-02-16T11:04:52.4453665Z remote: Counting objects:  51% (66/129)        
build (20.x)	Run actions/checkout@v3	2026-02-16T11:04:52.4455509Z remote: Counting objects:  52% (68/129)        
build (20.x)	Run actions/checkout@v3	2026-02-16T11:04:52.4457703Z remote: Counting objects:  53% (69/129)        
build (20.x)	Run actions/checkout@v3	2026-02-16T11:04:52.4459746Z remote: Counting objects:  54% (70/129)        
build (20.x)	Run actions/checkout@v3	2026-02-16T11:04:52.4461207Z remote: Counting objects:  55% (71/129)        
build (20.x)	Run actions/checkout@v3	2026-02-16T11:04:52.4462893Z remote: Counting objects:  56% (73/129)        
build (20.x)	Run actions/checkout@v3	2026-02-16T11:04:52.4464711Z remote: Counting objects:  57% (74/129)        
build (20.x)	Run actions/checkout@v3	2026-02-16T11:04:52.4466167Z remote: Counting objects:  58% (75/129)        
build (20.x)	Run actions/checkout@v3	2026-02-16T11:04:52.4467580Z remote: Counting objects:  59% (77/129)        
build (20.x)	Run actions/checkout@v3	2026-02-16T11:04:52.4469628Z remote: Counting objects:  60% (78/129)        
build (20.x)	Run actions/checkout@v3	2026-02-16T11:04:52.4471169Z remote: Counting objects:  61% (79/129)        
build (20.x)	Run actions/checkout@v3	2026-02-16T11:04:52.4472657Z remote: Counting objects:  62% (80/129)        
build (20.x)	Run actions/checkout@v3	2026-02-16T11:04:52.4474701Z remote: Counting objects:  63% (82/129)        
build (20.x)	Run actions/checkout@v3	2026-02-16T11:04:52.4476602Z remote: Counting objects:  64% (83/129)        
build (20.x)	Run actions/checkout@v3	2026-02-16T11:04:52.4478268Z remote: Counting objects:  65% (84/129)        
build (20.x)	Run actions/checkout@v3	2026-02-16T11:04:52.4479761Z remote: Counting objects:  66% (86/129)        
build (20.x)	Run actions/checkout@v3	2026-02-16T11:04:52.4481601Z remote: Counting objects:  67% (87/129)        
build (20.x)	Run actions/checkout@v3	2026-02-16T11:04:52.4483687Z remote: Counting objects:  68% (88/129)        
build (20.x)	Run actions/checkout@v3	2026-02-16T11:04:52.4485674Z remote: Counting objects:  69% (90/129)        
build (20.x)	Run actions/checkout@v3	2026-02-16T11:04:52.4488063Z remote: Counting objects:  70% (91/129)        
build (20.x)	Run actions/checkout@v3	2026-02-16T11:04:52.4490208Z remote: Counting objects:  71% (92/129)        
build (20.x)	Run actions/checkout@v3	2026-02-16T11:04:52.4492221Z remote: Counting objects:  72% (93/129)        
build (20.x)	Run actions/checkout@v3	2026-02-16T11:04:52.4494155Z remote: Counting objects:  73% (95/129)        
build (20.x)	Run actions/checkout@v3	2026-02-16T11:04:52.4496205Z remote: Counting objects:  74% (96/129)        
build (20.x)	Run actions/checkout@v3	2026-02-16T11:04:52.4498542Z remote: Counting objects:  75% (97/129)        
build (20.x)	Run actions/checkout@v3	2026-02-16T11:04:52.4501296Z remote: Counting objects:  76% (99/129)        
build (20.x)	Run actions/checkout@v3	2026-02-16T11:04:52.4503550Z remote: Counting objects:  77% (100/129)        
build (20.x)	Run actions/checkout@v3	2026-02-16T11:04:52.4505429Z remote: Counting objects:  78% (101/129)        
build (20.x)	Run actions/checkout@v3	2026-02-16T11:04:52.4507137Z remote: Counting objects:  79% (102/129)        
build (20.x)	Run actions/checkout@v3	2026-02-16T11:04:52.4508888Z remote: Counting objects:  80% (104/129)        
build (20.x)	Run actions/checkout@v3	2026-02-16T11:04:52.4510835Z remote: Counting objects:  81% (105/129)        
build (20.x)	Run actions/checkout@v3	2026-02-16T11:04:52.4512349Z remote: Counting objects:  82% (106/129)        
build (20.x)	Run actions/checkout@v3	2026-02-16T11:04:52.4513803Z remote: Counting objects:  83% (108/129)        
build (20.x)	Run actions/checkout@v3	2026-02-16T11:04:52.4515261Z remote: Counting objects:  84% (109/129)        
build (20.x)	Run actions/checkout@v3	2026-02-16T11:04:52.4517331Z remote: Counting objects:  85% (110/129)        
build (20.x)	Run actions/checkout@v3	2026-02-16T11:04:52.4519082Z remote: Counting objects:  86% (111/129)        
build (20.x)	Run actions/checkout@v3	2026-02-16T11:04:52.4521093Z remote: Counting objects:  87% (113/129)        
build (20.x)	Run actions/checkout@v3	2026-02-16T11:04:52.4522583Z remote: Counting objects:  88% (114/129)        
build (20.x)	Run actions/checkout@v3	2026-02-16T11:04:52.4524036Z remote: Counting objects:  89% (115/129)        
build (20.x)	Run actions/checkout@v3	2026-02-16T11:04:52.4526088Z remote: Counting objects:  90% (117/129)        
build (20.x)	Run actions/checkout@v3	2026-02-16T11:04:52.4527664Z remote: Counting objects:  91% (118/129)        
build (20.x)	Run actions/checkout@v3	2026-02-16T11:04:52.4529337Z remote: Counting objects:  92% (119/129)        
build (20.x)	Run actions/checkout@v3	2026-02-16T11:04:52.4531602Z remote: Counting objects:  93% (120/129)        
build (20.x)	Run actions/checkout@v3	2026-02-16T11:04:52.4533441Z remote: Counting objects:  94% (122/129)        
build (20.x)	Run actions/checkout@v3	2026-02-16T11:04:52.4535101Z remote: Counting objects:  95% (123/129)        
build (20.x)	Run actions/checkout@v3	2026-02-16T11:04:52.4537333Z remote: Counting objects:  96% (124/129)        
build (20.x)	Run actions/checkout@v3	2026-02-16T11:04:52.4539660Z remote: Counting objects:  97% (126/129)        
build (20.x)	Run actions/checkout@v3	2026-02-16T11:04:52.4541163Z remote: Counting objects:  98% (127/129)        
build (20.x)	Run actions/checkout@v3	2026-02-16T11:04:52.4543023Z remote: Counting objects:  99% (128/129)        
build (20.x)	Run actions/checkout@v3	2026-02-16T11:04:52.4545318Z remote: Counting objects: 100% (129/129)        
build (20.x)	Run actions/checkout@v3	2026-02-16T11:04:52.4548022Z remote: Counting objects: 100% (129/129), done.        
build (20.x)	Run actions/checkout@v3	2026-02-16T11:04:52.4551160Z remote: Compressing objects:   0% (1/122)        
build (20.x)	Run actions/checkout@v3	2026-02-16T11:04:52.4553722Z remote: Compressing objects:   1% (2/122)        
build (20.x)	Run actions/checkout@v3	2026-02-16T11:04:52.4555738Z remote: Compressing objects:   2% (3/122)        
build (20.x)	Run actions/checkout@v3	2026-02-16T11:04:52.4557207Z remote: Compressing objects:   3% (4/122)        
build (20.x)	Run actions/checkout@v3	2026-02-16T11:04:52.4559367Z remote: Compressing objects:   4% (5/122)        
build (20.x)	Run actions/checkout@v3	2026-02-16T11:04:52.4561620Z remote: Compressing objects:   5% (7/122)        
build (20.x)	Run actions/checkout@v3	2026-02-16T11:04:52.4563800Z remote: Compressing objects:   6% (8/122)        
build (20.x)	Run actions/checkout@v3	2026-02-16T11:04:52.4565981Z remote: Compressing objects:   7% (9/122)        
build (20.x)	Run actions/checkout@v3	2026-02-16T11:04:52.4567568Z remote: Compressing objects:   8% (10/122)        
build (20.x)	Run actions/checkout@v3	2026-02-16T11:04:52.4569769Z remote: Compressing objects:   9% (11/122)        
build (20.x)	Run actions/checkout@v3	2026-02-16T11:04:52.4571786Z remote: Compressing objects:  10% (13/122)        
build (20.x)	Run actions/checkout@v3	2026-02-16T11:04:52.4573233Z remote: Compressing objects:  11% (14/122)        
build (20.x)	Run actions/checkout@v3	2026-02-16T11:04:52.4574645Z remote: Compressing objects:  12% (15/122)        
build (20.x)	Run actions/checkout@v3	2026-02-16T11:04:52.4576084Z remote: Compressing objects:  13% (16/122)        
build (20.x)	Run actions/checkout@v3	2026-02-16T11:04:52.4577504Z remote: Compressing objects:  14% (18/122)        
build (20.x)	Run actions/checkout@v3	2026-02-16T11:04:52.4579157Z remote: Compressing objects:  15% (19/122)        
build (20.x)	Run actions/checkout@v3	2026-02-16T11:04:52.4580566Z remote: Compressing objects:  16% (20/122)        
build (20.x)	Run actions/checkout@v3	2026-02-16T11:04:52.4581988Z remote: Compressing objects:  17% (21/122)        
build (20.x)	Run actions/checkout@v3	2026-02-16T11:04:52.4583496Z remote: Compressing objects:  18% (22/122)        
build (20.x)	Run actions/checkout@v3	2026-02-16T11:04:52.4584930Z remote: Compressing objects:  19% (24/122)        
build (20.x)	Run actions/checkout@v3	2026-02-16T11:04:52.4586354Z remote: Compressing objects:  20% (25/122)        
build (20.x)	Run actions/checkout@v3	2026-02-16T11:04:52.4587878Z remote: Compressing objects:  21% (26/122)        
build (20.x)	Run actions/checkout@v3	2026-02-16T11:04:52.4589327Z remote: Compressing objects:  22% (27/122)        
build (20.x)	Run actions/checkout@v3	2026-02-16T11:04:52.4590725Z remote: Compressing objects:  23% (29/122)        
build (20.x)	Run actions/checkout@v3	2026-02-16T11:04:52.4592145Z remote: Compressing objects:  24% (30/122)        
build (20.x)	Run actions/checkout@v3	2026-02-16T11:04:52.4593567Z remote: Compressing objects:  25% (31/122)        
build (20.x)	Run actions/checkout@v3	2026-02-16T11:04:52.4595205Z remote: Compressing objects:  26% (32/122)        
build (20.x)	Run actions/checkout@v3	2026-02-16T11:04:52.4597209Z remote: Compressing objects:  27% (33/122)        
build (20.x)	Run actions/checkout@v3	2026-02-16T11:04:52.4599508Z remote: Compressing objects:  28% (35/122)        
build (20.x)	Run actions/checkout@v3	2026-02-16T11:04:52.4601210Z remote: Compressing objects:  29% (36/122)        
build (20.x)	Run actions/checkout@v3	2026-02-16T11:04:52.4602842Z remote: Compressing objects:  30% (37/122)        
build (20.x)	Run actions/checkout@v3	2026-02-16T11:04:52.4605051Z remote: Compressing objects:  31% (38/122)        
build (20.x)	Run actions/checkout@v3	2026-02-16T11:04:52.4607298Z remote: Compressing objects:  32% (40/122)        
build (20.x)	Run actions/checkout@v3	2026-02-16T11:04:52.4609393Z remote: Compressing objects:  33% (41/122)        
build (20.x)	Run actions/checkout@v3	2026-02-16T11:04:52.4610832Z remote: Compressing objects:  34% (42/122)        
build (20.x)	Run actions/checkout@v3	2026-02-16T11:04:52.4612261Z remote: Compressing objects:  35% (43/122)        
build (20.x)	Run actions/checkout@v3	2026-02-16T11:04:52.4613687Z remote: Compressing objects:  36% (44/122)        
build (20.x)	Run actions/checkout@v3	2026-02-16T11:04:52.4615338Z remote: Compressing objects:  37% (46/122)        
build (20.x)	Run actions/checkout@v3	2026-02-16T11:04:52.4616816Z remote: Compressing objects:  38% (47/122)        
build (20.x)	Run actions/checkout@v3	2026-02-16T11:04:52.4618623Z remote: Compressing objects:  39% (48/122)        
build (20.x)	Run actions/checkout@v3	2026-02-16T11:04:52.4620514Z remote: Compressing objects:  40% (49/122)        
build (20.x)	Run actions/checkout@v3	2026-02-16T11:04:52.4622108Z remote: Compressing objects:  41% (51/122)        
build (20.x)	Run actions/checkout@v3	2026-02-16T11:04:52.4623530Z remote: Compressing objects:  42% (52/122)        
build (20.x)	Run actions/checkout@v3	2026-02-16T11:04:52.4624928Z remote: Compressing objects:  43% (53/122)        
build (20.x)	Run actions/checkout@v3	2026-02-16T11:04:52.4626331Z remote: Compressing objects:  44% (54/122)        
build (20.x)	Run actions/checkout@v3	2026-02-16T11:04:52.4627737Z remote: Compressing objects:  45% (55/122)        
build (20.x)	Run actions/checkout@v3	2026-02-16T11:04:52.4629372Z remote: Compressing objects:  46% (57/122)        
build (20.x)	Run actions/checkout@v3	2026-02-16T11:04:52.4630777Z remote: Compressing objects:  47% (58/122)        
build (20.x)	Run actions/checkout@v3	2026-02-16T11:04:52.4632183Z remote: Compressing objects:  48% (59/122)        
build (20.x)	Run actions/checkout@v3	2026-02-16T11:04:52.4633578Z remote: Compressing objects:  49% (60/122)        
build (20.x)	Run actions/checkout@v3	2026-02-16T11:04:52.4634965Z remote: Compressing objects:  50% (61/122)        
build (20.x)	Run actions/checkout@v3	2026-02-16T11:04:52.4636387Z remote: Compressing objects:  51% (63/122)        
build (20.x)	Run actions/checkout@v3	2026-02-16T11:04:52.4638404Z remote: Compressing objects:  52% (64/122)        
build (20.x)	Run actions/checkout@v3	2026-02-16T11:04:52.4639827Z remote: Compressing objects:  53% (65/122)        
build (20.x)	Run actions/checkout@v3	2026-02-16T11:04:52.4641221Z remote: Compressing objects:  54% (66/122)        
build (20.x)	Run actions/checkout@v3	2026-02-16T11:04:52.4642604Z remote: Compressing objects:  55% (68/122)        
build (20.x)	Run actions/checkout@v3	2026-02-16T11:04:52.4644108Z remote: Compressing objects:  56% (69/122)        
build (20.x)	Run actions/checkout@v3	2026-02-16T11:04:52.4645499Z remote: Compressing objects:  57% (70/122)        
build (20.x)	Run actions/checkout@v3	2026-02-16T11:04:52.4647071Z remote: Compressing objects:  58% (71/122)        
build (20.x)	Run actions/checkout@v3	2026-02-16T11:04:52.4648712Z remote: Compressing objects:  59% (72/122)        
build (20.x)	Run actions/checkout@v3	2026-02-16T11:04:52.4650659Z remote: Compressing objects:  60% (74/122)        
build (20.x)	Run actions/checkout@v3	2026-02-16T11:04:52.4652855Z remote: Compressing objects:  61% (75/122)        
build (20.x)	Run actions/checkout@v3	2026-02-16T11:04:52.4654497Z remote: Compressing objects:  62% (76/122)        
build (20.x)	Run actions/checkout@v3	2026-02-16T11:04:52.4656357Z remote: Compressing objects:  63% (77/122)        
build (20.x)	Run actions/checkout@v3	2026-02-16T11:04:52.4658708Z remote: Compressing objects:  64% (79/122)        
build (20.x)	Run actions/checkout@v3	2026-02-16T11:04:52.4660662Z remote: Compressing objects:  65% (80/122)        
build (20.x)	Run actions/checkout@v3	2026-02-16T11:04:52.4662760Z remote: Compressing objects:  66% (81/122)        
build (20.x)	Run actions/checkout@v3	2026-02-16T11:04:52.4664198Z remote: Compressing objects:  67% (82/122)        
build (20.x)	Run actions/checkout@v3	2026-02-16T11:04:52.4665578Z remote: Compressing objects:  68% (83/122)        
build (20.x)	Run actions/checkout@v3	2026-02-16T11:04:52.4666948Z remote: Compressing objects:  69% (85/122)        
build (20.x)	Run actions/checkout@v3	2026-02-16T11:04:52.4668631Z remote: Compressing objects:  70% (86/122)        
build (20.x)	Run actions/checkout@v3	2026-02-16T11:04:52.4670002Z remote: Compressing objects:  71% (87/122)        
build (20.x)	Run actions/checkout@v3	2026-02-16T11:04:52.4671413Z remote: Compressing objects:  72% (88/122)        
build (20.x)	Run actions/checkout@v3	2026-02-16T11:04:52.4672834Z remote: Compressing objects:  73% (90/122)        
build (20.x)	Run actions/checkout@v3	2026-02-16T11:04:52.4674252Z remote: Compressing objects:  74% (91/122)        
build (20.x)	Run actions/checkout@v3	2026-02-16T11:04:52.4675694Z remote: Compressing objects:  75% (92/122)        
build (20.x)	Run actions/checkout@v3	2026-02-16T11:04:52.4677074Z remote: Compressing objects:  76% (93/122)        
build (20.x)	Run actions/checkout@v3	2026-02-16T11:04:52.4678945Z remote: Compressing objects:  77% (94/122)        
build (20.x)	Run actions/checkout@v3	2026-02-16T11:04:52.4680360Z remote: Compressing objects:  78% (96/122)        
build (20.x)	Run actions/checkout@v3	2026-02-16T11:04:52.4681757Z remote: Compressing objects:  79% (97/122)        
build (20.x)	Run actions/checkout@v3	2026-02-16T11:04:52.4683150Z remote: Compressing objects:  80% (98/122)        
build (20.x)	Run actions/checkout@v3	2026-02-16T11:04:52.4684564Z remote: Compressing objects:  81% (99/122)        
build (20.x)	Run actions/checkout@v3	2026-02-16T11:04:52.4686004Z remote: Compressing objects:  82% (101/122)        
build (20.x)	Run actions/checkout@v3	2026-02-16T11:04:52.4687418Z remote: Compressing objects:  83% (102/122)        
build (20.x)	Run actions/checkout@v3	2026-02-16T11:04:52.4688969Z remote: Compressing objects:  84% (103/122)        
build (20.x)	Run actions/checkout@v3	2026-02-16T11:04:52.4690376Z remote: Compressing objects:  85% (104/122)        
build (20.x)	Run actions/checkout@v3	2026-02-16T11:04:52.4691806Z remote: Compressing objects:  86% (105/122)        
build (20.x)	Run actions/checkout@v3	2026-02-16T11:04:52.4693220Z remote: Compressing objects:  87% (107/122)        
build (20.x)	Run actions/checkout@v3	2026-02-16T11:04:52.4694634Z remote: Compressing objects:  88% (108/122)        
build (20.x)	Run actions/checkout@v3	2026-02-16T11:04:52.4696049Z remote: Compressing objects:  89% (109/122)        
build (20.x)	Run actions/checkout@v3	2026-02-16T11:04:52.4697482Z remote: Compressing objects:  90% (110/122)        
build (20.x)	Run actions/checkout@v3	2026-02-16T11:04:52.4699017Z remote: Compressing objects:  91% (112/122)        
build (20.x)	Run actions/checkout@v3	2026-02-16T11:04:52.4700431Z remote: Compressing objects:  92% (113/122)        
build (20.x)	Run actions/checkout@v3	2026-02-16T11:04:52.4701847Z remote: Compressing objects:  93% (114/122)        
build (20.x)	Run actions/checkout@v3	2026-02-16T11:04:52.4703244Z remote: Compressing objects:  94% (115/122)        
build (20.x)	Run actions/checkout@v3	2026-02-16T11:04:52.4704653Z remote: Compressing objects:  95% (116/122)        
build (20.x)	Run actions/checkout@v3	2026-02-16T11:04:52.4706064Z remote: Compressing objects:  96% (118/122)        
build (20.x)	Run actions/checkout@v3	2026-02-16T11:04:52.4707455Z remote: Compressing objects:  97% (119/122)        
build (20.x)	Run actions/checkout@v3	2026-02-16T11:04:52.4708947Z remote: Compressing objects:  98% (120/122)        
build (20.x)	Run actions/checkout@v3	2026-02-16T11:04:52.4710362Z remote: Compressing objects:  99% (121/122)        
build (20.x)	Run actions/checkout@v3	2026-02-16T11:04:52.4711752Z remote: Compressing objects: 100% (122/122)        
build (20.x)	Run actions/checkout@v3	2026-02-16T11:04:52.4713285Z remote: Compressing objects: 100% (122/122), done.        
build (20.x)	Run actions/checkout@v3	2026-02-16T11:04:52.4714668Z Receiving objects:   0% (1/129)
build (20.x)	Run actions/checkout@v3	2026-02-16T11:04:52.4715869Z Receiving objects:   1% (2/129)
build (20.x)	Run actions/checkout@v3	2026-02-16T11:04:52.4716929Z Receiving objects:   2% (3/129)
build (20.x)	Run actions/checkout@v3	2026-02-16T11:04:52.4718196Z Receiving objects:   3% (4/129)
build (20.x)	Run actions/checkout@v3	2026-02-16T11:04:52.4719256Z Receiving objects:   4% (6/129)
build (20.x)	Run actions/checkout@v3	2026-02-16T11:04:52.4720275Z Receiving objects:   5% (7/129)
build (20.x)	Run actions/checkout@v3	2026-02-16T11:04:52.4721277Z Receiving objects:   6% (8/129)
build (20.x)	Run actions/checkout@v3	2026-02-16T11:04:52.4722296Z Receiving objects:   7% (10/129)
build (20.x)	Run actions/checkout@v3	2026-02-16T11:04:52.4723324Z Receiving objects:   8% (11/129)
build (20.x)	Run actions/checkout@v3	2026-02-16T11:04:52.4724354Z Receiving objects:   9% (12/129)
build (20.x)	Run actions/checkout@v3	2026-02-16T11:04:52.4725382Z Receiving objects:  10% (13/129)
build (20.x)	Run actions/checkout@v3	2026-02-16T11:04:52.4726410Z Receiving objects:  11% (15/129)
build (20.x)	Run actions/checkout@v3	2026-02-16T11:04:52.4727452Z Receiving objects:  12% (16/129)
build (20.x)	Run actions/checkout@v3	2026-02-16T11:04:52.4728763Z Receiving objects:  13% (17/129)
build (20.x)	Run actions/checkout@v3	2026-02-16T11:04:52.4730211Z Receiving objects:  14% (19/129)
build (20.x)	Run actions/checkout@v3	2026-02-16T11:04:52.4731969Z Receiving objects:  15% (20/129)
build (20.x)	Run actions/checkout@v3	2026-02-16T11:04:52.4733186Z Receiving objects:  16% (21/129)
build (20.x)	Run actions/checkout@v3	2026-02-16T11:04:52.4734256Z Receiving objects:  17% (22/129)
build (20.x)	Run actions/checkout@v3	2026-02-16T11:04:52.4735311Z Receiving objects:  18% (24/129)
build (20.x)	Run actions/checkout@v3	2026-02-16T11:04:52.4736361Z Receiving objects:  19% (25/129)
build (20.x)	Run actions/checkout@v3	2026-02-16T11:04:52.4737412Z Receiving objects:  20% (26/129)
build (20.x)	Run actions/checkout@v3	2026-02-16T11:04:52.4738720Z Receiving objects:  21% (28/129)
build (20.x)	Run actions/checkout@v3	2026-02-16T11:04:52.4739797Z Receiving objects:  22% (29/129)
build (20.x)	Run actions/checkout@v3	2026-02-16T11:04:52.4891254Z Receiving objects:  23% (30/129)
build (20.x)	Run actions/checkout@v3	2026-02-16T11:04:52.4893079Z Receiving objects:  24% (31/129)
build (20.x)	Run actions/checkout@v3	2026-02-16T11:04:52.4894736Z Receiving objects:  25% (33/129)
build (20.x)	Run actions/checkout@v3	2026-02-16T11:04:52.4896453Z Receiving objects:  26% (34/129)
build (20.x)	Run actions/checkout@v3	2026-02-16T11:04:52.4898329Z Receiving objects:  27% (35/129)
build (20.x)	Run actions/checkout@v3	2026-02-16T11:04:52.4976676Z Receiving objects:  28% (37/129)
build (20.x)	Run actions/checkout@v3	2026-02-16T11:04:52.4978827Z Receiving objects:  29% (38/129)
build (20.x)	Run actions/checkout@v3	2026-02-16T11:04:52.4981019Z Receiving objects:  30% (39/129)
build (20.x)	Run actions/checkout@v3	2026-02-16T11:04:52.4982394Z Receiving objects:  31% (40/129)
build (20.x)	Run actions/checkout@v3	2026-02-16T11:04:52.4984663Z Receiving objects:  32% (42/129)
build (20.x)	Run actions/checkout@v3	2026-02-16T11:04:52.4986621Z Receiving objects:  33% (43/129)
build (20.x)	Run actions/checkout@v3	2026-02-16T11:04:52.4989342Z Receiving objects:  34% (44/129)
build (20.x)	Run actions/checkout@v3	2026-02-16T11:04:52.4991055Z Receiving objects:  35% (46/129)
build (20.x)	Run actions/checkout@v3	2026-02-16T11:04:52.4992717Z Receiving objects:  36% (47/129)
build (20.x)	Run actions/checkout@v3	2026-02-16T11:04:52.4994358Z Receiving objects:  37% (48/129)
build (20.x)	Run actions/checkout@v3	2026-02-16T11:04:52.4996027Z Receiving objects:  38% (50/129)
build (20.x)	Run actions/checkout@v3	2026-02-16T11:04:52.4997671Z Receiving objects:  39% (51/129)
build (20.x)	Run actions/checkout@v3	2026-02-16T11:04:52.4999496Z Receiving objects:  40% (52/129)
build (20.x)	Run actions/checkout@v3	2026-02-16T11:04:52.5001147Z Receiving objects:  41% (53/129)
build (20.x)	Run actions/checkout@v3	2026-02-16T11:04:52.5002818Z Receiving objects:  42% (55/129)
build (20.x)	Run actions/checkout@v3	2026-02-16T11:04:52.5004452Z Receiving objects:  43% (56/129)
build (20.x)	Run actions/checkout@v3	2026-02-16T11:04:52.5006153Z Receiving objects:  44% (57/129)
build (20.x)	Run actions/checkout@v3	2026-02-16T11:04:52.5008086Z Receiving objects:  45% (59/129)
build (20.x)	Run actions/checkout@v3	2026-02-16T11:04:52.5009777Z Receiving objects:  46% (60/129)
build (20.x)	Run actions/checkout@v3	2026-02-16T11:04:52.5011083Z Receiving objects:  47% (61/129)
build (20.x)	Run actions/checkout@v3	2026-02-16T11:04:52.5012125Z Receiving objects:  48% (62/129)
build (20.x)	Run actions/checkout@v3	2026-02-16T11:04:52.5013169Z Receiving objects:  49% (64/129)
build (20.x)	Run actions/checkout@v3	2026-02-16T11:04:52.5014223Z Receiving objects:  50% (65/129)
build (20.x)	Run actions/checkout@v3	2026-02-16T11:04:52.5015276Z Receiving objects:  51% (66/129)
build (20.x)	Run actions/checkout@v3	2026-02-16T11:04:52.5016301Z Receiving objects:  52% (68/129)
build (20.x)	Run actions/checkout@v3	2026-02-16T11:04:52.5017313Z Receiving objects:  53% (69/129)
build (20.x)	Run actions/checkout@v3	2026-02-16T11:04:52.5018628Z Receiving objects:  54% (70/129)
build (20.x)	Run actions/checkout@v3	2026-02-16T11:04:52.5019660Z Receiving objects:  55% (71/129)
build (20.x)	Run actions/checkout@v3	2026-02-16T11:04:52.5020694Z Receiving objects:  56% (73/129)
build (20.x)	Run actions/checkout@v3	2026-02-16T11:04:52.5021725Z Receiving objects:  57% (74/129)
build (20.x)	Run actions/checkout@v3	2026-02-16T11:04:52.5022754Z Receiving objects:  58% (75/129)
build (20.x)	Run actions/checkout@v3	2026-02-16T11:04:52.5023771Z Receiving objects:  59% (77/129)
build (20.x)	Run actions/checkout@v3	2026-02-16T11:04:52.5024843Z Receiving objects:  60% (78/129)
build (20.x)	Run actions/checkout@v3	2026-02-16T11:04:52.5025850Z Receiving objects:  61% (79/129)
build (20.x)	Run actions/checkout@v3	2026-02-16T11:04:52.5026868Z Receiving objects:  62% (80/129)
build (20.x)	Run actions/checkout@v3	2026-02-16T11:04:52.5028067Z Receiving objects:  63% (82/129)
build (20.x)	Run actions/checkout@v3	2026-02-16T11:04:52.5029144Z Receiving objects:  64% (83/129)
build (20.x)	Run actions/checkout@v3	2026-02-16T11:04:52.5030161Z Receiving objects:  65% (84/129)
build (20.x)	Run actions/checkout@v3	2026-02-16T11:04:52.5031184Z Receiving objects:  66% (86/129)
build (20.x)	Run actions/checkout@v3	2026-02-16T11:04:52.5033169Z Receiving objects:  67% (87/129)
build (20.x)	Run actions/checkout@v3	2026-02-16T11:04:52.5034842Z Receiving objects:  68% (88/129)
build (20.x)	Run actions/checkout@v3	2026-02-16T11:04:52.5036443Z Receiving objects:  69% (90/129)
build (20.x)	Run actions/checkout@v3	2026-02-16T11:04:52.5038240Z Receiving objects:  70% (91/129)
build (20.x)	Run actions/checkout@v3	2026-02-16T11:04:52.5039907Z Receiving objects:  71% (92/129)
build (20.x)	Run actions/checkout@v3	2026-02-16T11:04:52.5041561Z Receiving objects:  72% (93/129)
build (20.x)	Run actions/checkout@v3	2026-02-16T11:04:52.5043254Z Receiving objects:  73% (95/129)
build (20.x)	Run actions/checkout@v3	2026-02-16T11:04:52.5044865Z Receiving objects:  74% (96/129)
build (20.x)	Run actions/checkout@v3	2026-02-16T11:04:52.5046521Z Receiving objects:  75% (97/129)
build (20.x)	Run actions/checkout@v3	2026-02-16T11:04:52.5048325Z Receiving objects:  76% (99/129)
build (20.x)	Run actions/checkout@v3	2026-02-16T11:04:52.5050004Z Receiving objects:  77% (100/129)
build (20.x)	Run actions/checkout@v3	2026-02-16T11:04:52.5051690Z Receiving objects:  78% (101/129)
build (20.x)	Run actions/checkout@v3	2026-02-16T11:04:52.5053072Z Receiving objects:  79% (102/129)
build (20.x)	Run actions/checkout@v3	2026-02-16T11:04:52.5054291Z Receiving objects:  80% (104/129)
build (20.x)	Run actions/checkout@v3	2026-02-16T11:04:52.5055381Z Receiving objects:  81% (105/129)
build (20.x)	Run actions/checkout@v3	2026-02-16T11:04:52.5056436Z Receiving objects:  82% (106/129)
build (20.x)	Run actions/checkout@v3	2026-02-16T11:04:52.5057504Z Receiving objects:  83% (108/129)
build (20.x)	Run actions/checkout@v3	2026-02-16T11:04:52.5059292Z Receiving objects:  84% (109/129)
build (20.x)	Run actions/checkout@v3	2026-02-16T11:04:52.5060341Z Receiving objects:  85% (110/129)
build (20.x)	Run actions/checkout@v3	2026-02-16T11:04:52.5061367Z Receiving objects:  86% (111/129)
build (20.x)	Run actions/checkout@v3	2026-02-16T11:04:52.5062398Z Receiving objects:  87% (113/129)
build (20.x)	Run actions/checkout@v3	2026-02-16T11:04:52.5063429Z Receiving objects:  88% (114/129)
build (20.x)	Run actions/checkout@v3	2026-02-16T11:04:52.5064462Z Receiving objects:  89% (115/129)
build (20.x)	Run actions/checkout@v3	2026-02-16T11:04:52.5065880Z Receiving objects:  90% (117/129)
build (20.x)	Run actions/checkout@v3	2026-02-16T11:04:52.5067460Z Receiving objects:  91% (118/129)
build (20.x)	Run actions/checkout@v3	2026-02-16T11:04:52.5068956Z Receiving objects:  92% (119/129)
build (20.x)	Run actions/checkout@v3	2026-02-16T11:04:52.5070449Z remote: Total 129 (delta 5), reused 50 (delta 2), pack-reused 0 (from 0)        
build (20.x)	Run actions/checkout@v3	2026-02-16T11:04:52.5072044Z Receiving objects:  93% (120/129)
build (20.x)	Run actions/checkout@v3	2026-02-16T11:04:52.5073062Z Receiving objects:  94% (122/129)
build (20.x)	Run actions/checkout@v3	2026-02-16T11:04:52.5074095Z Receiving objects:  95% (123/129)
build (20.x)	Run actions/checkout@v3	2026-02-16T11:04:52.5075113Z Receiving objects:  96% (124/129)
build (20.x)	Run actions/checkout@v3	2026-02-16T11:04:52.5080034Z Receiving objects:  97% (126/129)
build (20.x)	Run actions/checkout@v3	2026-02-16T11:04:52.5081078Z Receiving objects:  98% (127/129)
build (20.x)	Run actions/checkout@v3	2026-02-16T11:04:52.5082108Z Receiving objects:  99% (128/129)
build (20.x)	Run actions/checkout@v3	2026-02-16T11:04:52.5083136Z Receiving objects: 100% (129/129)
build (20.x)	Run actions/checkout@v3	2026-02-16T11:04:52.5085026Z Receiving objects: 100% (129/129), 303.79 KiB | 7.41 MiB/s, done.
build (20.x)	Run actions/checkout@v3	2026-02-16T11:04:52.5087052Z Resolving deltas:   0% (0/5)
build (20.x)	Run actions/checkout@v3	2026-02-16T11:04:52.5088409Z Resolving deltas:  20% (1/5)
build (20.x)	Run actions/checkout@v3	2026-02-16T11:04:52.5089405Z Resolving deltas:  40% (2/5)
build (20.x)	Run actions/checkout@v3	2026-02-16T11:04:52.5090372Z Resolving deltas:  80% (4/5)
build (20.x)	Run actions/checkout@v3	2026-02-16T11:04:52.5091337Z Resolving deltas: 100% (5/5)
build (20.x)	Run actions/checkout@v3	2026-02-16T11:04:52.5092835Z Resolving deltas: 100% (5/5), done.
build (20.x)	Run actions/checkout@v3	2026-02-16T11:04:52.5141247Z From https://github.com/Illusion47586/isol8
build (20.x)	Run actions/checkout@v3	2026-02-16T11:04:52.5143041Z  * [new ref]         45e07104cf5b83835a0e3be0feb443beb37831e6 -> pull/20/merge
build (20.x)	Run actions/checkout@v3	2026-02-16T11:04:52.5180974Z ##[endgroup]
build (20.x)	Run actions/checkout@v3	2026-02-16T11:04:52.5183046Z ##[group]Determining the checkout info
build (20.x)	Run actions/checkout@v3	2026-02-16T11:04:52.5185010Z ##[endgroup]
build (20.x)	Run actions/checkout@v3	2026-02-16T11:04:52.5187054Z ##[group]Checking out the ref
build (20.x)	Run actions/checkout@v3	2026-02-16T11:04:52.5189107Z [command]/usr/bin/git checkout --progress --force refs/remotes/pull/20/merge
build (20.x)	Run actions/checkout@v3	2026-02-16T11:04:52.5309766Z Note: switching to 'refs/remotes/pull/20/merge'.
build (20.x)	Run actions/checkout@v3	2026-02-16T11:04:52.5310756Z 
build (20.x)	Run actions/checkout@v3	2026-02-16T11:04:52.5311555Z You are in 'detached HEAD' state. You can look around, make experimental
build (20.x)	Run actions/checkout@v3	2026-02-16T11:04:52.5313583Z changes and commit them, and you can discard any commits you make in this
build (20.x)	Run actions/checkout@v3	2026-02-16T11:04:52.5315550Z state without impacting any branches by switching back to a branch.
build (20.x)	Run actions/checkout@v3	2026-02-16T11:04:52.5316736Z 
build (20.x)	Run actions/checkout@v3	2026-02-16T11:04:52.5318008Z If you want to create a new branch to retain commits you create, you may
build (20.x)	Run actions/checkout@v3	2026-02-16T11:04:52.5320266Z do so (now or later) by using -c with the switch command. Example:
build (20.x)	Run actions/checkout@v3	2026-02-16T11:04:52.5321384Z 
build (20.x)	Run actions/checkout@v3	2026-02-16T11:04:52.5321802Z   git switch -c <new-branch-name>
build (20.x)	Run actions/checkout@v3	2026-02-16T11:04:52.5322537Z 
build (20.x)	Run actions/checkout@v3	2026-02-16T11:04:52.5322916Z Or undo this operation with:
build (20.x)	Run actions/checkout@v3	2026-02-16T11:04:52.5323582Z 
build (20.x)	Run actions/checkout@v3	2026-02-16T11:04:52.5323947Z   git switch -
build (20.x)	Run actions/checkout@v3	2026-02-16T11:04:52.5324700Z 
build (20.x)	Run actions/checkout@v3	2026-02-16T11:04:52.5325544Z Turn off this advice by setting config variable advice.detachedHead to false
build (20.x)	Run actions/checkout@v3	2026-02-16T11:04:52.5326903Z 
build (20.x)	Run actions/checkout@v3	2026-02-16T11:04:52.5328734Z HEAD is now at 45e0710 Merge da078628312b08a4677745d2936eb559581ce263 into 817d598806e2f27e68fe312cc40201a8c9c37c18
build (20.x)	Run actions/checkout@v3	2026-02-16T11:04:52.5333091Z ##[endgroup]
build (20.x)	Run actions/checkout@v3	2026-02-16T11:04:52.5358263Z [command]/usr/bin/git log -1 --format='%H'
build (20.x)	Run actions/checkout@v3	2026-02-16T11:04:52.5382951Z '45e07104cf5b83835a0e3be0feb443beb37831e6'
build (20.x)	Setup Bun	ï»¿2026-02-16T11:04:52.5687255Z ##[group]Run oven-sh/setup-bun@v2
build (20.x)	Setup Bun	2026-02-16T11:04:52.5688417Z with:
build (20.x)	Setup Bun	2026-02-16T11:04:52.5689102Z   bun-version: latest
build (20.x)	Setup Bun	2026-02-16T11:04:52.5689913Z   no-cache: false
build (20.x)	Setup Bun	2026-02-16T11:04:52.5690961Z   token: ***
build (20.x)	Setup Bun	2026-02-16T11:04:52.5691669Z ##[endgroup]
build (20.x)	Setup Bun	2026-02-16T11:04:52.9560443Z Downloading a new version of Bun: https://github.com/oven-sh/bun/releases/download/bun-v1.3.9/bun-linux-x64.zip
build (20.x)	Setup Bun	2026-02-16T11:04:53.2809496Z [command]/usr/bin/unzip -o -q /home/runner/work/_temp/1432dde4-ac61-4769-8da3-81587d60e76a.zip
build (20.x)	Setup Bun	2026-02-16T11:04:54.0400406Z [command]/home/runner/.bun/bin/bun --revision
build (20.x)	Setup Bun	2026-02-16T11:04:54.0442015Z 1.3.9+cf6cdbbba
build (20.x)	Cache dependencies	ï»¿2026-02-16T11:04:54.1380874Z ##[group]Run actions/cache@v4
build (20.x)	Cache dependencies	2026-02-16T11:04:54.1381189Z with:
build (20.x)	Cache dependencies	2026-02-16T11:04:54.1381386Z   path: ~/.bun/install/cache
build (20.x)	Cache dependencies	2026-02-16T11:04:54.1381803Z   key: Linux-bun-1646e64e5bdde24330a24e208cf2a7cef5e2e4d49ba7266d72a37889326dfbf8
build (20.x)	Cache dependencies	2026-02-16T11:04:54.1382234Z   restore-keys: Linux-bun-
build (20.x)	Cache dependencies	
build (20.x)	Cache dependencies	2026-02-16T11:04:54.1382488Z   enableCrossOsArchive: false
build (20.x)	Cache dependencies	2026-02-16T11:04:54.1382730Z   fail-on-cache-miss: false
build (20.x)	Cache dependencies	2026-02-16T11:04:54.1382955Z   lookup-only: false
build (20.x)	Cache dependencies	2026-02-16T11:04:54.1383168Z   save-always: false
build (20.x)	Cache dependencies	2026-02-16T11:04:54.1383358Z ##[endgroup]
build (20.x)	Cache dependencies	2026-02-16T11:04:54.3534840Z Cache hit for: Linux-bun-1646e64e5bdde24330a24e208cf2a7cef5e2e4d49ba7266d72a37889326dfbf8
build (20.x)	Cache dependencies	2026-02-16T11:04:54.8722371Z Received 89656331 of 89656331 (100.0%), 177.8 MBs/sec
build (20.x)	Cache dependencies	2026-02-16T11:04:54.8723227Z Cache Size: ~86 MB (89656331 B)
build (20.x)	Cache dependencies	2026-02-16T11:04:54.8754512Z [command]/usr/bin/tar -xf /home/runner/work/_temp/6670bf2a-fd59-410b-8f18-91ece3724d4c/cache.tzst -P -C /home/runner/work/isol8/isol8 --use-compress-program unzstd
build (20.x)	Cache dependencies	2026-02-16T11:04:57.0125301Z Cache restored successfully
build (20.x)	Cache dependencies	2026-02-16T11:04:57.0387622Z Cache restored from key: Linux-bun-1646e64e5bdde24330a24e208cf2a7cef5e2e4d49ba7266d72a37889326dfbf8
build (20.x)	Install dependencies	ï»¿2026-02-16T11:04:57.0510188Z ##[group]Run bun install --frozen-lockfile
build (20.x)	Install dependencies	2026-02-16T11:04:57.0510631Z [36;1mbun install --frozen-lockfile[0m
build (20.x)	Install dependencies	2026-02-16T11:04:57.0565666Z shell: /usr/bin/bash -e {0}
build (20.x)	Install dependencies	2026-02-16T11:04:57.0565981Z ##[endgroup]
build (20.x)	Install dependencies	2026-02-16T11:04:57.0689871Z bun install v1.3.9 (cf6cdbbb)
build (20.x)	Install dependencies	2026-02-16T11:05:07.2331502Z 
build (20.x)	Install dependencies	2026-02-16T11:05:07.2332018Z $ simple-git-hooks
build (20.x)	Install dependencies	2026-02-16T11:05:07.2769915Z [INFO] Successfully set the pre-commit with command: bun run lint-staged
build (20.x)	Install dependencies	2026-02-16T11:05:07.3467752Z [INFO] Successfully set all git hooks
build (20.x)	Install dependencies	2026-02-16T11:05:07.3508873Z 
build (20.x)	Install dependencies	2026-02-16T11:05:07.3509125Z + @biomejs/biome@2.3.15
build (20.x)	Install dependencies	2026-02-16T11:05:07.3510315Z + @semantic-release/changelog@6.0.3
build (20.x)	Install dependencies	2026-02-16T11:05:07.3510865Z + @semantic-release/exec@7.1.0
build (20.x)	Install dependencies	2026-02-16T11:05:07.3511285Z + @semantic-release/git@10.0.1
build (20.x)	Install dependencies	2026-02-16T11:05:07.3511742Z + @semantic-release/github@12.0.6
build (20.x)	Install dependencies	2026-02-16T11:05:07.3512170Z + @semantic-release/npm@13.1.4
build (20.x)	Install dependencies	2026-02-16T11:05:07.3512558Z + @types/bun@1.3.9
build (20.x)	Install dependencies	2026-02-16T11:05:07.3512891Z + @types/dockerode@4.0.1
build (20.x)	Install dependencies	2026-02-16T11:05:07.3513319Z + @types/node@25.2.3
build (20.x)	Install dependencies	2026-02-16T11:05:07.3513658Z + lint-staged@16.2.7
build (20.x)	Install dependencies	2026-02-16T11:05:07.3513970Z + mint@4.2.348
build (20.x)	Install dependencies	2026-02-16T11:05:07.3514289Z + semantic-release@25.0.3
build (20.x)	Install dependencies	2026-02-16T11:05:07.3514663Z + simple-git-hooks@2.13.1
build (20.x)	Install dependencies	2026-02-16T11:05:07.3515042Z + ts-json-schema-generator@2.5.0
build (20.x)	Install dependencies	2026-02-16T11:05:07.3515433Z + typescript@5.9.3
build (20.x)	Install dependencies	2026-02-16T11:05:07.3515743Z + ultracite@7.2.0
build (20.x)	Install dependencies	2026-02-16T11:05:07.3516036Z + commander@14.0.3
build (20.x)	Install dependencies	2026-02-16T11:05:07.3516399Z + dockerode@4.0.9
build (20.x)	Install dependencies	2026-02-16T11:05:07.3516700Z + hono@4.11.9
build (20.x)	Install dependencies	2026-02-16T11:05:07.3516978Z + ora@9.3.0
build (20.x)	Install dependencies	2026-02-16T11:05:07.3517136Z 
build (20.x)	Install dependencies	2026-02-16T11:05:07.3517287Z 1155 packages installed [10.28s]
build (20.x)	Lint	ï»¿2026-02-16T11:05:07.3580206Z ##[group]Run bun run lint:check
build (20.x)	Lint	2026-02-16T11:05:07.3580551Z [36;1mbun run lint:check[0m
build (20.x)	Lint	2026-02-16T11:05:07.3629860Z shell: /usr/bin/bash -e {0}
build (20.x)	Lint	2026-02-16T11:05:07.3630127Z ##[endgroup]
build (20.x)	Lint	2026-02-16T11:05:07.3716843Z $ ultracite check
build (20.x)	Lint	2026-02-16T11:05:07.6347582Z Checked 54 files in 132ms. No fixes applied.
build (20.x)	Build	ï»¿2026-02-16T11:05:07.6499291Z ##[group]Run bun run build
build (20.x)	Build	2026-02-16T11:05:07.6499587Z [36;1mbun run build[0m
build (20.x)	Build	2026-02-16T11:05:07.6548672Z shell: /usr/bin/bash -e {0}
build (20.x)	Build	2026-02-16T11:05:07.6548933Z ##[endgroup]
build (20.x)	Build	2026-02-16T11:05:07.6635619Z $ bun run scripts/build.ts
build (20.x)	Build	2026-02-16T11:05:07.6843461Z ð¦ Building isol8...
build (20.x)	Build	2026-02-16T11:05:07.7744708Z ð Generating type declarations...
build (20.x)	Build	2026-02-16T11:05:09.7943207Z ð¨ Compiling standalone server binary...
build (20.x)	Build	2026-02-16T11:05:09.8486191Z   [38ms]  minify  -1.58 MB (estimate)
build (20.x)	Build	2026-02-16T11:05:09.8486572Z   [14ms]  bundle  277 modules
build (20.x)	Build	2026-02-16T11:05:09.9144525Z   [65ms] compile  /home/runner/work/isol8/isol8/dist/isol8-server
build (20.x)	Build	2026-02-16T11:05:09.9187524Z â Build complete â dist/
build (20.x)	Build	2026-02-16T11:05:09.9188104Z    CLI:     dist/cli.js
build (20.x)	Build	2026-02-16T11:05:09.9188432Z    Library: dist/index.js
build (20.x)	Build	2026-02-16T11:05:09.9188776Z    Types:   dist/index.d.ts
build (20.x)	Build	2026-02-16T11:05:09.9189140Z    Docker:  dist/docker/
build (20.x)	Build	2026-02-16T11:05:09.9189505Z    Server:  dist/isol8-server (v0.6.2)
build (20.x)	Setup Docker Images	ï»¿2026-02-16T11:05:09.9324988Z ##[group]Run node dist/cli.js setup
build (20.x)	Setup Docker Images	2026-02-16T11:05:09.9325521Z [36;1mnode dist/cli.js setup[0m
build (20.x)	Setup Docker Images	2026-02-16T11:05:09.9378047Z shell: /usr/bin/bash -e {0}
build (20.x)	Setup Docker Images	2026-02-16T11:05:09.9378326Z ##[endgroup]
build (20.x)	Setup Docker Images	2026-02-16T11:05:10.1469430Z - Checking Docker...
build (20.x)	Setup Docker Images	2026-02-16T11:05:10.1651651Z [OK] Docker is running
build (20.x)	Setup Docker Images	2026-02-16T11:05:10.1652110Z - Building isol8 images...
build (20.x)	Setup Docker Images	2026-02-16T11:05:19.4316684Z [OK] python
build (20.x)	Setup Docker Images	2026-02-16T11:05:19.4317114Z - Building python...
build (20.x)	Setup Docker Images	2026-02-16T11:05:24.8790394Z [OK] node
build (20.x)	Setup Docker Images	2026-02-16T11:05:24.8798947Z - Building node...
build (20.x)	Setup Docker Images	2026-02-16T11:05:31.0576201Z [OK] bun
build (20.x)	Setup Docker Images	2026-02-16T11:05:31.0576920Z - Building bun...
build (20.x)	Setup Docker Images	2026-02-16T11:05:35.9004154Z [OK] bash
build (20.x)	Setup Docker Images	2026-02-16T11:05:36.1034770Z - Building bash...
build (20.x)	Setup Docker Images	2026-02-16T11:05:36.1035219Z [OK] deno
build (20.x)	Setup Docker Images	2026-02-16T11:05:36.1035529Z - Building deno...
build (20.x)	Setup Docker Images	2026-02-16T11:05:36.1041569Z 
build (20.x)	Setup Docker Images	2026-02-16T11:05:36.1041842Z [DONE] Setup complete!
build (20.x)	Unit Tests	ï»¿2026-02-16T11:05:36.1126304Z ##[group]Run bun test tests/unit/
build (20.x)	Unit Tests	2026-02-16T11:05:36.1126628Z [36;1mbun test tests/unit/[0m
build (20.x)	Unit Tests	2026-02-16T11:05:36.1175020Z shell: /usr/bin/bash -e {0}
build (20.x)	Unit Tests	2026-02-16T11:05:36.1175320Z ##[endgroup]
build (20.x)	Unit Tests	2026-02-16T11:05:36.1262224Z bun test v1.3.9 (cf6cdbbb)
build (20.x)	Unit Tests	2026-02-16T11:05:36.1307565Z 
build (20.x)	Unit Tests	2026-02-16T11:05:36.1308970Z ##[group]tests/unit/concurrency.test.ts:
build (20.x)	Unit Tests	2026-02-16T11:05:36.1351238Z (pass) Semaphore > allows up to max concurrent acquisitions
build (20.x)	Unit Tests	2026-02-16T11:05:36.1860293Z (pass) Semaphore > queues beyond max [51.00ms]
build (20.x)	Unit Tests	2026-02-16T11:05:36.1861238Z (pass) Semaphore > throws on max < 1
build (20.x)	Unit Tests	2026-02-16T11:05:36.2273712Z (pass) Semaphore > handles concurrent workload [41.00ms]
build (20.x)	Unit Tests	2026-02-16T11:05:36.2274181Z 
build (20.x)	Unit Tests	2026-02-16T11:05:36.2274714Z ##[endgroup]
build (20.x)	Unit Tests	2026-02-16T11:05:36.2276935Z 
build (20.x)	Unit Tests	2026-02-16T11:05:36.2277606Z ##[group]tests/unit/logger.test.ts:
build (20.x)	Unit Tests	2026-02-16T11:05:36.2293067Z (pass) Logger > debug() does not print when debug mode is off
build (20.x)	Unit Tests	2026-02-16T11:05:36.2293792Z (pass) Logger > debug() prints when debug mode is on
build (20.x)	Unit Tests	2026-02-16T11:05:36.2294466Z (pass) Logger > debug() prints multiple arguments
build (20.x)	Unit Tests	2026-02-16T11:05:36.2295135Z (pass) Logger > info() always prints regardless of debug mode
build (20.x)	Unit Tests	2026-02-16T11:05:36.2295873Z (pass) Logger > warn() always prints regardless of debug mode
build (20.x)	Unit Tests	2026-02-16T11:05:36.2296897Z (pass) Logger > error() always prints regardless of debug mode
build (20.x)	Unit Tests	2026-02-16T11:05:36.2297629Z (pass) Logger > setDebug() can toggle debug mode on and off
build (20.x)	Unit Tests	2026-02-16T11:05:36.2298603Z (pass) Logger > info(), warn(), error() print even when debug mode is on
build (20.x)	Unit Tests	2026-02-16T11:05:36.2299115Z 
build (20.x)	Unit Tests	2026-02-16T11:05:36.2299554Z ##[endgroup]
build (20.x)	Unit Tests	2026-02-16T11:05:36.2299752Z 
build (20.x)	Unit Tests	2026-02-16T11:05:36.2300159Z ##[group]tests/unit/utils.test.ts:
build (20.x)	Unit Tests	2026-02-16T11:05:36.2317591Z (pass) parseMemoryLimit > parses megabytes
build (20.x)	Unit Tests	2026-02-16T11:05:36.2318448Z (pass) parseMemoryLimit > parses gigabytes
build (20.x)	Unit Tests	2026-02-16T11:05:36.2318994Z (pass) parseMemoryLimit > parses kilobytes
build (20.x)	Unit Tests	2026-02-16T11:05:36.2319571Z (pass) parseMemoryLimit > parses plain bytes [1.00ms]
build (20.x)	Unit Tests	2026-02-16T11:05:36.2320193Z (pass) parseMemoryLimit > parses with 'b' suffix
build (20.x)	Unit Tests	2026-02-16T11:05:36.2320735Z (pass) parseMemoryLimit > throws on invalid format
build (20.x)	Unit Tests	2026-02-16T11:05:36.2323441Z (pass) truncateOutput > returns original if under limit
build (20.x)	Unit Tests	2026-02-16T11:05:36.2324300Z (pass) truncateOutput > truncates if over limit
build (20.x)	Unit Tests	2026-02-16T11:05:36.2325765Z (pass) maskSecrets > masks secret values
build (20.x)	Unit Tests	2026-02-16T11:05:36.2326320Z (pass) maskSecrets > masks multiple secrets
build (20.x)	Unit Tests	2026-02-16T11:05:36.2326903Z (pass) maskSecrets > ignores empty secret values
build (20.x)	Unit Tests	2026-02-16T11:05:36.2336743Z (pass) tar utilities > creates and extracts tar archive [1.00ms]
build (20.x)	Unit Tests	2026-02-16T11:05:36.2338357Z (pass) tar utilities > handles binary content
build (20.x)	Unit Tests	2026-02-16T11:05:36.2339931Z (pass) tar utilities > throws if file not found in tar [1.00ms]
build (20.x)	Unit Tests	2026-02-16T11:05:36.2340406Z 
build (20.x)	Unit Tests	2026-02-16T11:05:36.2340825Z ##[endgroup]
build (20.x)	Unit Tests	2026-02-16T11:05:36.2341034Z 
build (20.x)	Unit Tests	2026-02-16T11:05:36.2341446Z ##[group]tests/unit/build.test.ts:
build (20.x)	Unit Tests	2026-02-16T11:05:38.6578054Z (pass) artifact integrity > all required build artifacts exist
build (20.x)	Unit Tests	2026-02-16T11:05:38.6621526Z (pass) artifact integrity > CLI bundle has Node.js shebang [5.00ms]
build (20.x)	Unit Tests	2026-02-16T11:05:38.6655308Z (pass) artifact integrity > CLI bundle is ESM format [3.00ms]
build (20.x)	Unit Tests	2026-02-16T11:05:38.6656044Z (pass) artifact integrity > library bundle is ESM format
build (20.x)	Unit Tests	2026-02-16T11:05:38.6657612Z (pass) artifact integrity > library bundle keeps externals as imports
build (20.x)	Unit Tests	2026-02-16T11:05:38.6659864Z (pass) artifact integrity > docker assets are identical to source files [1.00ms]
build (20.x)	Unit Tests	2026-02-16T11:05:38.6661675Z (pass) artifact integrity > package.json references resolve to existing files
build (20.x)	Unit Tests	2026-02-16T11:05:38.6662651Z (pass) type declarations > index.d.ts exports all public API types
build (20.x)	Unit Tests	2026-02-16T11:05:38.6663602Z (pass) type declarations > index.d.ts exports adapter constants
build (20.x)	Unit Tests	2026-02-16T11:05:38.8476114Z (pass) CLI help and version > no args prints help and exits 0 [181.00ms]
build (20.x)	Unit Tests	2026-02-16T11:05:39.0285878Z (pass) CLI help and version > --help prints usage and exits 0 [181.00ms]
build (20.x)	Unit Tests	2026-02-16T11:05:39.2073723Z (pass) CLI help and version > --version prints semver [179.00ms]
build (20.x)	Unit Tests	2026-02-16T11:05:39.3908926Z (pass) CLI help and version > run --help lists all run flags [183.00ms]
build (20.x)	Unit Tests	2026-02-16T11:05:39.5813675Z (pass) CLI help and version > setup --help lists setup flags [191.00ms]
build (20.x)	Unit Tests	2026-02-16T11:05:39.7649710Z (pass) CLI help and version > serve --help lists serve flags [184.00ms]
build (20.x)	Unit Tests	2026-02-16T11:05:39.9504516Z (pass) CLI help and version > config --help lists config flags [185.00ms]
build (20.x)	Unit Tests	2026-02-16T11:05:40.1396634Z (pass) CLI help and version > cleanup --help lists cleanup flags [189.00ms]
build (20.x)	Unit Tests	2026-02-16T11:05:40.3287508Z (pass) CLI config command > config prints human-readable output with defaults [189.00ms]
build (20.x)	Unit Tests	2026-02-16T11:05:40.5155489Z (pass) CLI config command > config --json outputs valid JSON with all default fields [187.00ms]
build (20.x)	Unit Tests	2026-02-16T11:05:40.7080418Z (pass) CLI config command > config --json merges CWD config file with defaults [193.00ms]
build (20.x)	Unit Tests	2026-02-16T11:05:40.9038877Z (pass) CLI config command > config --json reflects custom dependencies [195.00ms]
build (20.x)	Unit Tests	2026-02-16T11:05:41.0932035Z (pass) CLI config command > config --json reflects custom network filter [190.00ms]
build (20.x)	Unit Tests	2026-02-16T11:05:41.2762245Z (pass) CLI config command > config --json reflects custom cleanup settings [183.00ms]
build (20.x)	Unit Tests	2026-02-16T11:05:41.4585480Z (pass) CLI config command > config --json reflects debug: true [182.00ms]
build (20.x)	Unit Tests	2026-02-16T11:05:41.6410786Z (pass) CLI config command > config --json reflects maxConcurrent override [183.00ms]
build (20.x)	Unit Tests	2026-02-16T11:05:41.8237124Z (pass) CLI config command > config --json reflects all defaults overridden at once [182.00ms]
build (20.x)	Unit Tests	2026-02-16T11:05:42.0079201Z (pass) CLI config command > config human-readable shows config file source [184.00ms]
build (20.x)	Unit Tests	2026-02-16T11:05:42.1895542Z (pass) CLI config command > config human-readable shows 'defaults' when no config file [182.00ms]
build (20.x)	Unit Tests	2026-02-16T11:05:42.3693696Z (pass) CLI serve command > serve without --key or ISOL8_API_KEY exits 1 [180.00ms]
build (20.x)	Unit Tests	2026-02-16T11:05:42.5496118Z (pass) CLI serve command > serve --help lists --update flag [180.00ms]
build (20.x)	Unit Tests	2026-02-16T11:05:42.7300659Z (pass) CLI serve command > serve --help lists --port and --key flags [181.00ms]
build (20.x)	Unit Tests	2026-02-16T11:05:42.7301619Z (pass) compiled server binary > isol8-server binary exists after build
build (20.x)	Unit Tests	2026-02-16T11:05:42.7775409Z (pass) compiled server binary > binary has executable permissions [47.00ms]
build (20.x)	Unit Tests	2026-02-16T11:05:42.7776424Z (pass) compiled server binary > binary is a reasonable size (>10MB, self-contained)
build (20.x)	Unit Tests	2026-02-16T11:05:42.8261821Z (pass) compiled server binary > --help prints usage info [49.00ms]
build (20.x)	Unit Tests	2026-02-16T11:05:42.8738146Z (pass) compiled server binary > -h short flag prints same help [47.00ms]
build (20.x)	Unit Tests	2026-02-16T11:05:42.9221656Z (pass) compiled server binary > no arguments prints help (exits 0) [49.00ms]
build (20.x)	Unit Tests	2026-02-16T11:05:42.9701905Z (pass) compiled server binary > --help includes version in header [48.00ms]
build (20.x)	Unit Tests	2026-02-16T11:05:43.0183493Z (pass) compiled server binary > --version prints version matching package.json [48.00ms]
build (20.x)	Unit Tests	2026-02-16T11:05:43.0664276Z (pass) compiled server binary > -V short flag prints version [48.00ms]
build (20.x)	Unit Tests	2026-02-16T11:05:43.1142814Z (pass) compiled server binary > missing --key and no ISOL8_API_KEY exits with error [48.00ms]
build (20.x)	Unit Tests	2026-02-16T11:05:43.3267142Z (pass) compiled server binary > ISOL8_API_KEY env var is accepted instead of --key [212.00ms]
build (20.x)	Unit Tests	2026-02-16T11:05:43.3755899Z (pass) compiled server binary > invalid --port value exits with error [49.00ms]
build (20.x)	Unit Tests	2026-02-16T11:05:43.5875559Z (pass) compiled server binary > -p short flag sets port [212.00ms]
build (20.x)	Unit Tests	2026-02-16T11:05:43.7988045Z (pass) compiled server binary > PORT env var sets port when --port not specified [211.00ms]
build (20.x)	Unit Tests	2026-02-16T11:05:43.8471465Z (pass) compiled server binary > unknown argument exits with error [49.00ms]
build (20.x)	Unit Tests	2026-02-16T11:05:44.0584234Z (pass) compiled server binary > /health responds with status ok and correct version [211.00ms]
build (20.x)	Unit Tests	2026-02-16T11:05:44.2695620Z (pass) compiled server binary > /health does not require auth [211.00ms]
build (20.x)	Unit Tests	2026-02-16T11:05:44.4820675Z (pass) compiled server binary > authenticated endpoints return 401 without bearer token [213.00ms]
build (20.x)	Unit Tests	2026-02-16T11:05:45.0184295Z (pass) compiled server binary > authenticated endpoints accept valid bearer token [536.00ms]
build (20.x)	Unit Tests	2026-02-16T11:05:45.2292055Z (pass) compiled server binary > authenticated endpoints reject wrong bearer token with 403 [211.00ms]
build (20.x)	Unit Tests	2026-02-16T11:05:45.4355954Z (pass) compiled server binary > binary prints startup info to stdout [206.00ms]
build (20.x)	Unit Tests	2026-02-16T11:05:45.6457225Z (pass) compiled server binary > SIGTERM causes clean shutdown [210.00ms]
build (20.x)	Unit Tests	2026-02-16T11:05:45.9872109Z 1046 | 
build (20.x)	Unit Tests	2026-02-16T11:05:45.9873119Z 1047 |   // ââ Basic execution ââââââââââââââââââââââââââââââââââââââââââââ
build (20.x)	Unit Tests	2026-02-16T11:05:45.9873805Z 1048 | 
build (20.x)	Unit Tests	2026-02-16T11:05:45.9878804Z 1049 |   test("inline Python execution with -e", async () => {
build (20.x)	Unit Tests	2026-02-16T11:05:45.9879628Z 1050 |     const { stdout } = await runCLI('run -e "print(1 + 1)" --no-stream');
build (20.x)	Unit Tests	2026-02-16T11:05:45.9880186Z 1051 |     expect(stdout).toContain("2");
build (20.x)	Unit Tests	2026-02-16T11:05:45.9880598Z                           ^
build (20.x)	Unit Tests	2026-02-16T11:05:45.9881002Z error: expect(received).toContain(expected)
build (20.x)	Unit Tests	2026-02-16T11:05:45.9881336Z 
build (20.x)	Unit Tests	2026-02-16T11:05:45.9881484Z Expected to contain: "2"
build (20.x)	Unit Tests	2026-02-16T11:05:45.9881843Z Received: ""
build (20.x)	Unit Tests	2026-02-16T11:05:45.9882014Z 
build (20.x)	Unit Tests	2026-02-16T11:05:45.9882392Z       at <anonymous> (/home/runner/work/isol8/isol8/tests/unit/build.test.ts:1051:20)
build (20.x)	Unit Tests	2026-02-16T11:05:45.9883073Z 
build (20.x)	Unit Tests	2026-02-16T11:05:45.9905876Z ##[error]Expected to contain: "2"
build (20.x)	Unit Tests	Received: ""
build (20.x)	Unit Tests	
build (20.x)	Unit Tests	      at <anonymous> (/home/runner/work/isol8/isol8/tests/unit/build.test.ts:1051:20)
build (20.x)	Unit Tests	2026-02-16T11:05:45.9914563Z (fail) CLI run command > inline Python execution with -e [342.00ms]
build (20.x)	Unit Tests	2026-02-16T11:05:46.3373226Z 1051 |     expect(stdout).toContain("2");
build (20.x)	Unit Tests	2026-02-16T11:05:46.3373873Z 1052 |   }, 30_000);
build (20.x)	Unit Tests	2026-02-16T11:05:46.3374245Z 1053 | 
build (20.x)	Unit Tests	2026-02-16T11:05:46.3374852Z 1054 |   test("inline execution with explicit runtime -r node", async () => {
build (20.x)	Unit Tests	2026-02-16T11:05:46.3375820Z 1055 |     const { stdout } = await runCLI('run -e "console.log(42)" -r node --no-stream');
build (20.x)	Unit Tests	2026-02-16T11:05:46.3376663Z 1056 |     expect(stdout).toContain("42");
build (20.x)	Unit Tests	2026-02-16T11:05:46.3377272Z                           ^
build (20.x)	Unit Tests	2026-02-16T11:05:46.3378157Z error: expect(received).toContain(expected)
build (20.x)	Unit Tests	2026-02-16T11:05:46.3378528Z 
build (20.x)	Unit Tests	2026-02-16T11:05:46.3378709Z Expected to contain: "42"
build (20.x)	Unit Tests	2026-02-16T11:05:46.3379250Z Received: ""
build (20.x)	Unit Tests	2026-02-16T11:05:46.3379446Z 
build (20.x)	Unit Tests	2026-02-16T11:05:46.3379908Z       at <anonymous> (/home/runner/work/isol8/isol8/tests/unit/build.test.ts:1056:20)
build (20.x)	Unit Tests	2026-02-16T11:05:46.3380577Z 
build (20.x)	Unit Tests	2026-02-16T11:05:46.3383092Z ##[error]Expected to contain: "42"
build (20.x)	Unit Tests	Received: ""
build (20.x)	Unit Tests	
build (20.x)	Unit Tests	      at <anonymous> (/home/runner/work/isol8/isol8/tests/unit/build.test.ts:1056:20)
build (20.x)	Unit Tests	2026-02-16T11:05:46.3385565Z (fail) CLI run command > inline execution with explicit runtime -r node [350.00ms]
build (20.x)	Unit Tests	2026-02-16T11:05:46.6626515Z 1056 |     expect(stdout).toContain("42");
build (20.x)	Unit Tests	2026-02-16T11:05:46.6627156Z 1057 |   }, 30_000);
build (20.x)	Unit Tests	2026-02-16T11:05:46.6627510Z 1058 | 
build (20.x)	Unit Tests	2026-02-16T11:05:46.6628077Z 1059 |   test("inline bash execution", async () => {
build (20.x)	Unit Tests	2026-02-16T11:05:46.6628914Z 1060 |     const { stdout } = await runCLI('run -e "echo hello" -r bash --no-stream');
build (20.x)	Unit Tests	2026-02-16T11:05:46.6629688Z 1061 |     expect(stdout).toContain("hello");
build (20.x)	Unit Tests	2026-02-16T11:05:46.6630183Z                           ^
build (20.x)	Unit Tests	2026-02-16T11:05:46.6630623Z error: expect(received).toContain(expected)
build (20.x)	Unit Tests	2026-02-16T11:05:46.6630985Z 
build (20.x)	Unit Tests	2026-02-16T11:05:46.6631150Z Expected to contain: "hello"
build (20.x)	Unit Tests	2026-02-16T11:05:46.6631556Z Received: ""
build (20.x)	Unit Tests	2026-02-16T11:05:46.6631753Z 
build (20.x)	Unit Tests	2026-02-16T11:05:46.6632146Z       at <anonymous> (/home/runner/work/isol8/isol8/tests/unit/build.test.ts:1061:20)
build (20.x)	Unit Tests	2026-02-16T11:05:46.6632736Z 
build (20.x)	Unit Tests	2026-02-16T11:05:46.6635077Z ##[error]Expected to contain: "hello"
build (20.x)	Unit Tests	Received: ""
build (20.x)	Unit Tests	
build (20.x)	Unit Tests	      at <anonymous> (/home/runner/work/isol8/isol8/tests/unit/build.test.ts:1061:20)
build (20.x)	Unit Tests	2026-02-16T11:05:46.6637560Z (fail) CLI run command > inline bash execution [325.00ms]
build (20.x)	Unit Tests	2026-02-16T11:05:46.9926031Z 1063 | 
build (20.x)	Unit Tests	2026-02-16T11:05:46.9926696Z 1064 |   test("default runtime is Python when no -r specified", async () => {
build (20.x)	Unit Tests	2026-02-16T11:05:46.9927730Z 1065 |     const { stdout } = await runCLI(
build (20.x)	Unit Tests	2026-02-16T11:05:46.9928606Z 1066 |       'run -e "import sys; print(sys.version_info.major)" --no-stream'
build (20.x)	Unit Tests	2026-02-16T11:05:46.9929185Z 1067 |     );
build (20.x)	Unit Tests	2026-02-16T11:05:46.9929528Z 1068 |     expect(stdout).toContain("3");
build (20.x)	Unit Tests	2026-02-16T11:05:46.9929973Z                           ^
build (20.x)	Unit Tests	2026-02-16T11:05:46.9930373Z error: expect(received).toContain(expected)
build (20.x)	Unit Tests	2026-02-16T11:05:46.9930675Z 
build (20.x)	Unit Tests	2026-02-16T11:05:46.9930807Z Expected to contain: "3"
build (20.x)	Unit Tests	2026-02-16T11:05:46.9931157Z Received: ""
build (20.x)	Unit Tests	2026-02-16T11:05:46.9931334Z 
build (20.x)	Unit Tests	2026-02-16T11:05:46.9931689Z       at <anonymous> (/home/runner/work/isol8/isol8/tests/unit/build.test.ts:1068:20)
build (20.x)	Unit Tests	2026-02-16T11:05:46.9932227Z 
build (20.x)	Unit Tests	2026-02-16T11:05:46.9934490Z ##[error]Expected to contain: "3"
build (20.x)	Unit Tests	Received: ""
build (20.x)	Unit Tests	
build (20.x)	Unit Tests	      at <anonymous> (/home/runner/work/isol8/isol8/tests/unit/build.test.ts:1068:20)
build (20.x)	Unit Tests	2026-02-16T11:05:46.9935939Z (fail) CLI run command > default runtime is Python when no -r specified [330.00ms]
build (20.x)	Unit Tests	2026-02-16T11:05:47.3180731Z 1073 |   test("file-based execution with auto-detected runtime (.py)", async () => {
build (20.x)	Unit Tests	2026-02-16T11:05:47.3181743Z 1074 |     const tmpFile = join(tmpdir(), `isol8-test-${Date.now()}.py`);
build (20.x)	Unit Tests	2026-02-16T11:05:47.3182441Z 1075 |     writeFileSync(tmpFile, 'print("file-based")');
build (20.x)	Unit Tests	2026-02-16T11:05:47.3182921Z 1076 |     try {
build (20.x)	Unit Tests	2026-02-16T11:05:47.3183421Z 1077 |       const { stdout } = await runCLI(`run ${tmpFile} --no-stream`);
build (20.x)	Unit Tests	2026-02-16T11:05:47.3184063Z 1078 |       expect(stdout).toContain("file-based");
build (20.x)	Unit Tests	2026-02-16T11:05:47.3184505Z                             ^
build (20.x)	Unit Tests	2026-02-16T11:05:47.3184905Z error: expect(received).toContain(expected)
build (20.x)	Unit Tests	2026-02-16T11:05:47.3185240Z 
build (20.x)	Unit Tests	2026-02-16T11:05:47.3185410Z Expected to contain: "file-based"
build (20.x)	Unit Tests	2026-02-16T11:05:47.3185829Z Received: ""
build (20.x)	Unit Tests	2026-02-16T11:05:47.3186000Z 
build (20.x)	Unit Tests	2026-02-16T11:05:47.3186334Z       at <anonymous> (/home/runner/work/isol8/isol8/tests/unit/build.test.ts:1078:22)
build (20.x)	Unit Tests	2026-02-16T11:05:47.3186834Z 
build (20.x)	Unit Tests	2026-02-16T11:05:47.3189285Z ##[error]Expected to contain: "file-based"
build (20.x)	Unit Tests	Received: ""
build (20.x)	Unit Tests	
build (20.x)	Unit Tests	      at <anonymous> (/home/runner/work/isol8/isol8/tests/unit/build.test.ts:1078:22)
build (20.x)	Unit Tests	2026-02-16T11:05:47.3191334Z (fail) CLI run command > file-based execution with auto-detected runtime (.py) [326.00ms]
build (20.x)	Unit Tests	2026-02-16T11:05:47.6399494Z 1084 |   test("file-based execution with .sh extension", async () => {
build (20.x)	Unit Tests	2026-02-16T11:05:47.6400360Z 1085 |     const tmpFile = join(tmpdir(), `isol8-test-${Date.now()}.sh`);
build (20.x)	Unit Tests	2026-02-16T11:05:47.6401051Z 1086 |     writeFileSync(tmpFile, 'echo "shell-script"');
build (20.x)	Unit Tests	2026-02-16T11:05:47.6401552Z 1087 |     try {
build (20.x)	Unit Tests	2026-02-16T11:05:47.6402035Z 1088 |       const { stdout } = await runCLI(`run ${tmpFile} --no-stream`);
build (20.x)	Unit Tests	2026-02-16T11:05:47.6402688Z 1089 |       expect(stdout).toContain("shell-script");
build (20.x)	Unit Tests	2026-02-16T11:05:47.6403116Z                             ^
build (20.x)	Unit Tests	2026-02-16T11:05:47.6403383Z error: expect(received).toContain(expected)
build (20.x)	Unit Tests	2026-02-16T11:05:47.6403580Z 
build (20.x)	Unit Tests	2026-02-16T11:05:47.6403682Z Expected to contain: "shell-script"
build (20.x)	Unit Tests	2026-02-16T11:05:47.6403945Z Received: ""
build (20.x)	Unit Tests	2026-02-16T11:05:47.6404067Z 
build (20.x)	Unit Tests	2026-02-16T11:05:47.6404285Z       at <anonymous> (/home/runner/work/isol8/isol8/tests/unit/build.test.ts:1089:22)
build (20.x)	Unit Tests	2026-02-16T11:05:47.6404602Z 
build (20.x)	Unit Tests	2026-02-16T11:05:47.6406298Z ##[error]Expected to contain: "shell-script"
build (20.x)	Unit Tests	Received: ""
build (20.x)	Unit Tests	
build (20.x)	Unit Tests	      at <anonymous> (/home/runner/work/isol8/isol8/tests/unit/build.test.ts:1089:22)
build (20.x)	Unit Tests	2026-02-16T11:05:47.6409291Z (fail) CLI run command > file-based execution with .sh extension [322.00ms]
build (20.x)	Unit Tests	2026-02-16T11:05:47.8219664Z (pass) CLI run command > missing file exits 1 [182.00ms]
build (20.x)	Unit Tests	2026-02-16T11:05:48.1619710Z 1107 |   test("stdin pipe execution", async () => {
build (20.x)	Unit Tests	2026-02-16T11:05:48.1621893Z 1108 |     const { stdout } = await execAsync(
build (20.x)	Unit Tests	2026-02-16T11:05:48.1622638Z 1109 |       `echo 'print("from-stdin")' | node ${CLI} run -r python --no-stream`,
build (20.x)	Unit Tests	2026-02-16T11:05:48.1623647Z 1110 |       { cwd: ROOT, timeout: 30_000 }
build (20.x)	Unit Tests	2026-02-16T11:05:48.1624074Z 1111 |     );
build (20.x)	Unit Tests	2026-02-16T11:05:48.1624434Z 1112 |     expect(stdout).toContain("from-stdin");
build (20.x)	Unit Tests	2026-02-16T11:05:48.1624891Z                           ^
build (20.x)	Unit Tests	2026-02-16T11:05:48.1625533Z error: expect(received).toContain(expected)
build (20.x)	Unit Tests	2026-02-16T11:05:48.1625859Z 
build (20.x)	Unit Tests	2026-02-16T11:05:48.1626008Z Expected to contain: "from-stdin"
build (20.x)	Unit Tests	2026-02-16T11:05:48.1626399Z Received: ""
build (20.x)	Unit Tests	2026-02-16T11:05:48.1626582Z 
build (20.x)	Unit Tests	2026-02-16T11:05:48.1626944Z       at <anonymous> (/home/runner/work/isol8/isol8/tests/unit/build.test.ts:1112:20)
build (20.x)	Unit Tests	2026-02-16T11:05:48.1627367Z 
build (20.x)	Unit Tests	2026-02-16T11:05:48.1629299Z ##[error]Expected to contain: "from-stdin"
build (20.x)	Unit Tests	Received: ""
build (20.x)	Unit Tests	
build (20.x)	Unit Tests	      at <anonymous> (/home/runner/work/isol8/isol8/tests/unit/build.test.ts:1112:20)
build (20.x)	Unit Tests	2026-02-16T11:05:48.1631938Z (fail) CLI run command > stdin pipe execution [340.00ms]
build (20.x)	Unit Tests	2026-02-16T11:05:48.4936599Z 1125 |       }
build (20.x)	Unit Tests	2026-02-16T11:05:48.4937016Z 1126 |     }
build (20.x)	Unit Tests	2026-02-16T11:05:48.4937492Z 1127 |     const exitCode = await new Promise((resolve) => {
build (20.x)	Unit Tests	2026-02-16T11:05:48.4938685Z 1128 |       proc.on("exit", resolve);
build (20.x)	Unit Tests	2026-02-16T11:05:48.4938995Z 1129 |     });
build (20.x)	Unit Tests	2026-02-16T11:05:48.4939240Z 1130 |     expect(stdout).toContain("streamed");
build (20.x)	Unit Tests	2026-02-16T11:05:48.4939593Z                           ^
build (20.x)	Unit Tests	2026-02-16T11:05:48.4939870Z error: expect(received).toContain(expected)
build (20.x)	Unit Tests	2026-02-16T11:05:48.4940095Z 
build (20.x)	Unit Tests	2026-02-16T11:05:48.4940197Z Expected to contain: "streamed"
build (20.x)	Unit Tests	2026-02-16T11:05:48.4940452Z Received: ""
build (20.x)	Unit Tests	2026-02-16T11:05:48.4940567Z 
build (20.x)	Unit Tests	2026-02-16T11:05:48.4940818Z       at <anonymous> (/home/runner/work/isol8/isol8/tests/unit/build.test.ts:1130:20)
build (20.x)	Unit Tests	2026-02-16T11:05:48.4941178Z 
build (20.x)	Unit Tests	2026-02-16T11:05:48.4942940Z ##[error]Expected to contain: "streamed"
build (20.x)	Unit Tests	Received: ""
build (20.x)	Unit Tests	
build (20.x)	Unit Tests	      at <anonymous> (/home/runner/work/isol8/isol8/tests/unit/build.test.ts:1130:20)
build (20.x)	Unit Tests	2026-02-16T11:05:48.4945013Z (fail) CLI run command > streaming mode (default) outputs to stdout [331.00ms]
build (20.x)	Unit Tests	2026-02-16T11:05:48.8168781Z 1133 | 
build (20.x)	Unit Tests	2026-02-16T11:05:48.8169999Z 1134 |   // ââ --no-stream ââââââââââââââââââââââââââââââââââââââââââââââââ
build (20.x)	Unit Tests	2026-02-16T11:05:48.8170400Z 1135 | 
build (20.x)	Unit Tests	2026-02-16T11:05:48.8170648Z 1136 |   test("--no-stream disables streaming", async () => {
build (20.x)	Unit Tests	2026-02-16T11:05:48.8171103Z 1137 |     const { stdout } = await runCLI('run -e "print(99)" -r python --no-stream');
build (20.x)	Unit Tests	2026-02-16T11:05:48.8171556Z 1138 |     expect(stdout).toContain("99");
build (20.x)	Unit Tests	2026-02-16T11:05:48.8171821Z                           ^
build (20.x)	Unit Tests	2026-02-16T11:05:48.8172077Z error: expect(received).toContain(expected)
build (20.x)	Unit Tests	2026-02-16T11:05:48.8172271Z 
build (20.x)	Unit Tests	2026-02-16T11:05:48.8172358Z Expected to contain: "99"
build (20.x)	Unit Tests	2026-02-16T11:05:48.8172576Z Received: ""
build (20.x)	Unit Tests	2026-02-16T11:05:48.8172683Z 
build (20.x)	Unit Tests	2026-02-16T11:05:48.8172918Z       at <anonymous> (/home/runner/work/isol8/isol8/tests/unit/build.test.ts:1138:20)
build (20.x)	Unit Tests	2026-02-16T11:05:48.8173244Z 
build (20.x)	Unit Tests	2026-02-16T11:05:48.8174787Z ##[error]Expected to contain: "99"
build (20.x)	Unit Tests	Received: ""
build (20.x)	Unit Tests	
build (20.x)	Unit Tests	      at <anonymous> (/home/runner/work/isol8/isol8/tests/unit/build.test.ts:1138:20)
build (20.x)	Unit Tests	2026-02-16T11:05:48.8176197Z (fail) CLI run command > --no-stream disables streaming [323.00ms]
build (20.x)	Unit Tests	2026-02-16T11:05:49.1436590Z 1142 | 
build (20.x)	Unit Tests	2026-02-16T11:05:49.1437281Z 1143 |   test("--out writes output to file (requires --no-stream)", async () => {
build (20.x)	Unit Tests	2026-02-16T11:05:49.1438400Z 1144 |     const outFile = join(tmpdir(), `isol8-out-${Date.now()}.txt`);
build (20.x)	Unit Tests	2026-02-16T11:05:49.1438966Z 1145 |     try {
build (20.x)	Unit Tests	2026-02-16T11:05:49.1439582Z 1146 |       await runCLI(`run -e "print('file-output')" -r python --no-stream --out ${outFile}`);
build (20.x)	Unit Tests	2026-02-16T11:05:49.1440359Z 1147 |       const content = readFileSync(outFile, "utf-8");
build (20.x)	Unit Tests	2026-02-16T11:05:49.1440873Z                              ^
build (20.x)	Unit Tests	2026-02-16T11:05:49.1441442Z ENOENT: no such file or directory, open '/tmp/isol8-out-1771239948817.txt'
build (20.x)	Unit Tests	2026-02-16T11:05:49.1442051Z     path: "/tmp/isol8-out-1771239948817.txt",
build (20.x)	Unit Tests	2026-02-16T11:05:49.1442528Z  syscall: "open",
build (20.x)	Unit Tests	2026-02-16T11:05:49.1442842Z    errno: -2,
build (20.x)	Unit Tests	2026-02-16T11:05:49.1443156Z     code: "ENOENT"
build (20.x)	Unit Tests	2026-02-16T11:05:49.1443334Z 
build (20.x)	Unit Tests	2026-02-16T11:05:49.1444002Z       at <anonymous> (/home/runner/work/isol8/isol8/tests/unit/build.test.ts:1147:23)
build (20.x)	Unit Tests	2026-02-16T11:05:49.1444359Z 
build (20.x)	Unit Tests	2026-02-16T11:05:49.1445730Z ##[error]
build (20.x)	Unit Tests	      at <anonymous> (/home/runner/work/isol8/isol8/tests/unit/build.test.ts:1147:23)
build (20.x)	Unit Tests	2026-02-16T11:05:49.1448310Z (fail) CLI run command > --out writes output to file (requires --no-stream) [327.00ms]
build (20.x)	Unit Tests	2026-02-16T11:05:49.4754705Z (pass) CLI run command > --timeout enforces execution timeout [332.00ms]
build (20.x)	Unit Tests	2026-02-16T11:05:49.8044809Z 1169 | 
build (20.x)	Unit Tests	2026-02-16T11:05:49.8047336Z 1170 |   // ââ --memory âââââââââââââââââââââââââââââââââââââââââââââââââââ
build (20.x)	Unit Tests	2026-02-16T11:05:49.8049718Z 1171 | 
build (20.x)	Unit Tests	2026-02-16T11:05:49.8050174Z 1172 |   test("--memory is accepted as a flag", async () => {
build (20.x)	Unit Tests	2026-02-16T11:05:49.8051051Z 1173 |     const { stdout } = await runCLI('run -e "print(1)" -r python --memory 256m --no-stream');
build (20.x)	Unit Tests	2026-02-16T11:05:49.8051855Z 1174 |     expect(stdout).toContain("1");
build (20.x)	Unit Tests	2026-02-16T11:05:49.8052315Z                           ^
build (20.x)	Unit Tests	2026-02-16T11:05:49.8052711Z error: expect(received).toContain(expected)
build (20.x)	Unit Tests	2026-02-16T11:05:49.8052923Z 
build (20.x)	Unit Tests	2026-02-16T11:05:49.8053010Z Expected to contain: "1"
build (20.x)	Unit Tests	2026-02-16T11:05:49.8053230Z Received: ""
build (20.x)	Unit Tests	2026-02-16T11:05:49.8053333Z 
build (20.x)	Unit Tests	2026-02-16T11:05:49.8053549Z       at <anonymous> (/home/runner/work/isol8/isol8/tests/unit/build.test.ts:1174:20)
build (20.x)	Unit Tests	2026-02-16T11:05:49.8053890Z 
build (20.x)	Unit Tests	2026-02-16T11:05:49.8055872Z ##[error]Expected to contain: "1"
build (20.x)	Unit Tests	Received: ""
build (20.x)	Unit Tests	
build (20.x)	Unit Tests	      at <anonymous> (/home/runner/work/isol8/isol8/tests/unit/build.test.ts:1174:20)
build (20.x)	Unit Tests	2026-02-16T11:05:49.8058117Z (fail) CLI run command > --memory is accepted as a flag [329.00ms]
build (20.x)	Unit Tests	2026-02-16T11:05:50.1354468Z 1176 | 
build (20.x)	Unit Tests	2026-02-16T11:05:50.1355461Z 1177 |   // ââ --cpu ââââââââââââââââââââââââââââââââââââââââââââââââââââââ
build (20.x)	Unit Tests	2026-02-16T11:05:50.1356140Z 1178 | 
build (20.x)	Unit Tests	2026-02-16T11:05:50.1356497Z 1179 |   test("--cpu is accepted as a flag", async () => {
build (20.x)	Unit Tests	2026-02-16T11:05:50.1357284Z 1180 |     const { stdout } = await runCLI('run -e "print(2)" -r python --cpu 0.5 --no-stream');
build (20.x)	Unit Tests	2026-02-16T11:05:50.1358588Z 1181 |     expect(stdout).toContain("2");
build (20.x)	Unit Tests	2026-02-16T11:05:50.1359023Z                           ^
build (20.x)	Unit Tests	2026-02-16T11:05:50.1359421Z error: expect(received).toContain(expected)
build (20.x)	Unit Tests	2026-02-16T11:05:50.1359761Z 
build (20.x)	Unit Tests	2026-02-16T11:05:50.1359902Z Expected to contain: "2"
build (20.x)	Unit Tests	2026-02-16T11:05:50.1360311Z Received: ""
build (20.x)	Unit Tests	2026-02-16T11:05:50.1360488Z 
build (20.x)	Unit Tests	2026-02-16T11:05:50.1360720Z       at <anonymous> (/home/runner/work/isol8/isol8/tests/unit/build.test.ts:1181:20)
build (20.x)	Unit Tests	2026-02-16T11:05:50.1361066Z 
build (20.x)	Unit Tests	2026-02-16T11:05:50.1362684Z ##[error]Expected to contain: "2"
build (20.x)	Unit Tests	Received: ""
build (20.x)	Unit Tests	
build (20.x)	Unit Tests	      at <anonymous> (/home/runner/work/isol8/isol8/tests/unit/build.test.ts:1181:20)
build (20.x)	Unit Tests	2026-02-16T11:05:50.1364627Z (fail) CLI run command > --cpu is accepted as a flag [331.00ms]
build (20.x)	Unit Tests	2026-02-16T11:05:50.4595953Z 1186 |   test("--secret masks secret values in output", async () => {
build (20.x)	Unit Tests	2026-02-16T11:05:50.4596653Z 1187 |     const { stdout } = await runCLI(
build (20.x)	Unit Tests	2026-02-16T11:05:50.4597208Z 1188 |       "run -e \"import os; print(os.environ['MY_KEY'])\" -r python --secret MY_KEY=supersecret123 --no-stream"
build (20.x)	Unit Tests	2026-02-16T11:05:50.4597732Z 1189 |     );
build (20.x)	Unit Tests	2026-02-16T11:05:50.4598280Z 1190 |     expect(stdout).not.toContain("supersecret123");
build (20.x)	Unit Tests	2026-02-16T11:05:50.4598625Z 1191 |     expect(stdout).toContain("***");
build (20.x)	Unit Tests	2026-02-16T11:05:50.4598908Z                           ^
build (20.x)	Unit Tests	2026-02-16T11:05:50.4599148Z error: expect(received).toContain(expected)
build (20.x)	Unit Tests	2026-02-16T11:05:50.4599342Z 
build (20.x)	Unit Tests	2026-02-16T11:05:50.4599433Z Expected to contain: "***"
build (20.x)	Unit Tests	2026-02-16T11:05:50.4599651Z Received: ""
build (20.x)	Unit Tests	2026-02-16T11:05:50.4599756Z 
build (20.x)	Unit Tests	2026-02-16T11:05:50.4599969Z       at <anonymous> (/home/runner/work/isol8/isol8/tests/unit/build.test.ts:1191:20)
build (20.x)	Unit Tests	2026-02-16T11:05:50.4600293Z 
build (20.x)	Unit Tests	2026-02-16T11:05:50.4601937Z ##[error]Expected to contain: "***"
build (20.x)	Unit Tests	Received: ""
build (20.x)	Unit Tests	
build (20.x)	Unit Tests	      at <anonymous> (/home/runner/work/isol8/isol8/tests/unit/build.test.ts:1191:20)
build (20.x)	Unit Tests	2026-02-16T11:05:50.4603891Z (fail) CLI run command > --secret masks secret values in output [324.00ms]
build (20.x)	Unit Tests	2026-02-16T11:05:50.7982584Z (pass) CLI run command > --secret with multiple secrets [339.00ms]
build (20.x)	Unit Tests	2026-02-16T11:05:51.1256086Z 1209 |     print("success")
build (20.x)	Unit Tests	2026-02-16T11:05:51.1256583Z 1210 | except:
build (20.x)	Unit Tests	2026-02-16T11:05:51.1256914Z 1211 |     print("blocked")
build (20.x)	Unit Tests	2026-02-16T11:05:51.1257288Z 1212 | `;
build (20.x)	Unit Tests	2026-02-16T11:05:51.1258074Z 1213 |     const { stdout } = await runCLI(`run -e '${code}' -r python --net none --no-stream`);
build (20.x)	Unit Tests	2026-02-16T11:05:51.1259254Z 1214 |     expect(stdout).toContain("blocked");
build (20.x)	Unit Tests	2026-02-16T11:05:51.1259726Z                           ^
build (20.x)	Unit Tests	2026-02-16T11:05:51.1260113Z error: expect(received).toContain(expected)
build (20.x)	Unit Tests	2026-02-16T11:05:51.1260427Z 
build (20.x)	Unit Tests	2026-02-16T11:05:51.1260573Z Expected to contain: "blocked"
build (20.x)	Unit Tests	2026-02-16T11:05:51.1260932Z Received: ""
build (20.x)	Unit Tests	2026-02-16T11:05:51.1261094Z 
build (20.x)	Unit Tests	2026-02-16T11:05:51.1261461Z       at <anonymous> (/home/runner/work/isol8/isol8/tests/unit/build.test.ts:1214:20)
build (20.x)	Unit Tests	2026-02-16T11:05:51.1261987Z 
build (20.x)	Unit Tests	2026-02-16T11:05:51.1264313Z ##[error]Expected to contain: "blocked"
build (20.x)	Unit Tests	Received: ""
build (20.x)	Unit Tests	
build (20.x)	Unit Tests	      at <anonymous> (/home/runner/work/isol8/isol8/tests/unit/build.test.ts:1214:20)
build (20.x)	Unit Tests	2026-02-16T11:05:51.1266356Z (fail) CLI run command > --net none blocks network access [327.00ms]
build (20.x)	Unit Tests	2026-02-16T11:05:51.4526672Z 1218 | 
build (20.x)	Unit Tests	2026-02-16T11:05:51.4527282Z 1219 |   test("--writable allows writing to root filesystem", async () => {
build (20.x)	Unit Tests	2026-02-16T11:05:51.4528168Z 1220 |     const { stdout } = await runCLI(
build (20.x)	Unit Tests	2026-02-16T11:05:51.4529120Z 1221 |       "run -e \"import os; os.makedirs('/opt/test', exist_ok=True); print('writable-ok')\" -r python --writable --no-stream"
build (20.x)	Unit Tests	2026-02-16T11:05:51.4529992Z 1222 |     );
build (20.x)	Unit Tests	2026-02-16T11:05:51.4530376Z 1223 |     expect(stdout).toContain("writable-ok");
build (20.x)	Unit Tests	2026-02-16T11:05:51.4530879Z                           ^
build (20.x)	Unit Tests	2026-02-16T11:05:51.4531243Z error: expect(received).toContain(expected)
build (20.x)	Unit Tests	2026-02-16T11:05:51.4531574Z 
build (20.x)	Unit Tests	2026-02-16T11:05:51.4531727Z Expected to contain: "writable-ok"
build (20.x)	Unit Tests	2026-02-16T11:05:51.4532132Z Received: ""
build (20.x)	Unit Tests	2026-02-16T11:05:51.4532333Z 
build (20.x)	Unit Tests	2026-02-16T11:05:51.4532689Z       at <anonymous> (/home/runner/work/isol8/isol8/tests/unit/build.test.ts:1223:20)
build (20.x)	Unit Tests	2026-02-16T11:05:51.4533250Z 
build (20.x)	Unit Tests	2026-02-16T11:05:51.4534817Z ##[error]Expected to contain: "writable-ok"
build (20.x)	Unit Tests	Received: ""
build (20.x)	Unit Tests	
build (20.x)	Unit Tests	      at <anonymous> (/home/runner/work/isol8/isol8/tests/unit/build.test.ts:1223:20)
build (20.x)	Unit Tests	2026-02-16T11:05:51.4536504Z (fail) CLI run command > --writable allows writing to root filesystem [327.00ms]
build (20.x)	Unit Tests	2026-02-16T11:05:51.7858397Z 1225 | 
build (20.x)	Unit Tests	2026-02-16T11:05:51.7859320Z 1226 |   // ââ --pids-limit âââââââââââââââââââââââââââââââââââââââââââââââ
build (20.x)	Unit Tests	2026-02-16T11:05:51.7859701Z 1227 | 
build (20.x)	Unit Tests	2026-02-16T11:05:51.7859971Z 1228 |   test("--pids-limit is accepted as a flag", async () => {
build (20.x)	Unit Tests	2026-02-16T11:05:51.7860494Z 1229 |     const { stdout } = await runCLI('run -e "print(3)" -r python --pids-limit 32 --no-stream');
build (20.x)	Unit Tests	2026-02-16T11:05:51.7860974Z 1230 |     expect(stdout).toContain("3");
build (20.x)	Unit Tests	2026-02-16T11:05:51.7861248Z                           ^
build (20.x)	Unit Tests	2026-02-16T11:05:51.7861499Z error: expect(received).toContain(expected)
build (20.x)	Unit Tests	2026-02-16T11:05:51.7861704Z 
build (20.x)	Unit Tests	2026-02-16T11:05:51.7861791Z Expected to contain: "3"
build (20.x)	Unit Tests	2026-02-16T11:05:51.7862010Z Received: ""
build (20.x)	Unit Tests	2026-02-16T11:05:51.7862150Z 
build (20.x)	Unit Tests	2026-02-16T11:05:51.7862369Z       at <anonymous> (/home/runner/work/isol8/isol8/tests/unit/build.test.ts:1230:20)
build (20.x)	Unit Tests	2026-02-16T11:05:51.7862689Z 
build (20.x)	Unit Tests	2026-02-16T11:05:51.7864765Z ##[error]Expected to contain: "3"
build (20.x)	Unit Tests	Received: ""
build (20.x)	Unit Tests	
build (20.x)	Unit Tests	      at <anonymous> (/home/runner/work/isol8/isol8/tests/unit/build.test.ts:1230:20)
build (20.x)	Unit Tests	2026-02-16T11:05:51.7866682Z (fail) CLI run command > --pids-limit is accepted as a flag [333.00ms]
build (20.x)	Unit Tests	2026-02-16T11:05:52.1157054Z 1236 |     const { stdout, stderr } = await runCLI(
build (20.x)	Unit Tests	2026-02-16T11:05:52.1158049Z 1237 |       "run -e \"print('x' * 10000)\" -r python --max-output 1024 --no-stream"
build (20.x)	Unit Tests	2026-02-16T11:05:52.1158735Z 1238 |     );
build (20.x)	Unit Tests	2026-02-16T11:05:52.1159084Z 1239 |     // Output should be truncated
build (20.x)	Unit Tests	2026-02-16T11:05:52.1159626Z 1240 |     const combined = stdout + stderr;
build (20.x)	Unit Tests	2026-02-16T11:05:52.1160138Z 1241 |     expect(combined).toContain("truncated");
build (20.x)	Unit Tests	2026-02-16T11:05:52.1160673Z                             ^
build (20.x)	Unit Tests	2026-02-16T11:05:52.1161171Z error: expect(received).toContain(expected)
build (20.x)	Unit Tests	2026-02-16T11:05:52.1161822Z 
build (20.x)	Unit Tests	2026-02-16T11:05:52.1161990Z Expected to contain: "truncated"
build (20.x)	Unit Tests	2026-02-16T11:05:52.1162491Z Received: "- Starting execution...\n"
build (20.x)	Unit Tests	2026-02-16T11:05:52.1162882Z 
build (20.x)	Unit Tests	2026-02-16T11:05:52.1163300Z       at <anonymous> (/home/runner/work/isol8/isol8/tests/unit/build.test.ts:1241:22)
build (20.x)	Unit Tests	2026-02-16T11:05:52.1164246Z 
build (20.x)	Unit Tests	2026-02-16T11:05:52.1166457Z ##[error]Expected to contain: "truncated"
build (20.x)	Unit Tests	Received: "- Starting execution...\n"
build (20.x)	Unit Tests	
build (20.x)	Unit Tests	      at <anonymous> (/home/runner/work/isol8/isol8/tests/unit/build.test.ts:1241:22)
build (20.x)	Unit Tests	2026-02-16T11:05:52.1169240Z (fail) CLI run command > --max-output truncates large output [330.00ms]
build (20.x)	Unit Tests	2026-02-16T11:05:52.4432804Z 1243 | 
build (20.x)	Unit Tests	2026-02-16T11:05:52.4433795Z 1244 |   // ââ --sandbox-size / --tmp-size ââââââââââââââââââââââââââââââââ
build (20.x)	Unit Tests	2026-02-16T11:05:52.4434417Z 1245 | 
build (20.x)	Unit Tests	2026-02-16T11:05:52.4434842Z 1246 |   test("--sandbox-size is accepted as a flag", async () => {
build (20.x)	Unit Tests	2026-02-16T11:05:52.4435745Z 1247 |     const { stdout } = await runCLI('run -e "print(4)" -r python --sandbox-size 256m --no-stream');
build (20.x)	Unit Tests	2026-02-16T11:05:52.4436555Z 1248 |     expect(stdout).toContain("4");
build (20.x)	Unit Tests	2026-02-16T11:05:52.4436825Z                           ^
build (20.x)	Unit Tests	2026-02-16T11:05:52.4437070Z error: expect(received).toContain(expected)
build (20.x)	Unit Tests	2026-02-16T11:05:52.4437283Z 
build (20.x)	Unit Tests	2026-02-16T11:05:52.4437393Z Expected to contain: "4"
build (20.x)	Unit Tests	2026-02-16T11:05:52.4437612Z Received: ""
build (20.x)	Unit Tests	2026-02-16T11:05:52.4437720Z 
build (20.x)	Unit Tests	2026-02-16T11:05:52.4438615Z       at <anonymous> (/home/runner/work/isol8/isol8/tests/unit/build.test.ts:1248:20)
build (20.x)	Unit Tests	2026-02-16T11:05:52.4438960Z 
build (20.x)	Unit Tests	2026-02-16T11:05:52.4440457Z ##[error]Expected to contain: "4"
build (20.x)	Unit Tests	Received: ""
build (20.x)	Unit Tests	
build (20.x)	Unit Tests	      at <anonymous> (/home/runner/work/isol8/isol8/tests/unit/build.test.ts:1248:20)
build (20.x)	Unit Tests	2026-02-16T11:05:52.4441824Z (fail) CLI run command > --sandbox-size is accepted as a flag [328.00ms]
build (20.x)	Unit Tests	2026-02-16T11:05:52.7851424Z 1248 |     expect(stdout).toContain("4");
build (20.x)	Unit Tests	2026-02-16T11:05:52.7851998Z 1249 |   }, 30_000);
build (20.x)	Unit Tests	2026-02-16T11:05:52.7852327Z 1250 | 
build (20.x)	Unit Tests	2026-02-16T11:05:52.7852754Z 1251 |   test("--tmp-size is accepted as a flag", async () => {
build (20.x)	Unit Tests	2026-02-16T11:05:52.7853648Z 1252 |     const { stdout } = await runCLI('run -e "print(5)" -r python --tmp-size 128m --no-stream');
build (20.x)	Unit Tests	2026-02-16T11:05:52.7854444Z 1253 |     expect(stdout).toContain("5");
build (20.x)	Unit Tests	2026-02-16T11:05:52.7854891Z                           ^
build (20.x)	Unit Tests	2026-02-16T11:05:52.7855183Z error: expect(received).toContain(expected)
build (20.x)	Unit Tests	2026-02-16T11:05:52.7855385Z 
build (20.x)	Unit Tests	2026-02-16T11:05:52.7855472Z Expected to contain: "5"
build (20.x)	Unit Tests	2026-02-16T11:05:52.7855700Z Received: ""
build (20.x)	Unit Tests	2026-02-16T11:05:52.7855807Z 
build (20.x)	Unit Tests	2026-02-16T11:05:52.7856033Z       at <anonymous> (/home/runner/work/isol8/isol8/tests/unit/build.test.ts:1253:20)
build (20.x)	Unit Tests	2026-02-16T11:05:52.7856371Z 
build (20.x)	Unit Tests	2026-02-16T11:05:52.7857734Z ##[error]Expected to contain: "5"
build (20.x)	Unit Tests	Received: ""
build (20.x)	Unit Tests	
build (20.x)	Unit Tests	      at <anonymous> (/home/runner/work/isol8/isol8/tests/unit/build.test.ts:1253:20)
build (20.x)	Unit Tests	2026-02-16T11:05:52.7859612Z (fail) CLI run command > --tmp-size is accepted as a flag [342.00ms]
build (20.x)	Unit Tests	2026-02-16T11:05:53.1141789Z (pass) CLI run command > --debug enables debug logging output [329.00ms]
build (20.x)	Unit Tests	2026-02-16T11:05:53.4424576Z (pass) CLI run command > without --debug, no debug output appears [328.00ms]
build (20.x)	Unit Tests	2026-02-16T11:05:53.7609211Z 1293 |       }
build (20.x)	Unit Tests	2026-02-16T11:05:53.7609626Z 1294 |     }
build (20.x)	Unit Tests	2026-02-16T11:05:53.7610023Z 1295 |     await new Promise((resolve) => {
build (20.x)	Unit Tests	2026-02-16T11:05:53.7610489Z 1296 |       proc.on("exit", resolve);
build (20.x)	Unit Tests	2026-02-16T11:05:53.7610758Z 1297 |     });
build (20.x)	Unit Tests	2026-02-16T11:05:53.7611000Z 1298 |     expect(stdout).toContain("persist-test");
build (20.x)	Unit Tests	2026-02-16T11:05:53.7611300Z                           ^
build (20.x)	Unit Tests	2026-02-16T11:05:53.7611550Z error: expect(received).toContain(expected)
build (20.x)	Unit Tests	2026-02-16T11:05:53.7611743Z 
build (20.x)	Unit Tests	2026-02-16T11:05:53.7611847Z Expected to contain: "persist-test"
build (20.x)	Unit Tests	2026-02-16T11:05:53.7612089Z Received: ""
build (20.x)	Unit Tests	2026-02-16T11:05:53.7612201Z 
build (20.x)	Unit Tests	2026-02-16T11:05:53.7612421Z       at <anonymous> (/home/runner/work/isol8/isol8/tests/unit/build.test.ts:1298:20)
build (20.x)	Unit Tests	2026-02-16T11:05:53.7612744Z 
build (20.x)	Unit Tests	2026-02-16T11:05:53.7614179Z ##[error]Expected to contain: "persist-test"
build (20.x)	Unit Tests	Received: ""
build (20.x)	Unit Tests	
build (20.x)	Unit Tests	      at <anonymous> (/home/runner/work/isol8/isol8/tests/unit/build.test.ts:1298:20)
build (20.x)	Unit Tests	2026-02-16T11:05:53.7616022Z (fail) CLI run command > --persist keeps container running after execution [319.00ms]
build (20.x)	Unit Tests	2026-02-16T11:05:54.0952751Z 1322 |     // In persistent mode, the container should be created and reusable.
build (20.x)	Unit Tests	2026-02-16T11:05:54.0953980Z 1323 |     // We just test that the flag is accepted and execution works.
build (20.x)	Unit Tests	2026-02-16T11:05:54.0954568Z 1324 |     const { stdout } = await runCLI(
build (20.x)	Unit Tests	2026-02-16T11:05:54.0955202Z 1325 |       "run -e \"print('persistent-mode')\" -r python --persistent --no-stream"
build (20.x)	Unit Tests	2026-02-16T11:05:54.0955854Z 1326 |     );
build (20.x)	Unit Tests	2026-02-16T11:05:54.0956234Z 1327 |     expect(stdout).toContain("persistent-mode");
build (20.x)	Unit Tests	2026-02-16T11:05:54.0956694Z                           ^
build (20.x)	Unit Tests	2026-02-16T11:05:54.0957091Z error: expect(received).toContain(expected)
build (20.x)	Unit Tests	2026-02-16T11:05:54.0957414Z 
build (20.x)	Unit Tests	2026-02-16T11:05:54.0957581Z Expected to contain: "persistent-mode"
build (20.x)	Unit Tests	2026-02-16T11:05:54.0958233Z Received: ""
build (20.x)	Unit Tests	2026-02-16T11:05:54.0958428Z 
build (20.x)	Unit Tests	2026-02-16T11:05:54.0958727Z       at <anonymous> (/home/runner/work/isol8/isol8/tests/unit/build.test.ts:1327:20)
build (20.x)	Unit Tests	2026-02-16T11:05:54.0959074Z 
build (20.x)	Unit Tests	2026-02-16T11:05:54.0960535Z ##[error]Expected to contain: "persistent-mode"
build (20.x)	Unit Tests	Received: ""
build (20.x)	Unit Tests	
build (20.x)	Unit Tests	      at <anonymous> (/home/runner/work/isol8/isol8/tests/unit/build.test.ts:1327:20)
build (20.x)	Unit Tests	2026-02-16T11:05:54.0962398Z (fail) CLI run command > --persistent sets persistent container mode [334.00ms]
build (20.x)	Unit Tests	2026-02-16T11:05:54.4342235Z 1330 |   // ââ --image ââââââââââââââââââââââââââââââââââââââââââââââââââââ
build (20.x)	Unit Tests	2026-02-16T11:05:54.4342899Z 1331 | 
build (20.x)	Unit Tests	2026-02-16T11:05:54.4343309Z 1332 |   test("--image overrides the Docker image", async () => {
build (20.x)	Unit Tests	2026-02-16T11:05:54.4343902Z 1333 |     // Use the standard isol8:python image explicitly
build (20.x)	Unit Tests	2026-02-16T11:05:54.4344742Z 1334 |     const { stdout } = await runCLI('run -e "print(6)" -r python --image isol8:python --no-stream');
build (20.x)	Unit Tests	2026-02-16T11:05:54.4345499Z 1335 |     expect(stdout).toContain("6");
build (20.x)	Unit Tests	2026-02-16T11:05:54.4345920Z                           ^
build (20.x)	Unit Tests	2026-02-16T11:05:54.4346366Z error: expect(received).toContain(expected)
build (20.x)	Unit Tests	2026-02-16T11:05:54.4346703Z 
build (20.x)	Unit Tests	2026-02-16T11:05:54.4346834Z Expected to contain: "6"
build (20.x)	Unit Tests	2026-02-16T11:05:54.4347213Z Received: ""
build (20.x)	Unit Tests	2026-02-16T11:05:54.4347328Z 
build (20.x)	Unit Tests	2026-02-16T11:05:54.4347552Z       at <anonymous> (/home/runner/work/isol8/isol8/tests/unit/build.test.ts:1335:20)
build (20.x)	Unit Tests	2026-02-16T11:05:54.4348424Z 
build (20.x)	Unit Tests	2026-02-16T11:05:54.4350467Z ##[error]Expected to contain: "6"
build (20.x)	Unit Tests	Received: ""
build (20.x)	Unit Tests	
build (20.x)	Unit Tests	      at <anonymous> (/home/runner/work/isol8/isol8/tests/unit/build.test.ts:1335:20)
build (20.x)	Unit Tests	2026-02-16T11:05:54.4352437Z (fail) CLI run command > --image overrides the Docker image [339.00ms]
build (20.x)	Unit Tests	2026-02-16T11:05:54.7576578Z 1339 | 
build (20.x)	Unit Tests	2026-02-16T11:05:54.7577167Z 1340 |   test("--stdin flag pipes data to execution", async () => {
build (20.x)	Unit Tests	2026-02-16T11:05:54.7577968Z 1341 |     const { stdout } = await runCLI(
build (20.x)	Unit Tests	2026-02-16T11:05:54.7578656Z 1342 |       'run -e "import sys; print(sys.stdin.read())" -r python --stdin "hello-stdin" --no-stream'
build (20.x)	Unit Tests	2026-02-16T11:05:54.7579127Z 1343 |     );
build (20.x)	Unit Tests	2026-02-16T11:05:54.7579352Z 1344 |     expect(stdout).toContain("hello-stdin");
build (20.x)	Unit Tests	2026-02-16T11:05:54.7579680Z                           ^
build (20.x)	Unit Tests	2026-02-16T11:05:54.7579927Z error: expect(received).toContain(expected)
build (20.x)	Unit Tests	2026-02-16T11:05:54.7580126Z 
build (20.x)	Unit Tests	2026-02-16T11:05:54.7580224Z Expected to contain: "hello-stdin"
build (20.x)	Unit Tests	2026-02-16T11:05:54.7580488Z Received: ""
build (20.x)	Unit Tests	2026-02-16T11:05:54.7580596Z 
build (20.x)	Unit Tests	2026-02-16T11:05:54.7580830Z       at <anonymous> (/home/runner/work/isol8/isol8/tests/unit/build.test.ts:1344:20)
build (20.x)	Unit Tests	2026-02-16T11:05:54.7581171Z 
build (20.x)	Unit Tests	2026-02-16T11:05:54.7583788Z ##[error]Expected to contain: "hello-stdin"
build (20.x)	Unit Tests	Received: ""
build (20.x)	Unit Tests	
build (20.x)	Unit Tests	      at <anonymous> (/home/runner/work/isol8/isol8/tests/unit/build.test.ts:1344:20)
build (20.x)	Unit Tests	2026-02-16T11:05:54.7585841Z (fail) CLI run command > --stdin flag pipes data to execution [323.00ms]
build (20.x)	Unit Tests	2026-02-16T11:05:55.0979476Z 1350 |     const { stdout } = await runCLI(
build (20.x)	Unit Tests	2026-02-16T11:05:55.0980165Z 1351 |       'run -e "import requests; print(requests.__version__)" -r python --install requests --net host --no-stream',
build (20.x)	Unit Tests	2026-02-16T11:05:55.0980717Z 1352 |       { timeout: 120_000 }
build (20.x)	Unit Tests	2026-02-16T11:05:55.0981229Z 1353 |     );
build (20.x)	Unit Tests	2026-02-16T11:05:55.0981442Z 1354 |     // Should print a version number
build (20.x)	Unit Tests	2026-02-16T11:05:55.0981745Z 1355 |     expect(stdout).toMatch(/\d+\.\d+/);
build (20.x)	Unit Tests	2026-02-16T11:05:55.0982018Z                           ^
build (20.x)	Unit Tests	2026-02-16T11:05:55.0982567Z error: expect(received).toMatch(expected)
build (20.x)	Unit Tests	2026-02-16T11:05:55.0982832Z 
build (20.x)	Unit Tests	2026-02-16T11:05:55.0982978Z Expected substring or pattern: /\d+\.\d+/
build (20.x)	Unit Tests	2026-02-16T11:05:55.0983314Z Received: ""
build (20.x)	Unit Tests	2026-02-16T11:05:55.0983624Z 
build (20.x)	Unit Tests	2026-02-16T11:05:55.0983887Z       at <anonymous> (/home/runner/work/isol8/isol8/tests/unit/build.test.ts:1355:20)
build (20.x)	Unit Tests	2026-02-16T11:05:55.0984298Z 
build (20.x)	Unit Tests	2026-02-16T11:05:55.0986647Z ##[error]Expected substring or pattern: /\d+\.\d+/
build (20.x)	Unit Tests	Received: ""
build (20.x)	Unit Tests	
build (20.x)	Unit Tests	      at <anonymous> (/home/runner/work/isol8/isol8/tests/unit/build.test.ts:1355:20)
build (20.x)	Unit Tests	2026-02-16T11:05:55.0988755Z (fail) CLI run command > --install installs a package before execution [341.00ms]
build (20.x)	Unit Tests	2026-02-16T11:05:55.5030930Z (pass) CLI run command > --allow and --deny are accepted with --net filtered [405.00ms]
build (20.x)	Unit Tests	2026-02-16T11:05:55.6866545Z (pass) CLI run command > --host without --key and no ISOL8_API_KEY exits 1 [183.00ms]
build (20.x)	Unit Tests	2026-02-16T11:05:56.0066452Z 1409 |       { cwd: ROOT }
build (20.x)	Unit Tests	2026-02-16T11:05:56.0066936Z 1410 |     );
build (20.x)	Unit Tests	2026-02-16T11:05:56.0067397Z 1411 |     const exitCode = await new Promise((resolve) => {
build (20.x)	Unit Tests	2026-02-16T11:05:56.0068050Z 1412 |       proc.on("exit", resolve);
build (20.x)	Unit Tests	2026-02-16T11:05:56.0068336Z 1413 |     });
build (20.x)	Unit Tests	2026-02-16T11:05:56.0068541Z 1414 |     expect(exitCode).toBe(42);
build (20.x)	Unit Tests	2026-02-16T11:05:56.0068795Z                             ^
build (20.x)	Unit Tests	2026-02-16T11:05:56.0069046Z error: expect(received).toBe(expected)
build (20.x)	Unit Tests	2026-02-16T11:05:56.0069230Z 
build (20.x)	Unit Tests	2026-02-16T11:05:56.0069316Z Expected: 42
build (20.x)	Unit Tests	2026-02-16T11:05:56.0069498Z Received: 0
build (20.x)	Unit Tests	2026-02-16T11:05:56.0069605Z 
build (20.x)	Unit Tests	2026-02-16T11:05:56.0069830Z       at <anonymous> (/home/runner/work/isol8/isol8/tests/unit/build.test.ts:1414:22)
build (20.x)	Unit Tests	2026-02-16T11:05:56.0070154Z 
build (20.x)	Unit Tests	2026-02-16T11:05:56.0071346Z ##[error]Expected: 42
build (20.x)	Unit Tests	Received: 0
build (20.x)	Unit Tests	
build (20.x)	Unit Tests	      at <anonymous> (/home/runner/work/isol8/isol8/tests/unit/build.test.ts:1414:22)
build (20.x)	Unit Tests	2026-02-16T11:05:56.0072546Z (fail) CLI run command > exit code is propagated from executed code [320.00ms]
build (20.x)	Unit Tests	2026-02-16T11:05:56.3428916Z (pass) CLI run command > exit code 0 for successful execution [336.00ms]
build (20.x)	Unit Tests	2026-02-16T11:05:56.6786346Z 1435 |       bash: 'echo "rt-bash"',
build (20.x)	Unit Tests	2026-02-16T11:05:56.6786894Z 1436 |     };
build (20.x)	Unit Tests	2026-02-16T11:05:56.6787203Z 1437 | 
build (20.x)	Unit Tests	2026-02-16T11:05:56.6787635Z 1438 |     test(`runtime ${rt} works in built CLI`, async () => {
build (20.x)	Unit Tests	2026-02-16T11:05:56.6788685Z 1439 |       const { stdout } = await runCLI(`run -e '${codeMap[rt]}' -r ${rt} --no-stream`);
build (20.x)	Unit Tests	2026-02-16T11:05:56.6789483Z 1440 |       expect(stdout).toContain(`rt-${rt}`);
build (20.x)	Unit Tests	2026-02-16T11:05:56.6790021Z                             ^
build (20.x)	Unit Tests	2026-02-16T11:05:56.6790467Z error: expect(received).toContain(expected)
build (20.x)	Unit Tests	2026-02-16T11:05:56.6790842Z 
build (20.x)	Unit Tests	2026-02-16T11:05:56.6791019Z Expected to contain: "rt-python"
build (20.x)	Unit Tests	2026-02-16T11:05:56.6791409Z Received: ""
build (20.x)	Unit Tests	2026-02-16T11:05:56.6791628Z 
build (20.x)	Unit Tests	2026-02-16T11:05:56.6792004Z       at <anonymous> (/home/runner/work/isol8/isol8/tests/unit/build.test.ts:1440:22)
build (20.x)	Unit Tests	2026-02-16T11:05:56.6792546Z 
build (20.x)	Unit Tests	2026-02-16T11:05:56.6794675Z ##[error]Expected to contain: "rt-python"
build (20.x)	Unit Tests	Received: ""
build (20.x)	Unit Tests	
build (20.x)	Unit Tests	      at <anonymous> (/home/runner/work/isol8/isol8/tests/unit/build.test.ts:1440:22)
build (20.x)	Unit Tests	2026-02-16T11:05:56.6796542Z (fail) CLI run command > runtime python works in built CLI [336.00ms]
build (20.x)	Unit Tests	2026-02-16T11:05:57.0106843Z 1435 |       bash: 'echo "rt-bash"',
build (20.x)	Unit Tests	2026-02-16T11:05:57.0107303Z 1436 |     };
build (20.x)	Unit Tests	2026-02-16T11:05:57.0107504Z 1437 | 
build (20.x)	Unit Tests	2026-02-16T11:05:57.0108001Z 1438 |     test(`runtime ${rt} works in built CLI`, async () => {
build (20.x)	Unit Tests	2026-02-16T11:05:57.0108665Z 1439 |       const { stdout } = await runCLI(`run -e '${codeMap[rt]}' -r ${rt} --no-stream`);
build (20.x)	Unit Tests	2026-02-16T11:05:57.0109152Z 1440 |       expect(stdout).toContain(`rt-${rt}`);
build (20.x)	Unit Tests	2026-02-16T11:05:57.0109445Z                             ^
build (20.x)	Unit Tests	2026-02-16T11:05:57.0109713Z error: expect(received).toContain(expected)
build (20.x)	Unit Tests	2026-02-16T11:05:57.0109922Z 
build (20.x)	Unit Tests	2026-02-16T11:05:57.0110385Z Expected to contain: "rt-node"
build (20.x)	Unit Tests	2026-02-16T11:05:57.0110627Z Received: ""
build (20.x)	Unit Tests	2026-02-16T11:05:57.0110825Z 
build (20.x)	Unit Tests	2026-02-16T11:05:57.0111202Z       at <anonymous> (/home/runner/work/isol8/isol8/tests/unit/build.test.ts:1440:22)
build (20.x)	Unit Tests	2026-02-16T11:05:57.0112003Z 
build (20.x)	Unit Tests	2026-02-16T11:05:57.0113655Z ##[error]Expected to contain: "rt-node"
build (20.x)	Unit Tests	Received: ""
build (20.x)	Unit Tests	
build (20.x)	Unit Tests	      at <anonymous> (/home/runner/work/isol8/isol8/tests/unit/build.test.ts:1440:22)
build (20.x)	Unit Tests	2026-02-16T11:05:57.0115499Z (fail) CLI run command > runtime node works in built CLI [332.00ms]
build (20.x)	Unit Tests	2026-02-16T11:05:57.3456198Z 1435 |       bash: 'echo "rt-bash"',
build (20.x)	Unit Tests	2026-02-16T11:05:57.3456583Z 1436 |     };
build (20.x)	Unit Tests	2026-02-16T11:05:57.3456777Z 1437 | 
build (20.x)	Unit Tests	2026-02-16T11:05:57.3457024Z 1438 |     test(`runtime ${rt} works in built CLI`, async () => {
build (20.x)	Unit Tests	2026-02-16T11:05:57.3457517Z 1439 |       const { stdout } = await runCLI(`run -e '${codeMap[rt]}' -r ${rt} --no-stream`);
build (20.x)	Unit Tests	2026-02-16T11:05:57.3458228Z 1440 |       expect(stdout).toContain(`rt-${rt}`);
build (20.x)	Unit Tests	2026-02-16T11:05:57.3458527Z                             ^
build (20.x)	Unit Tests	2026-02-16T11:05:57.3458822Z error: expect(received).toContain(expected)
build (20.x)	Unit Tests	2026-02-16T11:05:57.3459031Z 
build (20.x)	Unit Tests	2026-02-16T11:05:57.3459124Z Expected to contain: "rt-bun"
build (20.x)	Unit Tests	2026-02-16T11:05:57.3459356Z Received: ""
build (20.x)	Unit Tests	2026-02-16T11:05:57.3459461Z 
build (20.x)	Unit Tests	2026-02-16T11:05:57.3459691Z       at <anonymous> (/home/runner/work/isol8/isol8/tests/unit/build.test.ts:1440:22)
build (20.x)	Unit Tests	2026-02-16T11:05:57.3460025Z 
build (20.x)	Unit Tests	2026-02-16T11:05:57.3461338Z ##[error]Expected to contain: "rt-bun"
build (20.x)	Unit Tests	Received: ""
build (20.x)	Unit Tests	
build (20.x)	Unit Tests	      at <anonymous> (/home/runner/work/isol8/isol8/tests/unit/build.test.ts:1440:22)
build (20.x)	Unit Tests	2026-02-16T11:05:57.3462535Z (fail) CLI run command > runtime bun works in built CLI [335.00ms]
build (20.x)	Unit Tests	2026-02-16T11:05:57.6967440Z 1435 |       bash: 'echo "rt-bash"',
build (20.x)	Unit Tests	2026-02-16T11:05:57.6968134Z 1436 |     };
build (20.x)	Unit Tests	2026-02-16T11:05:57.6968425Z 1437 | 
build (20.x)	Unit Tests	2026-02-16T11:05:57.6968823Z 1438 |     test(`runtime ${rt} works in built CLI`, async () => {
build (20.x)	Unit Tests	2026-02-16T11:05:57.6969604Z 1439 |       const { stdout } = await runCLI(`run -e '${codeMap[rt]}' -r ${rt} --no-stream`);
build (20.x)	Unit Tests	2026-02-16T11:05:57.6970393Z 1440 |       expect(stdout).toContain(`rt-${rt}`);
build (20.x)	Unit Tests	2026-02-16T11:05:57.6970861Z                             ^
build (20.x)	Unit Tests	2026-02-16T11:05:57.6971284Z error: expect(received).toContain(expected)
build (20.x)	Unit Tests	2026-02-16T11:05:57.6971536Z 
build (20.x)	Unit Tests	2026-02-16T11:05:57.6971660Z Expected to contain: "rt-deno"
build (20.x)	Unit Tests	2026-02-16T11:05:57.6971903Z Received: ""
build (20.x)	Unit Tests	2026-02-16T11:05:57.6972025Z 
build (20.x)	Unit Tests	2026-02-16T11:05:57.6972248Z       at <anonymous> (/home/runner/work/isol8/isol8/tests/unit/build.test.ts:1440:22)
build (20.x)	Unit Tests	2026-02-16T11:05:57.6972579Z 
build (20.x)	Unit Tests	2026-02-16T11:05:57.6974390Z ##[error]Expected to contain: "rt-deno"
build (20.x)	Unit Tests	Received: ""
build (20.x)	Unit Tests	
build (20.x)	Unit Tests	      at <anonymous> (/home/runner/work/isol8/isol8/tests/unit/build.test.ts:1440:22)
build (20.x)	Unit Tests	2026-02-16T11:05:57.6976483Z (fail) CLI run command > runtime deno works in built CLI [351.00ms]
build (20.x)	Unit Tests	2026-02-16T11:05:58.0276023Z 1435 |       bash: 'echo "rt-bash"',
build (20.x)	Unit Tests	2026-02-16T11:05:58.0276565Z 1436 |     };
build (20.x)	Unit Tests	2026-02-16T11:05:58.0276877Z 1437 | 
build (20.x)	Unit Tests	2026-02-16T11:05:58.0277302Z 1438 |     test(`runtime ${rt} works in built CLI`, async () => {
build (20.x)	Unit Tests	2026-02-16T11:05:58.0278345Z 1439 |       const { stdout } = await runCLI(`run -e '${codeMap[rt]}' -r ${rt} --no-stream`);
build (20.x)	Unit Tests	2026-02-16T11:05:58.0279112Z 1440 |       expect(stdout).toContain(`rt-${rt}`);
build (20.x)	Unit Tests	2026-02-16T11:05:58.0279614Z                             ^
build (20.x)	Unit Tests	2026-02-16T11:05:58.0279902Z error: expect(received).toContain(expected)
build (20.x)	Unit Tests	2026-02-16T11:05:58.0280121Z 
build (20.x)	Unit Tests	2026-02-16T11:05:58.0280218Z Expected to contain: "rt-bash"
build (20.x)	Unit Tests	2026-02-16T11:05:58.0280461Z Received: ""
build (20.x)	Unit Tests	2026-02-16T11:05:58.0280572Z 
build (20.x)	Unit Tests	2026-02-16T11:05:58.0280811Z       at <anonymous> (/home/runner/work/isol8/isol8/tests/unit/build.test.ts:1440:22)
build (20.x)	Unit Tests	2026-02-16T11:05:58.0281155Z 
build (20.x)	Unit Tests	2026-02-16T11:05:58.0282516Z ##[error]Expected to contain: "rt-bash"
build (20.x)	Unit Tests	Received: ""
build (20.x)	Unit Tests	
build (20.x)	Unit Tests	      at <anonymous> (/home/runner/work/isol8/isol8/tests/unit/build.test.ts:1440:22)
build (20.x)	Unit Tests	2026-02-16T11:05:58.0283727Z (fail) CLI run command > runtime bash works in built CLI [331.00ms]
build (20.x)	Unit Tests	2026-02-16T11:05:59.0004179Z (pass) CLI setup command > setup completes without ENOENT (Dockerfile path resolution) [973.01ms]
build (20.x)	Unit Tests	2026-02-16T11:05:59.9783786Z (pass) CLI setup command > setup detects Docker is running [978.01ms]
build (20.x)	Unit Tests	2026-02-16T11:06:00.1984444Z (pass) CLI cleanup command > cleanup --force exits 0 [220.00ms]
build (20.x)	Unit Tests	2026-02-16T11:06:00.2120355Z (pass) library bundle > all value exports are importable [14.00ms]
build (20.x)	Unit Tests	2026-02-16T11:06:00.2121932Z (pass) library bundle > VERSION matches package.json version
build (20.x)	Unit Tests	2026-02-16T11:06:00.2125283Z (pass) library bundle > RuntimeRegistry.list() returns 5 adapters
build (20.x)	Unit Tests	2026-02-16T11:06:00.2127387Z (pass) library bundle > RuntimeRegistry.get() returns correct adapters
build (20.x)	Unit Tests	2026-02-16T11:06:00.2129550Z (pass) library bundle > RuntimeRegistry.get() throws on unknown runtime [1.00ms]
build (20.x)	Unit Tests	2026-02-16T11:06:00.2131543Z (pass) library bundle > RuntimeRegistry.detect() resolves file extensions
build (20.x)	Unit Tests	2026-02-16T11:06:00.2135755Z (pass) library bundle > loadConfig() returns valid defaults from built bundle
build (20.x)	Unit Tests	2026-02-16T11:06:00.2138960Z (pass) library bundle > DockerIsol8 is constructable [1.00ms]
build (20.x)	Unit Tests	2026-02-16T11:06:00.2140818Z (pass) library bundle > RemoteIsol8 is constructable
build (20.x)	Unit Tests	2026-02-16T11:06:00.2144356Z (pass) library bundle > adapter objects have correct interface
build (20.x)	Unit Tests	2026-02-16T11:06:00.2145099Z (pass) library bundle > createServer is a function
build (20.x)	Unit Tests	2026-02-16T11:06:00.2164436Z 
build (20.x)	Unit Tests	2026-02-16T11:06:00.2165898Z ##[endgroup]
build (20.x)	Unit Tests	2026-02-16T11:06:00.2166150Z 
build (20.x)	Unit Tests	2026-02-16T11:06:00.2166600Z ##[group]tests/unit/config.test.ts:
build (20.x)	Unit Tests	2026-02-16T11:06:00.2184770Z (pass) loadConfig > returns defaults when no config file exists
build (20.x)	Unit Tests	2026-02-16T11:06:00.2187949Z (pass) loadConfig > loads config from CWD
build (20.x)	Unit Tests	2026-02-16T11:06:00.2188551Z (pass) loadConfig > cleanup.autoPrune defaults to true
build (20.x)	Unit Tests	2026-02-16T11:06:00.2189121Z (pass) loadConfig > debug defaults to false
build (20.x)	Unit Tests	2026-02-16T11:06:00.2191475Z (pass) loadConfig > merging preserves cleanup.autoPrune and debug when not overridden
build (20.x)	Unit Tests	2026-02-16T11:06:00.2193936Z (pass) loadConfig > cleanup.autoPrune can be overridden to false
build (20.x)	Unit Tests	2026-02-16T11:06:00.2196041Z (pass) loadConfig > debug can be overridden to true
build (20.x)	Unit Tests	2026-02-16T11:06:00.2198839Z (pass) loadConfig > merges dependencies from config [1.00ms]
build (20.x)	Unit Tests	2026-02-16T11:06:00.2199287Z 
build (20.x)	Unit Tests	2026-02-16T11:06:00.2199669Z ##[endgroup]
build (20.x)	Unit Tests	2026-02-16T11:06:00.2199847Z 
build (20.x)	Unit Tests	2026-02-16T11:06:00.2200230Z ##[group]tests/unit/registry.test.ts:
build (20.x)	Unit Tests	2026-02-16T11:06:00.2214764Z (pass) RuntimeRegistry > gets adapter by name
build (20.x)	Unit Tests	2026-02-16T11:06:00.2215768Z (pass) RuntimeRegistry > throws on unknown runtime
build (20.x)	Unit Tests	2026-02-16T11:06:00.2216511Z (pass) RuntimeRegistry > detects runtime from filename
build (20.x)	Unit Tests	2026-02-16T11:06:00.2217281Z (pass) RuntimeRegistry > throws on unknown extension
build (20.x)	Unit Tests	2026-02-16T11:06:00.2218124Z (pass) RuntimeRegistry > lists all registered adapters
build (20.x)	Unit Tests	2026-02-16T11:06:00.2219051Z (pass) RuntimeRegistry > python adapter generates correct commands [1.00ms]
build (20.x)	Unit Tests	2026-02-16T11:06:00.2219850Z (pass) RuntimeRegistry > node adapter generates correct commands
build (20.x)	Unit Tests	2026-02-16T11:06:00.2220306Z 
build (20.x)	Unit Tests	2026-02-16T11:06:00.2220688Z ##[endgroup]
build (20.x)	Unit Tests	2026-02-16T11:06:00.2220814Z 
build (20.x)	Unit Tests	2026-02-16T11:06:00.2221075Z ##[group]tests/unit/engine-options.test.ts:
build (20.x)	Unit Tests	2026-02-16T11:06:00.2263433Z (pass) DockerIsol8 engine options > persist option > defaults to false (engine accepts default without error)
build (20.x)	Unit Tests	2026-02-16T11:06:00.2264623Z (pass) DockerIsol8 engine options > persist option > persist: true is accepted by the engine
build (20.x)	Unit Tests	2026-02-16T11:06:00.2265776Z (pass) DockerIsol8 engine options > debug option > debug: false does not enable logger debug mode
build (20.x)	Unit Tests	2026-02-16T11:06:00.2266820Z (pass) DockerIsol8 engine options > debug option > debug: true enables logger debug mode
build (20.x)	Unit Tests	2026-02-16T11:06:00.2267985Z (pass) DockerIsol8 engine options > debug option > debug defaults to false when not specified
build (20.x)	Unit Tests	2026-02-16T11:06:00.2269295Z (pass) DockerIsol8 engine options > persist + debug interaction > persist: true with debug: false still accepts the option without error
build (20.x)	Unit Tests	2026-02-16T11:06:00.2270754Z (pass) DockerIsol8 engine options > persist + debug interaction > persist: false with debug: true enables logging but still cleans up containers [1.00ms]
build (20.x)	Unit Tests	2026-02-16T11:06:00.2271653Z (pass) DockerIsol8 engine options > persist + debug interaction > both persist and debug can be set together
build (20.x)	Unit Tests	2026-02-16T11:06:00.2272340Z 
build (20.x)	Unit Tests	2026-02-16T11:06:00.2272593Z ##[endgroup]
build (20.x)	Unit Tests	2026-02-16T11:06:00.2272698Z 
build (20.x)	Unit Tests	2026-02-16T11:06:00.2272929Z ##[group]tests/unit/pool.test.ts:
build (20.x)	Unit Tests	2026-02-16T11:06:00.2283776Z (pass) ContainerPool > acquires new container when pool is empty
build (20.x)	Unit Tests	2026-02-16T11:06:00.2289372Z (pass) ContainerPool > releases container back to pool [1.00ms]
build (20.x)	Unit Tests	2026-02-16T11:06:00.2291791Z (pass) ContainerPool > destroys container when pool is full
build (20.x)	Unit Tests	2026-02-16T11:06:00.2293296Z (pass) ContainerPool > cleans sandbox on release
build (20.x)	Unit Tests	2026-02-16T11:06:00.2296924Z (pass) ContainerPool > drains pool
build (20.x)	Unit Tests	2026-02-16T11:06:00.2297941Z 
build (20.x)	Unit Tests	2026-02-16T11:06:00.2298359Z ##[endgroup]
build (20.x)	Unit Tests	2026-02-16T11:06:00.2298664Z 
build (20.x)	Unit Tests	2026-02-16T11:06:00.2298975Z 30 tests failed:
build (20.x)	Unit Tests	2026-02-16T11:06:00.2299478Z (fail) CLI run command > inline Python execution with -e [342.00ms]
build (20.x)	Unit Tests	2026-02-16T11:06:00.2300275Z (fail) CLI run command > inline execution with explicit runtime -r node [350.00ms]
build (20.x)	Unit Tests	2026-02-16T11:06:00.2301044Z (fail) CLI run command > inline bash execution [325.00ms]
build (20.x)	Unit Tests	2026-02-16T11:06:00.2301765Z (fail) CLI run command > default runtime is Python when no -r specified [330.00ms]
build (20.x)	Unit Tests	2026-02-16T11:06:00.2302675Z (fail) CLI run command > file-based execution with auto-detected runtime (.py) [326.00ms]
build (20.x)	Unit Tests	2026-02-16T11:06:00.2303563Z (fail) CLI run command > file-based execution with .sh extension [322.00ms]
build (20.x)	Unit Tests	2026-02-16T11:06:00.2304273Z (fail) CLI run command > stdin pipe execution [340.00ms]
build (20.x)	Unit Tests	2026-02-16T11:06:00.2304963Z (fail) CLI run command > streaming mode (default) outputs to stdout [331.00ms]
build (20.x)	Unit Tests	2026-02-16T11:06:00.2305724Z (fail) CLI run command > --no-stream disables streaming [323.00ms]
build (20.x)	Unit Tests	2026-02-16T11:06:00.2306510Z (fail) CLI run command > --out writes output to file (requires --no-stream) [327.00ms]
build (20.x)	Unit Tests	2026-02-16T11:06:00.2307303Z (fail) CLI run command > --memory is accepted as a flag [329.00ms]
build (20.x)	Unit Tests	2026-02-16T11:06:00.2308123Z (fail) CLI run command > --cpu is accepted as a flag [331.00ms]
build (20.x)	Unit Tests	2026-02-16T11:06:00.2308848Z (fail) CLI run command > --secret masks secret values in output [324.00ms]
build (20.x)	Unit Tests	2026-02-16T11:06:00.2309587Z (fail) CLI run command > --net none blocks network access [327.00ms]
build (20.x)	Unit Tests	2026-02-16T11:06:00.2310341Z (fail) CLI run command > --writable allows writing to root filesystem [327.00ms]
build (20.x)	Unit Tests	2026-02-16T11:06:00.2311129Z (fail) CLI run command > --pids-limit is accepted as a flag [333.00ms]
build (20.x)	Unit Tests	2026-02-16T11:06:00.2311865Z (fail) CLI run command > --max-output truncates large output [330.00ms]
build (20.x)	Unit Tests	2026-02-16T11:06:00.2312605Z (fail) CLI run command > --sandbox-size is accepted as a flag [328.00ms]
build (20.x)	Unit Tests	2026-02-16T11:06:00.2313329Z (fail) CLI run command > --tmp-size is accepted as a flag [342.00ms]
build (20.x)	Unit Tests	2026-02-16T11:06:00.2314158Z (fail) CLI run command > --persist keeps container running after execution [319.00ms]
build (20.x)	Unit Tests	2026-02-16T11:06:00.2315043Z (fail) CLI run command > --persistent sets persistent container mode [334.00ms]
build (20.x)	Unit Tests	2026-02-16T11:06:00.2315825Z (fail) CLI run command > --image overrides the Docker image [339.00ms]
build (20.x)	Unit Tests	2026-02-16T11:06:00.2316561Z (fail) CLI run command > --stdin flag pipes data to execution [323.00ms]
build (20.x)	Unit Tests	2026-02-16T11:06:00.2317351Z (fail) CLI run command > --install installs a package before execution [341.00ms]
build (20.x)	Unit Tests	2026-02-16T11:06:00.2318338Z (fail) CLI run command > exit code is propagated from executed code [320.00ms]
build (20.x)	Unit Tests	2026-02-16T11:06:00.2319112Z (fail) CLI run command > runtime python works in built CLI [336.00ms]
build (20.x)	Unit Tests	2026-02-16T11:06:00.2319763Z (fail) CLI run command > runtime node works in built CLI [332.00ms]
build (20.x)	Unit Tests	2026-02-16T11:06:00.2320384Z (fail) CLI run command > runtime bun works in built CLI [335.00ms]
build (20.x)	Unit Tests	2026-02-16T11:06:00.2321006Z (fail) CLI run command > runtime deno works in built CLI [351.00ms]
build (20.x)	Unit Tests	2026-02-16T11:06:00.2321631Z (fail) CLI run command > runtime bash works in built CLI [331.00ms]
build (20.x)	Unit Tests	2026-02-16T11:06:00.2322038Z 
build (20.x)	Unit Tests	2026-02-16T11:06:00.2322159Z  129 pass
build (20.x)	Unit Tests	2026-02-16T11:06:00.2322410Z  30 fail
build (20.x)	Unit Tests	2026-02-16T11:06:00.2322677Z  395 expect() calls
build (20.x)	Unit Tests	2026-02-16T11:06:00.2322997Z Ran 159 tests across 8 files. [24.10s]
build (20.x)	Unit Tests	2026-02-16T11:06:00.2395411Z ##[error]Process completed with exit code 1.
build (20.x)	Post Run actions/checkout@v3	ï»¿2026-02-16T11:06:00.2481051Z Post job cleanup.
build (20.x)	Post Run actions/checkout@v3	2026-02-16T11:06:00.3211854Z [command]/usr/bin/git version
build (20.x)	Post Run actions/checkout@v3	2026-02-16T11:06:00.3247397Z git version 2.52.0
build (20.x)	Post Run actions/checkout@v3	2026-02-16T11:06:00.3292517Z Temporarily overriding HOME='/home/runner/work/_temp/9ff8064a-7156-4810-a00e-d69793240f27' before making global git config changes
build (20.x)	Post Run actions/checkout@v3	2026-02-16T11:06:00.3293883Z Adding repository directory to the temporary git global config as a safe directory
build (20.x)	Post Run actions/checkout@v3	2026-02-16T11:06:00.3297404Z [command]/usr/bin/git config --global --add safe.directory /home/runner/work/isol8/isol8
build (20.x)	Post Run actions/checkout@v3	2026-02-16T11:06:00.3332648Z [command]/usr/bin/git config --local --name-only --get-regexp core\.sshCommand
build (20.x)	Post Run actions/checkout@v3	2026-02-16T11:06:00.3364254Z [command]/usr/bin/git submodule foreach --recursive sh -c "git config --local --name-only --get-regexp 'core\.sshCommand' && git config --local --unset-all 'core.sshCommand' || :"
build (20.x)	Post Run actions/checkout@v3	2026-02-16T11:06:00.3604645Z [command]/usr/bin/git config --local --name-only --get-regexp http\.https\:\/\/github\.com\/\.extraheader
build (20.x)	Post Run actions/checkout@v3	2026-02-16T11:06:00.3625963Z http.https://github.com/.extraheader
build (20.x)	Post Run actions/checkout@v3	2026-02-16T11:06:00.3637262Z [command]/usr/bin/git config --local --unset-all http.https://github.com/.extraheader
build (20.x)	Post Run actions/checkout@v3	2026-02-16T11:06:00.3668578Z [command]/usr/bin/git submodule foreach --recursive sh -c "git config --local --name-only --get-regexp 'http\.https\:\/\/github\.com\/\.extraheader' && git config --local --unset-all 'http.https://github.com/.extraheader' || :"
build (20.x)	Complete job	ï»¿2026-02-16T11:06:00.4019724Z Cleaning up orphan processes
